#
# There is insufficient memory for the Java Runtime Environment to continue.
# Native memory allocation (mmap) failed to map 65011712 bytes for G1 virtual space
# Possible reasons:
#   The system is out of physical RAM or swap space
#   The process is running with CompressedOops enabled, and the Java Heap may be blocking the growth of the native heap
# Possible solutions:
#   Reduce memory load on the system
#   Increase physical memory or swap space
#   Check if swap backing store is full
#   Decrease Java heap size (-Xmx/-Xms)
#   Decrease number of Java threads
#   Decrease Java thread stack sizes (-Xss)
#   Set larger code cache with -XX:ReservedCodeCacheSize=
#   JVM is running with Unscaled Compressed Oops mode in which the Java heap is
#     placed in the first 4GB address space. The Java Heap base address is the
#     maximum limit for the native heap growth. Please use -XX:HeapBaseMinAddress
#     to set the Java Heap base and to place the Java Heap above 4GB virtual address.
# This output file may be truncated or incomplete.
#
#  Out of Memory Error (os_windows.cpp:3825), pid=27268, tid=20156
#
# JRE version: OpenJDK Runtime Environment (17.0.10) (build 17.0.10+0--11609105)
# Java VM: OpenJDK 64-Bit Server VM (17.0.10+0--11609105, mixed mode, tiered, compressed oops, compressed class ptrs, g1 gc, windows-amd64)
# No core dump will be written. Minidumps are not enabled by default on client versions of Windows
#

---------------  S U M M A R Y ------------

Command Line: --add-opens=java.base/java.util=ALL-UNNAMED --add-opens=java.base/java.lang=ALL-UNNAMED --add-opens=java.base/java.lang.invoke=ALL-UNNAMED --add-opens=java.prefs/java.util.prefs=ALL-UNNAMED --add-opens=java.base/java.nio.charset=ALL-UNNAMED --add-opens=java.base/java.net=ALL-UNNAMED --add-opens=java.base/java.util.concurrent.atomic=ALL-UNNAMED -Xmx2048M -Dfile.encoding=UTF-8 -Duser.country=US -Duser.language=en -Duser.variant -javaagent:C:\Users\Hashem Arenat\.gradle\wrapper\dists\gradle-8.7-bin\bhs2wmbdwecv87pi65oeuq5iu\gradle-8.7\lib\agents\gradle-instrumentation-agent-8.7.jar org.gradle.launcher.daemon.bootstrap.GradleDaemon 8.7

Host: 12th Gen Intel(R) Core(TM) i7-12700H, 20 cores, 15G,  Windows 11 , 64 bit Build 22621 (10.0.22621.3958)
Time: Fri Nov  8 19:48:39 2024 Jerusalem Standard Time elapsed time: 4.026826 seconds (0d 0h 0m 4s)

---------------  T H R E A D  ---------------

Current thread (0x000001b27b23ec30):  VMThread "VM Thread" [stack: 0x0000004f90b00000,0x0000004f90c00000] [id=20156]

Stack: [0x0000004f90b00000,0x0000004f90c00000]
Native frames: (J=compiled Java code, j=interpreted, Vv=VM code, C=native code)
V  [jvm.dll+0x688de9]
V  [jvm.dll+0x8423da]
V  [jvm.dll+0x84401e]
V  [jvm.dll+0x844683]
V  [jvm.dll+0x24be0f]
V  [jvm.dll+0x685bb9]
V  [jvm.dll+0x67a46a]
V  [jvm.dll+0x30cbab]
V  [jvm.dll+0x314056]
V  [jvm.dll+0x363dce]
V  [jvm.dll+0x363fff]
V  [jvm.dll+0x2e2978]
V  [jvm.dll+0x2e0b54]
V  [jvm.dll+0x2e015c]
V  [jvm.dll+0x325351]
V  [jvm.dll+0x848d7b]
V  [jvm.dll+0x849ac1]
V  [jvm.dll+0x849fdd]
V  [jvm.dll+0x84a3b4]
V  [jvm.dll+0x84a480]
V  [jvm.dll+0x7f0c7a]
V  [jvm.dll+0x687c65]
C  [ucrtbase.dll+0x29333]
C  [KERNEL32.DLL+0x1257d]
C  [ntdll.dll+0x5af08]

VM_Operation (0x0000004f92af0b00): G1TryInitiateConcMark, mode: safepoint, requested by thread 0x000001b214ad7e60


---------------  P R O C E S S  ---------------

Threads class SMR info:
_java_thread_list=0x000001b21885bf30, length=84, elements={
0x000001b26f3bc6a0, 0x000001b27b304020, 0x000001b27b304ea0, 0x000001b27b3324b0,
0x000001b27b332fe0, 0x000001b27b336b20, 0x000001b27b3374e0, 0x000001b27b338280,
0x000001b27b338d30, 0x000001b27b33cc30, 0x000001b27b3e7760, 0x000001b27b414d50,
0x000001b27b415270, 0x000001b27b2c0130, 0x000001b27b5ccc00, 0x000001b21320ff10,
0x000001b214b587a0, 0x000001b21535e3d0, 0x000001b2154131a0, 0x000001b21578e0e0,
0x000001b21578e5c0, 0x000001b214ad6510, 0x000001b214ad7e60, 0x000001b214ad8370,
0x000001b214ad97b0, 0x000001b214ad6f30, 0x000001b214ad7440, 0x000001b214ad8880,
0x000001b214ad7950, 0x000001b214ad8d90, 0x000001b214ad6a20, 0x000001b214ad9cc0,
0x000001b215d33e50, 0x000001b215d306a0, 0x000001b215d315d0, 0x000001b215d30bb0,
0x000001b2138f7850, 0x000001b2154bd9c0, 0x000001b215b513b0, 0x000001b215d31ff0,
0x000001b215d310c0, 0x000001b215d33940, 0x000001b215d32500, 0x000001b215d32a10,
0x000001b215d32f20, 0x000001b215d33430, 0x000001b2166955b0, 0x000001b216695ac0,
0x000001b2166904b0, 0x000001b216692d30, 0x000001b216694b90, 0x000001b216693c60,
0x000001b216693240, 0x000001b216695fd0, 0x000001b216694170, 0x000001b21668f580,
0x000001b216694680, 0x000001b2166964e0, 0x000001b216692820, 0x000001b21668f070,
0x000001b2166950a0, 0x000001b2166969f0, 0x000001b21668fa90, 0x000001b216693750,
0x000001b21668ffa0, 0x000001b2166909c0, 0x000001b216692310, 0x000001b216690ed0,
0x000001b2166913e0, 0x000001b2166918f0, 0x000001b216691e00, 0x000001b218b17e80,
0x000001b218b18db0, 0x000001b218b1bb40, 0x000001b218b1f800, 0x000001b218b1deb0,
0x000001b218b1c560, 0x000001b218b19ce0, 0x000001b218b1ede0, 0x000001b218b1d9a0,
0x000001b218b1e3c0, 0x000001b218b197d0, 0x000001b218b1f2f0, 0x000001b218b1ac10
}

Java Threads: ( => current thread )
  0x000001b26f3bc6a0 JavaThread "main" [_thread_blocked, id=29216, stack(0x0000004f90500000,0x0000004f90600000)]
  0x000001b27b304020 JavaThread "Reference Handler" daemon [_thread_blocked, id=24268, stack(0x0000004f90c00000,0x0000004f90d00000)]
  0x000001b27b304ea0 JavaThread "Finalizer" daemon [_thread_blocked, id=25196, stack(0x0000004f90d00000,0x0000004f90e00000)]
  0x000001b27b3324b0 JavaThread "Signal Dispatcher" daemon [_thread_blocked, id=28120, stack(0x0000004f90e00000,0x0000004f90f00000)]
  0x000001b27b332fe0 JavaThread "Attach Listener" daemon [_thread_blocked, id=14152, stack(0x0000004f90f00000,0x0000004f91000000)]
  0x000001b27b336b20 JavaThread "Service Thread" daemon [_thread_blocked, id=11328, stack(0x0000004f91000000,0x0000004f91100000)]
  0x000001b27b3374e0 JavaThread "Monitor Deflation Thread" daemon [_thread_blocked, id=23476, stack(0x0000004f91100000,0x0000004f91200000)]
  0x000001b27b338280 JavaThread "C2 CompilerThread0" daemon [_thread_blocked, id=23264, stack(0x0000004f91200000,0x0000004f91300000)]
  0x000001b27b338d30 JavaThread "C1 CompilerThread0" daemon [_thread_blocked, id=3592, stack(0x0000004f91300000,0x0000004f91400000)]
  0x000001b27b33cc30 JavaThread "Sweeper thread" daemon [_thread_blocked, id=29368, stack(0x0000004f91400000,0x0000004f91500000)]
  0x000001b27b3e7760 JavaThread "Common-Cleaner" daemon [_thread_blocked, id=17996, stack(0x0000004f91500000,0x0000004f91600000)]
  0x000001b27b414d50 JavaThread "C1 CompilerThread1" daemon [_thread_blocked, id=29404, stack(0x0000004f91600000,0x0000004f91700000)]
  0x000001b27b415270 JavaThread "C1 CompilerThread2" daemon [_thread_blocked, id=28380, stack(0x0000004f91700000,0x0000004f91800000)]
  0x000001b27b2c0130 JavaThread "C1 CompilerThread3" daemon [_thread_blocked, id=23804, stack(0x0000004f91800000,0x0000004f91900000)]
  0x000001b27b5ccc00 JavaThread "Notification Thread" daemon [_thread_blocked, id=26100, stack(0x0000004f91900000,0x0000004f91a00000)]
  0x000001b21320ff10 JavaThread "C2 CompilerThread1" daemon [_thread_blocked, id=26996, stack(0x0000004f91b00000,0x0000004f91c00000)]
  0x000001b214b587a0 JavaThread "Daemon health stats" [_thread_blocked, id=25144, stack(0x0000004f92400000,0x0000004f92500000)]
  0x000001b21535e3d0 JavaThread "Incoming local TCP Connector on port 61522" [_thread_in_native, id=18584, stack(0x0000004f92500000,0x0000004f92600000)]
  0x000001b2154131a0 JavaThread "Daemon periodic checks" [_thread_blocked, id=20100, stack(0x0000004f92600000,0x0000004f92700000)]
  0x000001b21578e0e0 JavaThread "Daemon" [_thread_blocked, id=14796, stack(0x0000004f92700000,0x0000004f92800000)]
  0x000001b21578e5c0 JavaThread "Handler for socket connection from /127.0.0.1:61522 to /127.0.0.1:61523" [_thread_in_native, id=28852, stack(0x0000004f92800000,0x0000004f92900000)]
  0x000001b214ad6510 JavaThread "Cancel handler" [_thread_blocked, id=16132, stack(0x0000004f92900000,0x0000004f92a00000)]
  0x000001b214ad7e60 JavaThread "Daemon worker" [_thread_blocked, id=26980, stack(0x0000004f92a00000,0x0000004f92b00000)]
  0x000001b214ad8370 JavaThread "Asynchronous log dispatcher for DefaultDaemonConnection: socket connection from /127.0.0.1:61522 to /127.0.0.1:61523" [_thread_blocked, id=21400, stack(0x0000004f92b00000,0x0000004f92c00000)]
  0x000001b214ad97b0 JavaThread "Stdin handler" [_thread_blocked, id=27500, stack(0x0000004f92c00000,0x0000004f92d00000)]
  0x000001b214ad6f30 JavaThread "Daemon client event forwarder" [_thread_blocked, id=21344, stack(0x0000004f92d00000,0x0000004f92e00000)]
  0x000001b214ad7440 JavaThread "Cache worker for journal cache (C:\Users\Hashem Arenat\.gradle\caches\journal-1)" [_thread_blocked, id=22048, stack(0x0000004f91e00000,0x0000004f91f00000)]
  0x000001b214ad8880 JavaThread "File lock request listener" [_thread_in_native, id=27964, stack(0x0000004f93a00000,0x0000004f93b00000)]
  0x000001b214ad7950 JavaThread "Cache worker for file hash cache (C:\Users\Hashem Arenat\.gradle\caches\8.7\fileHashes)" [_thread_blocked, id=25592, stack(0x0000004f93b00000,0x0000004f93c00000)]
  0x000001b214ad8d90 JavaThread "Cache worker for file hash cache (C:\Users\Hashem Arenat\AndroidStudioProjects\ECommerce\.gradle\8.7\fileHashes)" [_thread_blocked, id=27592, stack(0x0000004f91d00000,0x0000004f91e00000)]
  0x000001b214ad6a20 JavaThread "File watcher server" daemon [_thread_in_native, id=14684, stack(0x0000004f93c00000,0x0000004f93d00000)]
  0x000001b214ad9cc0 JavaThread "File watcher consumer" daemon [_thread_blocked, id=4808, stack(0x0000004f93d00000,0x0000004f93e00000)]
  0x000001b215d33e50 JavaThread "Cache worker for checksums cache (C:\Users\Hashem Arenat\AndroidStudioProjects\ECommerce\.gradle\8.7\checksums)" [_thread_blocked, id=28204, stack(0x0000004f93e00000,0x0000004f93f00000)]
  0x000001b215d306a0 JavaThread "Cache worker for cache directory md-supplier (C:\Users\Hashem Arenat\.gradle\caches\8.7\md-supplier)" [_thread_blocked, id=23824, stack(0x0000004f93f00000,0x0000004f94000000)]
  0x000001b215d315d0 JavaThread "Cache worker for cache directory md-rule (C:\Users\Hashem Arenat\.gradle\caches\8.7\md-rule)" [_thread_blocked, id=13744, stack(0x0000004f94000000,0x0000004f94100000)]
  0x000001b215d30bb0 JavaThread "Cache worker for file content cache (C:\Users\Hashem Arenat\.gradle\caches\8.7\fileContent)" [_thread_blocked, id=10480, stack(0x0000004f91c00000,0x0000004f91d00000)]
  0x000001b2138f7850 JavaThread "C2 CompilerThread2" daemon [_thread_blocked, id=14044, stack(0x0000004f94100000,0x0000004f94200000)]
  0x000001b2154bd9c0 JavaThread "C2 CompilerThread3" daemon [_thread_blocked, id=10692, stack(0x0000004f94200000,0x0000004f94300000)]
  0x000001b215b513b0 JavaThread "C2 CompilerThread4" daemon [_thread_blocked, id=3968, stack(0x0000004f94300000,0x0000004f94400000)]
  0x000001b215d31ff0 JavaThread "Cache worker for Build Output Cleanup Cache (C:\Users\Hashem Arenat\AndroidStudioProjects\ECommerce\.gradle\buildOutputCleanup)" [_thread_blocked, id=13504, stack(0x0000004f94500000,0x0000004f94600000)]
  0x000001b215d310c0 JavaThread "Unconstrained build operations" [_thread_blocked, id=26392, stack(0x0000004f94400000,0x0000004f94500000)]
  0x000001b215d33940 JavaThread "Unconstrained build operations Thread 2" [_thread_blocked, id=2684, stack(0x0000004f94600000,0x0000004f94700000)]
  0x000001b215d32500 JavaThread "Unconstrained build operations Thread 3" [_thread_blocked, id=9168, stack(0x0000004f94700000,0x0000004f94800000)]
  0x000001b215d32a10 JavaThread "Unconstrained build operations Thread 4" [_thread_blocked, id=27424, stack(0x0000004f94800000,0x0000004f94900000)]
  0x000001b215d32f20 JavaThread "Unconstrained build operations Thread 5" [_thread_blocked, id=9264, stack(0x0000004f94900000,0x0000004f94a00000)]
  0x000001b215d33430 JavaThread "Unconstrained build operations Thread 6" [_thread_blocked, id=8956, stack(0x0000004f94a00000,0x0000004f94b00000)]
  0x000001b2166955b0 JavaThread "Unconstrained build operations Thread 7" [_thread_blocked, id=29408, stack(0x0000004f94b00000,0x0000004f94c00000)]
  0x000001b216695ac0 JavaThread "Unconstrained build operations Thread 8" [_thread_blocked, id=25192, stack(0x0000004f94c00000,0x0000004f94d00000)]
  0x000001b2166904b0 JavaThread "Unconstrained build operations Thread 9" [_thread_blocked, id=28508, stack(0x0000004f94d00000,0x0000004f94e00000)]
  0x000001b216692d30 JavaThread "Unconstrained build operations Thread 10" [_thread_blocked, id=11248, stack(0x0000004f94e00000,0x0000004f94f00000)]
  0x000001b216694b90 JavaThread "Unconstrained build operations Thread 11" [_thread_blocked, id=18580, stack(0x0000004f94f00000,0x0000004f95000000)]
  0x000001b216693c60 JavaThread "Unconstrained build operations Thread 12" [_thread_blocked, id=10600, stack(0x0000004f95000000,0x0000004f95100000)]
  0x000001b216693240 JavaThread "Unconstrained build operations Thread 13" [_thread_blocked, id=19860, stack(0x0000004f95100000,0x0000004f95200000)]
  0x000001b216695fd0 JavaThread "Unconstrained build operations Thread 14" [_thread_blocked, id=21204, stack(0x0000004f95200000,0x0000004f95300000)]
  0x000001b216694170 JavaThread "Unconstrained build operations Thread 15" [_thread_blocked, id=23112, stack(0x0000004f95300000,0x0000004f95400000)]
  0x000001b21668f580 JavaThread "Unconstrained build operations Thread 16" [_thread_blocked, id=3264, stack(0x0000004f95400000,0x0000004f95500000)]
  0x000001b216694680 JavaThread "Unconstrained build operations Thread 17" [_thread_blocked, id=29000, stack(0x0000004f95500000,0x0000004f95600000)]
  0x000001b2166964e0 JavaThread "Unconstrained build operations Thread 18" [_thread_blocked, id=29108, stack(0x0000004f95600000,0x0000004f95700000)]
  0x000001b216692820 JavaThread "Unconstrained build operations Thread 19" [_thread_blocked, id=25284, stack(0x0000004f95700000,0x0000004f95800000)]
  0x000001b21668f070 JavaThread "Unconstrained build operations Thread 20" [_thread_blocked, id=22900, stack(0x0000004f95800000,0x0000004f95900000)]
  0x000001b2166950a0 JavaThread "Unconstrained build operations Thread 21" [_thread_blocked, id=22284, stack(0x0000004f95900000,0x0000004f95a00000)]
  0x000001b2166969f0 JavaThread "Unconstrained build operations Thread 22" [_thread_blocked, id=29672, stack(0x0000004f95a00000,0x0000004f95b00000)]
  0x000001b21668fa90 JavaThread "Unconstrained build operations Thread 23" [_thread_blocked, id=17528, stack(0x0000004f95b00000,0x0000004f95c00000)]
  0x000001b216693750 JavaThread "Unconstrained build operations Thread 24" [_thread_blocked, id=27824, stack(0x0000004f95c00000,0x0000004f95d00000)]
  0x000001b21668ffa0 JavaThread "Unconstrained build operations Thread 25" [_thread_blocked, id=14920, stack(0x0000004f95d00000,0x0000004f95e00000)]
  0x000001b2166909c0 JavaThread "Unconstrained build operations Thread 26" [_thread_blocked, id=28924, stack(0x0000004f95e00000,0x0000004f95f00000)]
  0x000001b216692310 JavaThread "Unconstrained build operations Thread 27" [_thread_blocked, id=29048, stack(0x0000004f95f00000,0x0000004f96000000)]
  0x000001b216690ed0 JavaThread "Unconstrained build operations Thread 28" [_thread_blocked, id=28928, stack(0x0000004f96000000,0x0000004f96100000)]
  0x000001b2166913e0 JavaThread "Unconstrained build operations Thread 29" [_thread_blocked, id=19120, stack(0x0000004f96100000,0x0000004f96200000)]
  0x000001b2166918f0 JavaThread "Unconstrained build operations Thread 30" [_thread_blocked, id=4332, stack(0x0000004f96200000,0x0000004f96300000)]
  0x000001b216691e00 JavaThread "Unconstrained build operations Thread 31" [_thread_blocked, id=23808, stack(0x0000004f96300000,0x0000004f96400000)]
  0x000001b218b17e80 JavaThread "Unconstrained build operations Thread 32" [_thread_blocked, id=27876, stack(0x0000004f96400000,0x0000004f96500000)]
  0x000001b218b18db0 JavaThread "Unconstrained build operations Thread 33" [_thread_blocked, id=29268, stack(0x0000004f96500000,0x0000004f96600000)]
  0x000001b218b1bb40 JavaThread "Unconstrained build operations Thread 34" [_thread_blocked, id=20644, stack(0x0000004f96600000,0x0000004f96700000)]
  0x000001b218b1f800 JavaThread "Unconstrained build operations Thread 35" [_thread_blocked, id=29116, stack(0x0000004f96700000,0x0000004f96800000)]
  0x000001b218b1deb0 JavaThread "Unconstrained build operations Thread 36" [_thread_blocked, id=27716, stack(0x0000004f96800000,0x0000004f96900000)]
  0x000001b218b1c560 JavaThread "Unconstrained build operations Thread 37" [_thread_blocked, id=28964, stack(0x0000004f96900000,0x0000004f96a00000)]
  0x000001b218b19ce0 JavaThread "Unconstrained build operations Thread 38" [_thread_blocked, id=28080, stack(0x0000004f96a00000,0x0000004f96b00000)]
  0x000001b218b1ede0 JavaThread "Unconstrained build operations Thread 39" [_thread_blocked, id=29292, stack(0x0000004f96b00000,0x0000004f96c00000)]
  0x000001b218b1d9a0 JavaThread "Unconstrained build operations Thread 40" [_thread_blocked, id=13324, stack(0x0000004f96c00000,0x0000004f96d00000)]
  0x000001b218b1e3c0 JavaThread "Unconstrained build operations Thread 41" [_thread_blocked, id=28504, stack(0x0000004f96d00000,0x0000004f96e00000)]
  0x000001b218b197d0 JavaThread "Unconstrained build operations Thread 42" [_thread_blocked, id=17908, stack(0x0000004f96e00000,0x0000004f96f00000)]
  0x000001b218b1f2f0 JavaThread "Unconstrained build operations Thread 43" [_thread_blocked, id=18456, stack(0x0000004f96f00000,0x0000004f97000000)]
  0x000001b218b1ac10 JavaThread "Unconstrained build operations Thread 44" [_thread_blocked, id=10740, stack(0x0000004f97000000,0x0000004f97100000)]

Other Threads:
=>0x000001b27b23ec30 VMThread "VM Thread" [stack: 0x0000004f90b00000,0x0000004f90c00000] [id=20156]
  0x000001b213119c90 WatcherThread [stack: 0x0000004f91a00000,0x0000004f91b00000] [id=24588]
  0x000001b26f418d00 GCTaskThread "GC Thread#0" [stack: 0x0000004f90600000,0x0000004f90700000] [id=29312]
  0x000001b2149f1610 GCTaskThread "GC Thread#1" [stack: 0x0000004f91f00000,0x0000004f92000000] [id=26072]
  0x000001b21460e260 GCTaskThread "GC Thread#2" [stack: 0x0000004f92000000,0x0000004f92100000] [id=12496]
  0x000001b214646a90 GCTaskThread "GC Thread#3" [stack: 0x0000004f92100000,0x0000004f92200000] [id=25400]
  0x000001b214b2fa50 GCTaskThread "GC Thread#4" [stack: 0x0000004f92200000,0x0000004f92300000] [id=25396]
  0x000001b2149eccf0 GCTaskThread "GC Thread#5" [stack: 0x0000004f92300000,0x0000004f92400000] [id=23968]
  0x000001b215209470 GCTaskThread "GC Thread#6" [stack: 0x0000004f92e00000,0x0000004f92f00000] [id=22632]
  0x000001b2152091b0 GCTaskThread "GC Thread#7" [stack: 0x0000004f92f00000,0x0000004f93000000] [id=760]
  0x000001b215208130 GCTaskThread "GC Thread#8" [stack: 0x0000004f93000000,0x0000004f93100000] [id=10888]
  0x000001b215209730 GCTaskThread "GC Thread#9" [stack: 0x0000004f93100000,0x0000004f93200000] [id=29256]
  0x000001b2152099f0 GCTaskThread "GC Thread#10" [stack: 0x0000004f93200000,0x0000004f93300000] [id=10720]
  0x000001b2152083f0 GCTaskThread "GC Thread#11" [stack: 0x0000004f93300000,0x0000004f93400000] [id=28908]
  0x000001b215208970 GCTaskThread "GC Thread#12" [stack: 0x0000004f93400000,0x0000004f93500000] [id=24900]
  0x000001b215209cb0 GCTaskThread "GC Thread#13" [stack: 0x0000004f93500000,0x0000004f93600000] [id=28268]
  0x000001b2152086b0 GCTaskThread "GC Thread#14" [stack: 0x0000004f93600000,0x0000004f93700000] [id=14832]
  0x000001b26f429c50 ConcurrentGCThread "G1 Main Marker" [stack: 0x0000004f90700000,0x0000004f90800000] [id=25780]
  0x000001b26f42a670 ConcurrentGCThread "G1 Conc#0" [stack: 0x0000004f90800000,0x0000004f90900000] [id=17672]
  0x000001b215208c30 ConcurrentGCThread "G1 Conc#1" [stack: 0x0000004f93700000,0x0000004f93800000] [id=12748]
  0x000001b215208ef0 ConcurrentGCThread "G1 Conc#2" [stack: 0x0000004f93800000,0x0000004f93900000] [id=15728]
  0x000001b2133c1fe0 ConcurrentGCThread "G1 Conc#3" [stack: 0x0000004f93900000,0x0000004f93a00000] [id=11212]
  0x000001b27b138700 ConcurrentGCThread "G1 Refine#0" [stack: 0x0000004f90900000,0x0000004f90a00000] [id=29660]
  0x000001b27b139130 ConcurrentGCThread "G1 Service" [stack: 0x0000004f90a00000,0x0000004f90b00000] [id=23944]

Threads with active compile tasks:

VM state: at safepoint (normal execution)

VM Mutex/Monitor currently owned by a thread:  ([mutex/lock_event])
[0x000001b26f3b80b0] Threads_lock - owner thread: 0x000001b27b23ec30
[0x000001b26f3b82f0] Heap_lock - owner thread: 0x000001b214ad7e60

Heap address: 0x0000000080000000, size: 2048 MB, Compressed Oops mode: 32-bit

CDS archive(s) not mapped
Compressed class space mapped at: 0x0000000100000000-0x0000000140000000, reserved size: 1073741824
Narrow klass base: 0x0000000000000000, Narrow klass shift: 3, Narrow klass range: 0x140000000

GC Precious Log:
 CPUs: 20 total, 20 available
 Memory: 16004M
 Large Page Support: Disabled
 NUMA Support: Disabled
 Compressed Oops: Enabled (32-bit)
 Heap Region Size: 1M
 Heap Min Capacity: 8M
 Heap Initial Capacity: 252M
 Heap Max Capacity: 2G
 Pre-touch: Disabled
 Parallel Workers: 15
 Concurrent Workers: 4
 Concurrent Refinement Workers: 15
 Periodic GC: Disabled

Heap:
 garbage-first heap   total 91136K, used 64266K [0x0000000080000000, 0x0000000100000000)
  region size 1024K, 1 young (1024K), 1 survivors (1024K)
 Metaspace       used 56828K, committed 57408K, reserved 1114112K
  class space    used 7741K, committed 8000K, reserved 1048576K

Heap Regions: E=young(eden), S=young(survivor), O=old, HS=humongous(starts), HC=humongous(continues), CS=collection set, F=free, OA=open archive, CA=closed archive, TAMS=top-at-mark-start (previous, next)
|   0|0x0000000080000000, 0x0000000080100000, 0x0000000080100000|100%|HS|  |TAMS 0x0000000080100000, 0x0000000080100000| Complete 
|   1|0x0000000080100000, 0x0000000080200000, 0x0000000080200000|100%|HC|  |TAMS 0x0000000080200000, 0x0000000080200000| Complete 
|   2|0x0000000080200000, 0x0000000080300000, 0x0000000080300000|100%|HC|  |TAMS 0x0000000080300000, 0x0000000080300000| Complete 
|   3|0x0000000080300000, 0x0000000080400000, 0x0000000080400000|100%|HC|  |TAMS 0x0000000080400000, 0x0000000080400000| Complete 
|   4|0x0000000080400000, 0x0000000080500000, 0x0000000080500000|100%| O|  |TAMS 0x0000000080500000, 0x0000000080500000| Untracked 
|   5|0x0000000080500000, 0x0000000080600000, 0x0000000080600000|100%| O|  |TAMS 0x0000000080600000, 0x0000000080600000| Untracked 
|   6|0x0000000080600000, 0x0000000080700000, 0x0000000080700000|100%| O|  |TAMS 0x0000000080700000, 0x0000000080700000| Untracked 
|   7|0x0000000080700000, 0x0000000080800000, 0x0000000080800000|100%| O|  |TAMS 0x0000000080800000, 0x0000000080800000| Untracked 
|   8|0x0000000080800000, 0x0000000080900000, 0x0000000080900000|100%| O|  |TAMS 0x0000000080900000, 0x0000000080900000| Untracked 
|   9|0x0000000080900000, 0x0000000080a00000, 0x0000000080a00000|100%| O|  |TAMS 0x0000000080a00000, 0x0000000080a00000| Untracked 
|  10|0x0000000080a00000, 0x0000000080a00000, 0x0000000080b00000|  0%| F|  |TAMS 0x0000000080a00000, 0x0000000080a00000| Untracked 
|  11|0x0000000080b00000, 0x0000000080c00000, 0x0000000080c00000|100%| O|  |TAMS 0x0000000080c00000, 0x0000000080c00000| Untracked 
|  12|0x0000000080c00000, 0x0000000080d00000, 0x0000000080d00000|100%| O|  |TAMS 0x0000000080d00000, 0x0000000080d00000| Untracked 
|  13|0x0000000080d00000, 0x0000000080e00000, 0x0000000080e00000|100%| O|  |TAMS 0x0000000080e00000, 0x0000000080e00000| Untracked 
|  14|0x0000000080e00000, 0x0000000080f00000, 0x0000000080f00000|100%| O|  |TAMS 0x0000000080f00000, 0x0000000080f00000| Untracked 
|  15|0x0000000080f00000, 0x0000000081000000, 0x0000000081000000|100%| O|  |TAMS 0x0000000081000000, 0x0000000081000000| Untracked 
|  16|0x0000000081000000, 0x0000000081100000, 0x0000000081100000|100%| O|  |TAMS 0x0000000081100000, 0x0000000081100000| Untracked 
|  17|0x0000000081100000, 0x0000000081200000, 0x0000000081200000|100%| O|  |TAMS 0x0000000081200000, 0x0000000081200000| Untracked 
|  18|0x0000000081200000, 0x0000000081300000, 0x0000000081300000|100%| O|  |TAMS 0x0000000081300000, 0x0000000081300000| Untracked 
|  19|0x0000000081300000, 0x0000000081400000, 0x0000000081400000|100%| O|  |TAMS 0x0000000081400000, 0x0000000081400000| Untracked 
|  20|0x0000000081400000, 0x0000000081500000, 0x0000000081500000|100%| O|  |TAMS 0x0000000081500000, 0x0000000081500000| Untracked 
|  21|0x0000000081500000, 0x0000000081600000, 0x0000000081600000|100%| O|  |TAMS 0x0000000081600000, 0x0000000081600000| Untracked 
|  22|0x0000000081600000, 0x0000000081700000, 0x0000000081700000|100%| O|  |TAMS 0x0000000081700000, 0x0000000081700000| Untracked 
|  23|0x0000000081700000, 0x0000000081800000, 0x0000000081800000|100%| O|  |TAMS 0x0000000081800000, 0x0000000081800000| Untracked 
|  24|0x0000000081800000, 0x0000000081900000, 0x0000000081900000|100%| O|  |TAMS 0x0000000081900000, 0x0000000081900000| Untracked 
|  25|0x0000000081900000, 0x0000000081a00000, 0x0000000081a00000|100%| O|  |TAMS 0x0000000081a00000, 0x0000000081a00000| Untracked 
|  26|0x0000000081a00000, 0x0000000081b00000, 0x0000000081b00000|100%| O|  |TAMS 0x0000000081b00000, 0x0000000081b00000| Untracked 
|  27|0x0000000081b00000, 0x0000000081c00000, 0x0000000081c00000|100%| O|  |TAMS 0x0000000081c00000, 0x0000000081c00000| Untracked 
|  28|0x0000000081c00000, 0x0000000081d00000, 0x0000000081d00000|100%| O|  |TAMS 0x0000000081d00000, 0x0000000081d00000| Untracked 
|  29|0x0000000081d00000, 0x0000000081e00000, 0x0000000081e00000|100%| O|  |TAMS 0x0000000081e00000, 0x0000000081e00000| Untracked 
|  30|0x0000000081e00000, 0x0000000081f00000, 0x0000000081f00000|100%| O|  |TAMS 0x0000000081f00000, 0x0000000081f00000| Untracked 
|  31|0x0000000081f00000, 0x0000000082000000, 0x0000000082000000|100%| O|  |TAMS 0x0000000082000000, 0x0000000082000000| Untracked 
|  32|0x0000000082000000, 0x0000000082100000, 0x0000000082100000|100%| O|  |TAMS 0x0000000082100000, 0x0000000082100000| Untracked 
|  33|0x0000000082100000, 0x0000000082200000, 0x0000000082200000|100%| O|  |TAMS 0x0000000082200000, 0x0000000082200000| Untracked 
|  34|0x0000000082200000, 0x0000000082300000, 0x0000000082300000|100%| O|  |TAMS 0x0000000082300000, 0x0000000082300000| Untracked 
|  35|0x0000000082300000, 0x0000000082400000, 0x0000000082400000|100%| O|  |TAMS 0x0000000082400000, 0x0000000082400000| Untracked 
|  36|0x0000000082400000, 0x0000000082500000, 0x0000000082500000|100%| O|  |TAMS 0x0000000082500000, 0x0000000082500000| Untracked 
|  37|0x0000000082500000, 0x0000000082600000, 0x0000000082600000|100%| O|  |TAMS 0x000000008250d200, 0x0000000082600000| Untracked 
|  38|0x0000000082600000, 0x0000000082700000, 0x0000000082700000|100%| O|  |TAMS 0x0000000082600000, 0x0000000082700000| Untracked 
|  39|0x0000000082700000, 0x0000000082800000, 0x0000000082800000|100%|HS|  |TAMS 0x0000000082700000, 0x0000000082800000| Complete 
|  40|0x0000000082800000, 0x0000000082900000, 0x0000000082900000|100%|HS|  |TAMS 0x0000000082800000, 0x0000000082900000| Complete 
|  41|0x0000000082900000, 0x0000000082a00000, 0x0000000082a00000|100%|HS|  |TAMS 0x0000000082900000, 0x0000000082a00000| Complete 
|  42|0x0000000082a00000, 0x0000000082b00000, 0x0000000082b00000|100%|HC|  |TAMS 0x0000000082a00000, 0x0000000082b00000| Complete 
|  43|0x0000000082b00000, 0x0000000082c00000, 0x0000000082c00000|100%|HS|  |TAMS 0x0000000082b00000, 0x0000000082c00000| Complete 
|  44|0x0000000082c00000, 0x0000000082d00000, 0x0000000082d00000|100%|HC|  |TAMS 0x0000000082c00000, 0x0000000082d00000| Complete 
|  45|0x0000000082d00000, 0x0000000082e00000, 0x0000000082e00000|100%|HS|  |TAMS 0x0000000082d00000, 0x0000000082e00000| Complete 
|  46|0x0000000082e00000, 0x0000000082f00000, 0x0000000082f00000|100%|HS|  |TAMS 0x0000000082e00000, 0x0000000082f00000| Complete 
|  47|0x0000000082f00000, 0x0000000083000000, 0x0000000083000000|100%|HC|  |TAMS 0x0000000082f00000, 0x0000000083000000| Complete 
|  48|0x0000000083000000, 0x0000000083100000, 0x0000000083100000|100%|HC|  |TAMS 0x0000000083000000, 0x0000000083100000| Complete 
|  49|0x0000000083100000, 0x0000000083200000, 0x0000000083200000|100%|HC|  |TAMS 0x0000000083100000, 0x0000000083200000| Complete 
|  50|0x0000000083200000, 0x0000000083300000, 0x0000000083300000|100%|HS|  |TAMS 0x0000000083200000, 0x0000000083300000| Complete 
|  51|0x0000000083300000, 0x0000000083400000, 0x0000000083400000|100%| O|  |TAMS 0x0000000083300000, 0x0000000083400000| Untracked 
|  52|0x0000000083400000, 0x0000000083500000, 0x0000000083500000|100%|HS|  |TAMS 0x0000000083400000, 0x0000000083500000| Complete 
|  53|0x0000000083500000, 0x0000000083600000, 0x0000000083600000|100%| O|  |TAMS 0x0000000083500000, 0x0000000083600000| Untracked 
|  54|0x0000000083600000, 0x0000000083700000, 0x0000000083700000|100%| O|  |TAMS 0x0000000083600000, 0x0000000083700000| Untracked 
|  55|0x0000000083700000, 0x0000000083800000, 0x0000000083800000|100%| O|  |TAMS 0x0000000083700000, 0x0000000083800000| Untracked 
|  56|0x0000000083800000, 0x0000000083900000, 0x0000000083900000|100%| O|  |TAMS 0x0000000083800000, 0x0000000083900000| Untracked 
|  57|0x0000000083900000, 0x0000000083a00000, 0x0000000083a00000|100%| O|  |TAMS 0x0000000083900000, 0x0000000083a00000| Untracked 
|  58|0x0000000083a00000, 0x0000000083b00000, 0x0000000083b00000|100%| O|  |TAMS 0x0000000083a00000, 0x0000000083b00000| Untracked 
|  59|0x0000000083b00000, 0x0000000083bf4a00, 0x0000000083c00000| 95%| O|  |TAMS 0x0000000083b00000, 0x0000000083bf4a00| Untracked 
|  60|0x0000000083c00000, 0x0000000083c00000, 0x0000000083d00000|  0%| F|  |TAMS 0x0000000083c00000, 0x0000000083c00000| Untracked 
|  61|0x0000000083d00000, 0x0000000083d00000, 0x0000000083e00000|  0%| F|  |TAMS 0x0000000083d00000, 0x0000000083d00000| Untracked 
|  62|0x0000000083e00000, 0x0000000083e00000, 0x0000000083f00000|  0%| F|  |TAMS 0x0000000083e00000, 0x0000000083e00000| Untracked 
|  63|0x0000000083f00000, 0x0000000083f00000, 0x0000000084000000|  0%| F|  |TAMS 0x0000000083f00000, 0x0000000083f00000| Untracked 
|  64|0x0000000084000000, 0x0000000084000000, 0x0000000084100000|  0%| F|  |TAMS 0x0000000084000000, 0x0000000084000000| Untracked 
|  65|0x0000000084100000, 0x0000000084100000, 0x0000000084200000|  0%| F|  |TAMS 0x0000000084100000, 0x0000000084100000| Untracked 
|  66|0x0000000084200000, 0x0000000084200000, 0x0000000084300000|  0%| F|  |TAMS 0x0000000084200000, 0x0000000084200000| Untracked 
|  67|0x0000000084300000, 0x0000000084300000, 0x0000000084400000|  0%| F|  |TAMS 0x0000000084300000, 0x0000000084300000| Untracked 
|  68|0x0000000084400000, 0x0000000084400000, 0x0000000084500000|  0%| F|  |TAMS 0x0000000084400000, 0x0000000084400000| Untracked 
|  69|0x0000000084500000, 0x0000000084500000, 0x0000000084600000|  0%| F|  |TAMS 0x0000000084500000, 0x0000000084500000| Untracked 
|  70|0x0000000084600000, 0x0000000084600000, 0x0000000084700000|  0%| F|  |TAMS 0x0000000084600000, 0x0000000084600000| Untracked 
|  71|0x0000000084700000, 0x0000000084700000, 0x0000000084800000|  0%| F|  |TAMS 0x0000000084700000, 0x0000000084700000| Untracked 
|  72|0x0000000084800000, 0x0000000084800000, 0x0000000084900000|  0%| F|  |TAMS 0x0000000084800000, 0x0000000084800000| Untracked 
|  73|0x0000000084900000, 0x0000000084900000, 0x0000000084a00000|  0%| F|  |TAMS 0x0000000084900000, 0x0000000084900000| Untracked 
|  74|0x0000000084a00000, 0x0000000084acde60, 0x0000000084b00000| 80%| S|CS|TAMS 0x0000000084a00000, 0x0000000084a00000| Complete 
|  75|0x0000000084b00000, 0x0000000084b00000, 0x0000000084c00000|  0%| F|  |TAMS 0x0000000084b00000, 0x0000000084b00000| Untracked 
| 187|0x000000008bb00000, 0x000000008bb00000, 0x000000008bc00000|  0%| F|  |TAMS 0x000000008bb00000, 0x000000008bb00000| Untracked 
| 188|0x000000008bc00000, 0x000000008bc00000, 0x000000008bd00000|  0%| F|  |TAMS 0x000000008bc00000, 0x000000008bc00000| Untracked 
| 189|0x000000008bd00000, 0x000000008bd00000, 0x000000008be00000|  0%| F|  |TAMS 0x000000008bd00000, 0x000000008bd00000| Untracked 
| 190|0x000000008be00000, 0x000000008be00000, 0x000000008bf00000|  0%| F|  |TAMS 0x000000008be00000, 0x000000008be00000| Untracked 
| 191|0x000000008bf00000, 0x000000008bf00000, 0x000000008c000000|  0%| F|  |TAMS 0x000000008bf00000, 0x000000008bf00000| Untracked 
| 192|0x000000008c000000, 0x000000008c000000, 0x000000008c100000|  0%| F|  |TAMS 0x000000008c000000, 0x000000008c000000| Untracked 
| 193|0x000000008c100000, 0x000000008c100000, 0x000000008c200000|  0%| F|  |TAMS 0x000000008c100000, 0x000000008c100000| Untracked 
| 194|0x000000008c200000, 0x000000008c200000, 0x000000008c300000|  0%| F|  |TAMS 0x000000008c200000, 0x000000008c200000| Untracked 
| 195|0x000000008c300000, 0x000000008c300000, 0x000000008c400000|  0%| F|  |TAMS 0x000000008c300000, 0x000000008c300000| Untracked 
| 251|0x000000008fb00000, 0x000000008fb00000, 0x000000008fc00000|  0%| F|  |TAMS 0x000000008fb00000, 0x000000008fb00000| Untracked 
|2045|0x00000000ffd00000, 0x00000000ffe00000, 0x00000000ffe00000|100%| O|  |TAMS 0x00000000ffd00000, 0x00000000ffe00000| Untracked 
|2046|0x00000000ffe00000, 0x00000000fff00000, 0x00000000fff00000|100%| O|  |TAMS 0x00000000ffe00000, 0x00000000fff00000| Untracked 
|2047|0x00000000fff00000, 0x0000000100000000, 0x0000000100000000|100%| O|  |TAMS 0x00000000fff00000, 0x0000000100000000| Untracked 

Card table byte_map: [0x000001b273740000,0x000001b273b40000] _byte_map_base: 0x000001b273340000

Marking Bits (Prev, Next): (CMBitMap*) 0x000001b26f419360, (CMBitMap*) 0x000001b26f419320
 Prev Bits: [0x000001b275f40000, 0x000001b277f40000)
 Next Bits: [0x000001b273f40000, 0x000001b275f40000)

Polling page: 0x000001b26d2d0000

Metaspace:

Usage:
  Non-class:     47.94 MB used.
      Class:      7.56 MB used.
       Both:     55.50 MB used.

Virtual space:
  Non-class space:       64.00 MB reserved,      48.25 MB ( 75%) committed,  1 nodes.
      Class space:        1.00 GB reserved,       7.81 MB ( <1%) committed,  1 nodes.
             Both:        1.06 GB reserved,      56.06 MB (  5%) committed. 

Chunk freelists:
   Non-Class:  15.59 MB
       Class:  8.02 MB
        Both:  23.61 MB

MaxMetaspaceSize: unlimited
CompressedClassSpaceSize: 1.00 GB
Initial GC threshold: 21.00 MB
Current GC threshold: 90.62 MB
CDS: off
MetaspaceReclaimPolicy: balanced
 - commit_granule_bytes: 65536.
 - commit_granule_words: 8192.
 - virtual_space_node_default_size: 8388608.
 - enlarge_chunks_in_place: 1.
 - new_chunks_are_fully_committed: 0.
 - uncommit_free_chunks: 1.
 - use_allocation_guard: 0.
 - handle_deallocations: 1.


Internal statistics:

num_allocs_failed_limit: 6.
num_arena_births: 620.
num_arena_deaths: 0.
num_vsnodes_births: 2.
num_vsnodes_deaths: 0.
num_space_committed: 897.
num_space_uncommitted: 0.
num_chunks_returned_to_freelist: 6.
num_chunks_taken_from_freelist: 2556.
num_chunk_merges: 6.
num_chunk_splits: 1667.
num_chunks_enlarged: 1091.
num_inconsistent_stats: 0.

CodeHeap 'non-profiled nmethods': size=119168Kb used=3333Kb max_used=3333Kb free=115834Kb
 bounds [0x000001b207ba0000, 0x000001b207ef0000, 0x000001b20f000000]
CodeHeap 'profiled nmethods': size=119104Kb used=11821Kb max_used=11821Kb free=107282Kb
 bounds [0x000001b200000000, 0x000001b200b90000, 0x000001b207450000]
CodeHeap 'non-nmethods': size=7488Kb used=3314Kb max_used=3389Kb free=4173Kb
 bounds [0x000001b207450000, 0x000001b2077b0000, 0x000001b207ba0000]
 total_blobs=7124 nmethods=6425 adapters=608
 compilation: enabled
              stopped_count=0, restarted_count=0
 full_count=0

Compilation events (20 events):
Event: 4.008 Thread 0x000001b27b415270 nmethod 7136 0x000001b200b86c10 code [0x000001b200b86dc0, 0x000001b200b86fe8]
Event: 4.009 Thread 0x000001b2138f7850 nmethod 7087 0x000001b207edb910 code [0x000001b207edbc60, 0x000001b207edf7c0]
Event: 4.009 Thread 0x000001b27b415270 7138       3       com.google.common.collect.MapMakerInternalMap$StrongKeyWeakValueSegment::maybeDrainReferenceQueues (9 bytes)
Event: 4.009 Thread 0x000001b27b2c0130 7139       3       com.google.common.collect.MapMakerInternalMap$Segment::drainValueReferenceQueue (42 bytes)
Event: 4.009 Thread 0x000001b27b415270 nmethod 7138 0x000001b200b87110 code [0x000001b200b872a0, 0x000001b200b87468]
Event: 4.009 Thread 0x000001b27b415270 7140       3       com.google.common.collect.MapMakerInternalMap$StrongKeyWeakValueEntry$Helper::newEntry (16 bytes)
Event: 4.009 Thread 0x000001b27b414d50 7141       3       com.google.common.collect.MapMakerInternalMap$StrongKeyWeakValueEntry$Helper::setValue (14 bytes)
Event: 4.009 Thread 0x000001b27b338d30 7142       3       com.google.common.collect.MapMakerInternalMap$StrongKeyWeakValueEntry$Helper::setValue (32 bytes)
Event: 4.009 Thread 0x000001b27b415270 nmethod 7140 0x000001b200b87510 code [0x000001b200b876c0, 0x000001b200b879c8]
Event: 4.009 Thread 0x000001b27b415270 7143       3       com.google.common.collect.MapMakerInternalMap$1::clear (1 bytes)
Event: 4.009 Thread 0x000001b27b414d50 nmethod 7141 0x000001b200b88490 code [0x000001b200b88640, 0x000001b200b88948]
Event: 4.009 Thread 0x000001b27b2c0130 nmethod 7139 0x000001b200b87a90 code [0x000001b200b87c80, 0x000001b200b88238]
Event: 4.009 Thread 0x000001b27b415270 nmethod 7143 0x000001b200b88a10 code [0x000001b200b88ba0, 0x000001b200b88cb8]
Event: 4.010 Thread 0x000001b27b338d30 nmethod 7142 0x000001b200b88d90 code [0x000001b200b88f80, 0x000001b200b89588]
Event: 4.012 Thread 0x000001b27b415270 7144   !   3       org.gradle.internal.classloader.FilteringClassLoader::loadClass (62 bytes)
Event: 4.013 Thread 0x000001b27b415270 nmethod 7144 0x000001b200b89810 code [0x000001b200b89ac0, 0x000001b200b8a6e8]
Event: 4.015 Thread 0x000001b27b338d30 7145       3       java.util.zip.ZipFile$ZipFileInflaterInputStream::available (44 bytes)
Event: 4.015 Thread 0x000001b27b415270 7146   !   3       java.util.zip.Inflater::getBytesWritten (23 bytes)
Event: 4.015 Thread 0x000001b27b415270 nmethod 7146 0x000001b200b8ab90 code [0x000001b200b8ad40, 0x000001b200b8af68]
Event: 4.015 Thread 0x000001b27b338d30 nmethod 7145 0x000001b200b8b090 code [0x000001b200b8b260, 0x000001b200b8b5c8]

GC Heap History (20 events):
Event: 2.049 GC heap after
{Heap after GC invocations=8 (full 0):
 garbage-first heap   total 71680K, used 23872K [0x0000000080000000, 0x0000000100000000)
  region size 1024K, 2 young (2048K), 2 survivors (2048K)
 Metaspace       used 35733K, committed 35968K, reserved 1114112K
  class space    used 4878K, committed 4992K, reserved 1048576K
}
Event: 2.293 GC heap before
{Heap before GC invocations=9 (full 0):
 garbage-first heap   total 71680K, used 53568K [0x0000000080000000, 0x0000000100000000)
  region size 1024K, 32 young (32768K), 2 survivors (2048K)
 Metaspace       used 41485K, committed 41792K, reserved 1114112K
  class space    used 5478K, committed 5632K, reserved 1048576K
}
Event: 2.296 GC heap after
{Heap after GC invocations=10 (full 0):
 garbage-first heap   total 71680K, used 27600K [0x0000000080000000, 0x0000000100000000)
  region size 1024K, 4 young (4096K), 4 survivors (4096K)
 Metaspace       used 41485K, committed 41792K, reserved 1114112K
  class space    used 5478K, committed 5632K, reserved 1048576K
}
Event: 2.452 GC heap before
{Heap before GC invocations=10 (full 0):
 garbage-first heap   total 71680K, used 55248K [0x0000000080000000, 0x0000000100000000)
  region size 1024K, 31 young (31744K), 4 survivors (4096K)
 Metaspace       used 42585K, committed 42944K, reserved 1114112K
  class space    used 5655K, committed 5824K, reserved 1048576K
}
Event: 2.455 GC heap after
{Heap after GC invocations=11 (full 0):
 garbage-first heap   total 71680K, used 29637K [0x0000000080000000, 0x0000000100000000)
  region size 1024K, 2 young (2048K), 2 survivors (2048K)
 Metaspace       used 42585K, committed 42944K, reserved 1114112K
  class space    used 5655K, committed 5824K, reserved 1048576K
}
Event: 2.743 GC heap before
{Heap before GC invocations=11 (full 0):
 garbage-first heap   total 71680K, used 55237K [0x0000000080000000, 0x0000000100000000)
  region size 1024K, 28 young (28672K), 2 survivors (2048K)
 Metaspace       used 45696K, committed 46144K, reserved 1114112K
  class space    used 6174K, committed 6336K, reserved 1048576K
}
Event: 2.745 GC heap after
{Heap after GC invocations=12 (full 0):
 garbage-first heap   total 88064K, used 31653K [0x0000000080000000, 0x0000000100000000)
  region size 1024K, 4 young (4096K), 4 survivors (4096K)
 Metaspace       used 45696K, committed 46144K, reserved 1114112K
  class space    used 6174K, committed 6336K, reserved 1048576K
}
Event: 3.121 GC heap before
{Heap before GC invocations=12 (full 0):
 garbage-first heap   total 88064K, used 70565K [0x0000000080000000, 0x0000000100000000)
  region size 1024K, 40 young (40960K), 4 survivors (4096K)
 Metaspace       used 50796K, committed 51328K, reserved 1114112K
  class space    used 6902K, committed 7168K, reserved 1048576K
}
Event: 3.122 GC heap after
{Heap after GC invocations=13 (full 0):
 garbage-first heap   total 88064K, used 33470K [0x0000000080000000, 0x0000000100000000)
  region size 1024K, 4 young (4096K), 4 survivors (4096K)
 Metaspace       used 50796K, committed 51328K, reserved 1114112K
  class space    used 6902K, committed 7168K, reserved 1048576K
}
Event: 3.598 GC heap before
{Heap before GC invocations=13 (full 0):
 garbage-first heap   total 88064K, used 69310K [0x0000000080000000, 0x0000000100000000)
  region size 1024K, 39 young (39936K), 4 survivors (4096K)
 Metaspace       used 54000K, committed 54464K, reserved 1114112K
  class space    used 7323K, committed 7552K, reserved 1048576K
}
Event: 3.600 GC heap after
{Heap after GC invocations=14 (full 0):
 garbage-first heap   total 88064K, used 37066K [0x0000000080000000, 0x0000000100000000)
  region size 1024K, 5 young (5120K), 5 survivors (5120K)
 Metaspace       used 54000K, committed 54464K, reserved 1114112K
  class space    used 7323K, committed 7552K, reserved 1048576K
}
Event: 3.719 GC heap before
{Heap before GC invocations=14 (full 0):
 garbage-first heap   total 88064K, used 67786K [0x0000000080000000, 0x0000000100000000)
  region size 1024K, 36 young (36864K), 5 survivors (5120K)
 Metaspace       used 54763K, committed 55296K, reserved 1114112K
  class space    used 7467K, committed 7744K, reserved 1048576K
}
Event: 3.721 GC heap after
{Heap after GC invocations=15 (full 0):
 garbage-first heap   total 88064K, used 41602K [0x0000000080000000, 0x0000000100000000)
  region size 1024K, 5 young (5120K), 5 survivors (5120K)
 Metaspace       used 54763K, committed 55296K, reserved 1114112K
  class space    used 7467K, committed 7744K, reserved 1048576K
}
Event: 3.835 GC heap before
{Heap before GC invocations=15 (full 0):
 garbage-first heap   total 88064K, used 65154K [0x0000000080000000, 0x0000000100000000)
  region size 1024K, 30 young (30720K), 5 survivors (5120K)
 Metaspace       used 55160K, committed 55680K, reserved 1114112K
  class space    used 7506K, committed 7744K, reserved 1048576K
}
Event: 3.837 GC heap after
{Heap after GC invocations=16 (full 0):
 garbage-first heap   total 88064K, used 42703K [0x0000000080000000, 0x0000000100000000)
  region size 1024K, 4 young (4096K), 4 survivors (4096K)
 Metaspace       used 55160K, committed 55680K, reserved 1114112K
  class space    used 7506K, committed 7744K, reserved 1048576K
}
Event: 3.974 GC heap before
{Heap before GC invocations=17 (full 0):
 garbage-first heap   total 88064K, used 76495K [0x0000000080000000, 0x0000000100000000)
  region size 1024K, 25 young (25600K), 4 survivors (4096K)
 Metaspace       used 56086K, committed 56576K, reserved 1114112K
  class space    used 7664K, committed 7936K, reserved 1048576K
}
Event: 3.977 GC heap after
{Heap after GC invocations=18 (full 0):
 garbage-first heap   total 91136K, used 63208K [0x0000000080000000, 0x0000000100000000)
  region size 1024K, 4 young (4096K), 4 survivors (4096K)
 Metaspace       used 56086K, committed 56576K, reserved 1114112K
  class space    used 7664K, committed 7936K, reserved 1048576K
}
Event: 3.986 GC heap before
{Heap before GC invocations=18 (full 0):
 garbage-first heap   total 91136K, used 64232K [0x0000000080000000, 0x0000000100000000)
  region size 1024K, 5 young (5120K), 4 survivors (4096K)
 Metaspace       used 56141K, committed 56640K, reserved 1114112K
  class space    used 7675K, committed 7936K, reserved 1048576K
}
Event: 3.989 GC heap after
{Heap after GC invocations=19 (full 0):
 garbage-first heap   total 91136K, used 63845K [0x0000000080000000, 0x0000000100000000)
  region size 1024K, 1 young (1024K), 1 survivors (1024K)
 Metaspace       used 56141K, committed 56640K, reserved 1114112K
  class space    used 7675K, committed 7936K, reserved 1048576K
}
Event: 4.023 GC heap before
{Heap before GC invocations=19 (full 0):
 garbage-first heap   total 91136K, used 72037K [0x0000000080000000, 0x0000000100000000)
  region size 1024K, 11 young (11264K), 1 survivors (1024K)
 Metaspace       used 56828K, committed 57408K, reserved 1114112K
  class space    used 7741K, committed 8000K, reserved 1048576K
}

Dll operation events (3 events):
Event: 0.004 Loaded shared library C:\Program Files\Android\Android Studio2\jbr\bin\java.dll
Event: 0.084 Loaded shared library C:\Program Files\Android\Android Studio2\jbr\bin\zip.dll
Event: 0.237 Loaded shared library C:\Program Files\Android\Android Studio2\jbr\bin\verify.dll

Deoptimization events (20 events):
Event: 3.960 Thread 0x000001b214ad7e60 Uncommon trap: trap_request=0xffffffbe fr.pc=0x000001b207ed119c relative=0x000000000000025c
Event: 3.960 Thread 0x000001b214ad7e60 Uncommon trap: reason=profile_predicate action=maybe_recompile pc=0x000001b207ed119c method=sun.instrument.TransformerManager.transform(Ljava/lang/Module;Ljava/lang/ClassLoader;Ljava/lang/String;Ljava/lang/Class;Ljava/security/ProtectionDomain;[B)[B @ 21 
Event: 3.960 Thread 0x000001b214ad7e60 DEOPT PACKING pc=0x000001b207ed119c sp=0x0000004f92af3920
Event: 3.960 Thread 0x000001b214ad7e60 DEOPT UNPACKING pc=0x000001b2074a69a3 sp=0x0000004f92af38d8 mode 2
Event: 3.996 Thread 0x000001b214ad7e60 Uncommon trap: trap_request=0xffffffde fr.pc=0x000001b207e02c60 relative=0x00000000000009e0
Event: 3.996 Thread 0x000001b214ad7e60 Uncommon trap: reason=class_check action=maybe_recompile pc=0x000001b207e02c60 method=java.io.BufferedInputStream.read1([BII)I @ 39 c2
Event: 3.996 Thread 0x000001b214ad7e60 DEOPT PACKING pc=0x000001b207e02c60 sp=0x0000004f92af6b60
Event: 3.996 Thread 0x000001b214ad7e60 DEOPT UNPACKING pc=0x000001b2074a69a3 sp=0x0000004f92af6a78 mode 2
Event: 3.996 Thread 0x000001b214ad7e60 Uncommon trap: trap_request=0xffffffc6 fr.pc=0x000001b207ca2c54 relative=0x0000000000000c54
Event: 3.996 Thread 0x000001b214ad7e60 Uncommon trap: reason=bimorphic_or_optimized_type_check action=maybe_recompile pc=0x000001b207ca2c54 method=java.util.Properties$LineReader.readLine()I @ 479 c2
Event: 3.996 Thread 0x000001b214ad7e60 DEOPT PACKING pc=0x000001b207ca2c54 sp=0x0000004f92af6c30
Event: 3.996 Thread 0x000001b214ad7e60 DEOPT UNPACKING pc=0x000001b2074a69a3 sp=0x0000004f92af6bb8 mode 2
Event: 3.996 Thread 0x000001b214ad7e60 Uncommon trap: trap_request=0xffffffde fr.pc=0x000001b207e02c60 relative=0x00000000000009e0
Event: 3.996 Thread 0x000001b214ad7e60 Uncommon trap: reason=class_check action=maybe_recompile pc=0x000001b207e02c60 method=java.io.BufferedInputStream.read1([BII)I @ 39 c2
Event: 3.996 Thread 0x000001b214ad7e60 DEOPT PACKING pc=0x000001b207e02c60 sp=0x0000004f92af6b10
Event: 3.996 Thread 0x000001b214ad7e60 DEOPT UNPACKING pc=0x000001b2074a69a3 sp=0x0000004f92af6a28 mode 2
Event: 3.996 Thread 0x000001b214ad7e60 Uncommon trap: trap_request=0xffffffde fr.pc=0x000001b207e02c60 relative=0x00000000000009e0
Event: 3.996 Thread 0x000001b214ad7e60 Uncommon trap: reason=class_check action=maybe_recompile pc=0x000001b207e02c60 method=java.io.BufferedInputStream.read1([BII)I @ 39 c2
Event: 3.996 Thread 0x000001b214ad7e60 DEOPT PACKING pc=0x000001b207e02c60 sp=0x0000004f92af6b60
Event: 3.996 Thread 0x000001b214ad7e60 DEOPT UNPACKING pc=0x000001b2074a69a3 sp=0x0000004f92af6a78 mode 2

Classes unloaded (0 events):
No events

Classes redefined (0 events):
No events

Internal exceptions (20 events):
Event: 3.306 Thread 0x000001b214ad7e60 Exception <a 'java/lang/NoSuchMethodError'{0x0000000084453878}: 'void java.lang.invoke.DirectMethodHandle$Holder.invokeStatic(java.lang.Object, java.lang.Object, java.lang.Object, int, java.lang.Object)'> (0x0000000084453878) 
thrown [s\src\hotspot\share\interpreter\linkResolver.cpp, line 771]
Event: 3.409 Thread 0x000001b214ad7e60 Exception <a 'java/lang/NoSuchMethodError'{0x0000000083e0b718}: 'java.lang.Object java.lang.invoke.DirectMethodHandle$Holder.newInvokeSpecial(java.lang.Object, java.lang.Object, int)'> (0x0000000083e0b718) 
thrown [s\src\hotspot\share\interpreter\linkResolver.cpp, line 771]
Event: 3.645 Thread 0x000001b214ad7e60 Exception <a 'java/lang/NoSuchMethodError'{0x000000008bdde7e8}: 'java.lang.Object java.lang.invoke.DirectMethodHandle$Holder.newInvokeSpecial(java.lang.Object, java.lang.Object, java.lang.Object, java.lang.Object, int, java.lang.Object)'> (0x000000008bdde7e8) 
thrown [s\src\hotspot\share\interpreter\linkResolver.cpp, line 771]
Event: 3.645 Thread 0x000001b214ad7e60 Exception <a 'java/lang/NoSuchMethodError'{0x000000008bde3af8}: 'java.lang.Object java.lang.invoke.Invokers$Holder.linkToTargetMethod(java.lang.Object, java.lang.Object, java.lang.Object, int, java.lang.Object, java.lang.Object)'> (0x000000008bde3af8) 
thrown [s\src\hotspot\share\interpreter\linkResolver.cpp, line 771]
Event: 3.786 Thread 0x000001b214ad7e60 Exception <a 'java/lang/NoSuchMethodError'{0x00000000843a7910}: 'long java.lang.invoke.DirectMethodHandle$Holder.invokeVirtual(java.lang.Object, java.lang.Object)'> (0x00000000843a7910) 
thrown [s\src\hotspot\share\interpreter\linkResolver.cpp, line 771]
Event: 3.789 Thread 0x000001b214ad6f30 Exception <a 'java/lang/NoSuchMethodError'{0x00000000842093e8}: static Lorg/gradle/internal/build/event/types/DefaultOperationFinishedProgressEvent;.<clinit>()V> (0x00000000842093e8) 
thrown [s\src\hotspot\share\prims\jni.cpp, line 1108]
Event: 3.792 Thread 0x000001b214ad6f30 Exception <a 'java/lang/NoSuchMethodError'{0x0000000084233cc0}: static Lorg/gradle/internal/build/event/types/DefaultProjectConfigurationSuccessResult;.<clinit>()V> (0x0000000084233cc0) 
thrown [s\src\hotspot\share\prims\jni.cpp, line 1108]
Event: 3.792 Thread 0x000001b214ad6f30 Exception <a 'java/lang/NoSuchMethodError'{0x0000000084235258}: static Lorg/gradle/internal/build/event/types/AbstractProjectConfigurationResult;.<clinit>()V> (0x0000000084235258) 
thrown [s\src\hotspot\share\prims\jni.cpp, line 1108]
Event: 3.792 Thread 0x000001b214ad6f30 Exception <a 'java/lang/NoSuchMethodError'{0x00000000842369a0}: static Lorg/gradle/internal/build/event/types/AbstractOperationResult;.<clinit>()V> (0x00000000842369a0) 
thrown [s\src\hotspot\share\prims\jni.cpp, line 1108]
Event: 3.792 Thread 0x000001b214ad6f30 Exception <a 'java/lang/NoSuchMethodError'{0x0000000084237e18}: static Lorg/gradle/internal/build/event/types/AbstractResult;.<clinit>()V> (0x0000000084237e18) 
thrown [s\src\hotspot\share\prims\jni.cpp, line 1108]
Event: 3.793 Thread 0x000001b214ad6f30 Exception <a 'java/lang/NoSuchMethodError'{0x0000000084250a88}: static Lorg/gradle/internal/build/event/types/DefaultPluginApplicationResult;.<clinit>()V> (0x0000000084250a88) 
thrown [s\src\hotspot\share\prims\jni.cpp, line 1108]
Event: 3.794 Thread 0x000001b214ad6f30 Exception <a 'java/lang/NoSuchMethodError'{0x000000008425d8d0}: static Lorg/gradle/internal/build/event/types/DefaultBinaryPluginIdentifier;.<clinit>()V> (0x000000008425d8d0) 
thrown [s\src\hotspot\share\prims\jni.cpp, line 1108]
Event: 3.797 Thread 0x000001b214ad6f30 Exception <a 'java/lang/NoSuchMethodError'{0x00000000842fbf38}: static Lorg/gradle/internal/build/event/types/DefaultScriptPluginIdentifier;.<clinit>()V> (0x00000000842fbf38) 
thrown [s\src\hotspot\share\prims\jni.cpp, line 1108]
Event: 3.832 Thread 0x000001b214ad7e60 Implicit null exception at 0x000001b207c12012 to 0x000001b207c126ec
Event: 3.832 Thread 0x000001b214ad7e60 Implicit null exception at 0x000001b207c73814 to 0x000001b207c73ed8
Event: 3.917 Thread 0x000001b214ad7e60 Exception <a 'java/lang/NoSuchMethodError'{0x0000000084861ad8}: 'void java.lang.invoke.Invokers$Holder.invoke_MT(java.lang.Object, java.lang.Object, java.lang.Object, java.lang.Object)'> (0x0000000084861ad8) 
thrown [s\src\hotspot\share\interpreter\linkResolver.cpp, line 771]
Event: 3.922 Thread 0x000001b214ad7e60 Exception <a 'java/lang/NoSuchMethodError'{0x00000000848dfb20}: 'java.lang.Object java.lang.invoke.DirectMethodHandle$Holder.invokeSpecial(java.lang.Object, java.lang.Object, java.lang.Object, int, java.lang.Object, java.lang.Object)'> (0x00000000848dfb20) 
thrown [s\src\hotspot\share\interpreter\linkResolver.cpp, line 771]
Event: 3.935 Thread 0x000001b214ad7e60 Exception <a 'java/lang/ClassNotFoundException'{0x00000000846eb328}: sun/misc/SharedSecrets> (0x00000000846eb328) 
thrown [s\src\hotspot\share\classfile\systemDictionary.cpp, line 256]
Event: 3.935 Thread 0x000001b214ad7e60 Exception <a 'java/lang/ClassNotFoundException'{0x00000000846ec900}: org/gradle/api/internal/plugins/DefaultObjectConfigurationActionBeanInfo> (0x00000000846ec900) 
thrown [s\src\hotspot\share\classfile\systemDictionary.cpp, line 256]
Event: 3.935 Thread 0x000001b214ad7e60 Exception <a 'java/lang/ClassNotFoundException'{0x00000000845012c0}: org/gradle/api/internal/plugins/DefaultObjectConfigurationActionCustomizer> (0x00000000845012c0) 
thrown [s\src\hotspot\share\classfile\systemDictionary.cpp, line 256]

VM Operations (20 events):
Event: 3.643 Executing VM operation: HandshakeAllThreads done
Event: 3.658 Executing VM operation: ICBufferFull
Event: 3.658 Executing VM operation: ICBufferFull done
Event: 3.718 Executing VM operation: G1CollectForAllocation
Event: 3.721 Executing VM operation: G1CollectForAllocation done
Event: 3.763 Executing VM operation: HandshakeAllThreads
Event: 3.763 Executing VM operation: HandshakeAllThreads done
Event: 3.812 Executing VM operation: ICBufferFull
Event: 3.812 Executing VM operation: ICBufferFull done
Event: 3.835 Executing VM operation: G1TryInitiateConcMark
Event: 3.837 Executing VM operation: G1TryInitiateConcMark done
Event: 3.847 Executing VM operation: G1PauseRemark
Event: 3.849 Executing VM operation: G1PauseRemark done
Event: 3.855 Executing VM operation: G1PauseCleanup
Event: 3.855 Executing VM operation: G1PauseCleanup done
Event: 3.974 Executing VM operation: G1CollectForAllocation
Event: 3.977 Executing VM operation: G1CollectForAllocation done
Event: 3.986 Executing VM operation: G1CollectForAllocation
Event: 3.989 Executing VM operation: G1CollectForAllocation done
Event: 4.023 Executing VM operation: G1TryInitiateConcMark

Events (20 events):
Event: 3.679 Thread 0x000001b218b1f800 Thread added: 0x000001b218b1f800
Event: 3.681 Thread 0x000001b218b1deb0 Thread added: 0x000001b218b1deb0
Event: 3.682 Thread 0x000001b218b1c560 Thread added: 0x000001b218b1c560
Event: 3.683 Thread 0x000001b218b19ce0 Thread added: 0x000001b218b19ce0
Event: 3.787 loading class java/util/stream/SortedOps$RefSortingSink
Event: 3.787 loading class java/util/stream/SortedOps$RefSortingSink done
Event: 3.795 loading class java/time/Ser
Event: 3.795 loading class java/time/Ser done
Event: 3.905 Thread 0x000001b218b1ede0 Thread added: 0x000001b218b1ede0
Event: 3.905 Thread 0x000001b218b1d9a0 Thread added: 0x000001b218b1d9a0
Event: 3.905 Thread 0x000001b218b1e3c0 Thread added: 0x000001b218b1e3c0
Event: 3.908 Thread 0x000001b218b197d0 Thread added: 0x000001b218b197d0
Event: 3.910 Thread 0x000001b218b1f2f0 Thread added: 0x000001b218b1f2f0
Event: 3.910 Thread 0x000001b218b1ac10 Thread added: 0x000001b218b1ac10
Event: 3.921 loading class java/lang/ProcessBuilder
Event: 3.921 loading class java/lang/ProcessBuilder done
Event: 3.935 loading class sun/misc/SharedSecrets
Event: 3.935 loading class sun/misc/SharedSecrets done
Event: 3.936 loading class jdk/internal/reflect/UnsafeObjectFieldAccessorImpl
Event: 3.936 loading class jdk/internal/reflect/UnsafeObjectFieldAccessorImpl done


Dynamic libraries:
0x00007ff621960000 - 0x00007ff62196a000 	C:\Program Files\Android\Android Studio2\jbr\bin\java.exe
0x00007ffa77f70000 - 0x00007ffa78187000 	C:\WINDOWS\SYSTEM32\ntdll.dll
0x00007ffa76640000 - 0x00007ffa76704000 	C:\WINDOWS\System32\KERNEL32.DLL
0x00007ffa752b0000 - 0x00007ffa75667000 	C:\WINDOWS\System32\KERNELBASE.dll
0x00007ffa75b80000 - 0x00007ffa75c91000 	C:\WINDOWS\System32\ucrtbase.dll
0x00007ffa55660000 - 0x00007ffa5567b000 	C:\Program Files\Android\Android Studio2\jbr\bin\VCRUNTIME140.dll
0x00007ffa6c360000 - 0x00007ffa6c377000 	C:\Program Files\Android\Android Studio2\jbr\bin\jli.dll
0x00007ffa76290000 - 0x00007ffa7643f000 	C:\WINDOWS\System32\USER32.dll
0x00007ffa61aa0000 - 0x00007ffa61d33000 	C:\WINDOWS\WinSxS\amd64_microsoft.windows.common-controls_6595b64144ccf1df_6.0.22621.3672_none_2713b9d173822955\COMCTL32.dll
0x00007ffa75a60000 - 0x00007ffa75a86000 	C:\WINDOWS\System32\win32u.dll
0x00007ffa76870000 - 0x00007ffa76917000 	C:\WINDOWS\System32\msvcrt.dll
0x00007ffa77a60000 - 0x00007ffa77a89000 	C:\WINDOWS\System32\GDI32.dll
0x00007ffa75670000 - 0x00007ffa75788000 	C:\WINDOWS\System32\gdi32full.dll
0x00007ffa75790000 - 0x00007ffa7582a000 	C:\WINDOWS\System32\msvcp_win.dll
0x00007ffa76ad0000 - 0x00007ffa76b01000 	C:\WINDOWS\System32\IMM32.DLL
0x00007ffa61470000 - 0x00007ffa6147c000 	C:\Program Files\Android\Android Studio2\jbr\bin\vcruntime140_1.dll
0x00007ffa20c10000 - 0x00007ffa20c9d000 	C:\Program Files\Android\Android Studio2\jbr\bin\msvcp140.dll
0x00007ffa15620000 - 0x00007ffa162a3000 	C:\Program Files\Android\Android Studio2\jbr\bin\server\jvm.dll
0x00007ffa77020000 - 0x00007ffa770d2000 	C:\WINDOWS\System32\ADVAPI32.dll
0x00007ffa77140000 - 0x00007ffa771e8000 	C:\WINDOWS\System32\sechost.dll
0x00007ffa75280000 - 0x00007ffa752a8000 	C:\WINDOWS\System32\bcrypt.dll
0x00007ffa75d50000 - 0x00007ffa75e64000 	C:\WINDOWS\System32\RPCRT4.dll
0x00007ffa6e100000 - 0x00007ffa6e109000 	C:\WINDOWS\SYSTEM32\WSOCK32.dll
0x00007ffa77e90000 - 0x00007ffa77f01000 	C:\WINDOWS\System32\WS2_32.dll
0x00007ffa6eda0000 - 0x00007ffa6edd4000 	C:\WINDOWS\SYSTEM32\WINMM.dll
0x00007ffa740f0000 - 0x00007ffa7413d000 	C:\WINDOWS\SYSTEM32\POWRPROF.dll
0x00007ffa6b8b0000 - 0x00007ffa6b8ba000 	C:\WINDOWS\SYSTEM32\VERSION.dll
0x00007ffa740d0000 - 0x00007ffa740e3000 	C:\WINDOWS\SYSTEM32\UMPDC.dll
0x00007ffa74320000 - 0x00007ffa74338000 	C:\WINDOWS\SYSTEM32\kernel.appcore.dll
0x00007ffa700b0000 - 0x00007ffa700ba000 	C:\Program Files\Android\Android Studio2\jbr\bin\jimage.dll
0x00007ffa72aa0000 - 0x00007ffa72cd2000 	C:\WINDOWS\SYSTEM32\DBGHELP.DLL
0x00007ffa75ef0000 - 0x00007ffa7627e000 	C:\WINDOWS\System32\combase.dll
0x00007ffa76460000 - 0x00007ffa76537000 	C:\WINDOWS\System32\OLEAUT32.dll
0x00007ffa65ec0000 - 0x00007ffa65ef2000 	C:\WINDOWS\SYSTEM32\dbgcore.DLL
0x00007ffa75a90000 - 0x00007ffa75b0b000 	C:\WINDOWS\System32\bcryptPrimitives.dll
0x00007ffa6c600000 - 0x00007ffa6c60e000 	C:\Program Files\Android\Android Studio2\jbr\bin\instrument.dll
0x00007ffa6fca0000 - 0x00007ffa6fcc5000 	C:\Program Files\Android\Android Studio2\jbr\bin\java.dll
0x00007ffa6fc80000 - 0x00007ffa6fc98000 	C:\Program Files\Android\Android Studio2\jbr\bin\zip.dll
0x00007ffa771f0000 - 0x00007ffa77a59000 	C:\WINDOWS\System32\SHELL32.dll
0x00007ffa731b0000 - 0x00007ffa73aaf000 	C:\WINDOWS\SYSTEM32\windows.storage.dll
0x00007ffa73070000 - 0x00007ffa731af000 	C:\WINDOWS\SYSTEM32\wintypes.dll
0x00007ffa76540000 - 0x00007ffa76639000 	C:\WINDOWS\System32\SHCORE.dll
0x00007ffa77e30000 - 0x00007ffa77e8e000 	C:\WINDOWS\System32\shlwapi.dll
0x00007ffa751b0000 - 0x00007ffa751d7000 	C:\WINDOWS\SYSTEM32\profapi.dll
0x00007ffa6eee0000 - 0x00007ffa6eef9000 	C:\Program Files\Android\Android Studio2\jbr\bin\net.dll
0x00007ffa70cb0000 - 0x00007ffa70de6000 	C:\WINDOWS\SYSTEM32\WINHTTP.dll
0x00007ffa747e0000 - 0x00007ffa74849000 	C:\WINDOWS\system32\mswsock.dll
0x00007ffa6ee40000 - 0x00007ffa6ee56000 	C:\Program Files\Android\Android Studio2\jbr\bin\nio.dll
0x00007ffa6c610000 - 0x00007ffa6c620000 	C:\Program Files\Android\Android Studio2\jbr\bin\verify.dll
0x00007ffa51db0000 - 0x00007ffa51dd7000 	C:\Users\Hashem Arenat\.gradle\native\c067742578af261105cb4f569cf0c3c89f3d7b1fecec35dd04571415982c5e48\windows-amd64\native-platform.dll
0x00007ffa28ed0000 - 0x00007ffa29014000 	C:\Users\Hashem Arenat\.gradle\native\38dada09dfb8b06ba9b0570ebf7e218e3eb74d4ef43ca46872605cf95ebc2f47\windows-amd64\native-platform-file-events.dll
0x00007ffa6e820000 - 0x00007ffa6e829000 	C:\Program Files\Android\Android Studio2\jbr\bin\management.dll
0x00007ffa6e5c0000 - 0x00007ffa6e5cb000 	C:\Program Files\Android\Android Studio2\jbr\bin\management_ext.dll
0x00007ffa76280000 - 0x00007ffa76288000 	C:\WINDOWS\System32\PSAPI.DLL
0x00007ffa74b30000 - 0x00007ffa74b4b000 	C:\WINDOWS\SYSTEM32\CRYPTSP.dll
0x00007ffa742e0000 - 0x00007ffa74315000 	C:\WINDOWS\system32\rsaenh.dll
0x00007ffa74880000 - 0x00007ffa748a8000 	C:\WINDOWS\SYSTEM32\USERENV.dll
0x00007ffa74b10000 - 0x00007ffa74b1c000 	C:\WINDOWS\SYSTEM32\CRYPTBASE.dll
0x00007ffa73d80000 - 0x00007ffa73dad000 	C:\WINDOWS\SYSTEM32\IPHLPAPI.DLL
0x00007ffa76440000 - 0x00007ffa76449000 	C:\WINDOWS\System32\NSI.dll
0x00007ffa70890000 - 0x00007ffa708a9000 	C:\WINDOWS\SYSTEM32\dhcpcsvc6.DLL
0x00007ffa70870000 - 0x00007ffa7088f000 	C:\WINDOWS\SYSTEM32\dhcpcsvc.DLL
0x00007ffa73df0000 - 0x00007ffa73ef2000 	C:\WINDOWS\SYSTEM32\DNSAPI.dll
0x00007ffa6fbe0000 - 0x00007ffa6fbe9000 	C:\Program Files\Android\Android Studio2\jbr\bin\extnet.dll
0x00007ffa65ff0000 - 0x00007ffa65ff8000 	C:\WINDOWS\system32\wshunix.dll

dbghelp: loaded successfully - version: 4.0.5 - missing functions: none
symbol engine: initialized successfully - sym options: 0x614 - pdb path: .;C:\Program Files\Android\Android Studio2\jbr\bin;C:\WINDOWS\SYSTEM32;C:\WINDOWS\WinSxS\amd64_microsoft.windows.common-controls_6595b64144ccf1df_6.0.22621.3672_none_2713b9d173822955;C:\Program Files\Android\Android Studio2\jbr\bin\server;C:\Users\Hashem Arenat\.gradle\native\c067742578af261105cb4f569cf0c3c89f3d7b1fecec35dd04571415982c5e48\windows-amd64;C:\Users\Hashem Arenat\.gradle\native\38dada09dfb8b06ba9b0570ebf7e218e3eb74d4ef43ca46872605cf95ebc2f47\windows-amd64

VM Arguments:
jvm_args: --add-opens=java.base/java.util=ALL-UNNAMED --add-opens=java.base/java.lang=ALL-UNNAMED --add-opens=java.base/java.lang.invoke=ALL-UNNAMED --add-opens=java.prefs/java.util.prefs=ALL-UNNAMED --add-opens=java.base/java.nio.charset=ALL-UNNAMED --add-opens=java.base/java.net=ALL-UNNAMED --add-opens=java.base/java.util.concurrent.atomic=ALL-UNNAMED -Xmx2048M -Dfile.encoding=UTF-8 -Duser.country=US -Duser.language=en -Duser.variant -javaagent:C:\Users\Hashem Arenat\.gradle\wrapper\dists\gradle-8.7-bin\bhs2wmbdwecv87pi65oeuq5iu\gradle-8.7\lib\agents\gradle-instrumentation-agent-8.7.jar 
java_command: org.gradle.launcher.daemon.bootstrap.GradleDaemon 8.7
java_class_path (initial): C:\Users\Hashem Arenat\.gradle\wrapper\dists\gradle-8.7-bin\bhs2wmbdwecv87pi65oeuq5iu\gradle-8.7\lib\gradle-launcher-8.7.jar
Launcher Type: SUN_STANDARD

[Global flags]
     intx CICompilerCount                          = 12                                        {product} {ergonomic}
     uint ConcGCThreads                            = 4                                         {product} {ergonomic}
     uint G1ConcRefinementThreads                  = 15                                        {product} {ergonomic}
   size_t G1HeapRegionSize                         = 1048576                                   {product} {ergonomic}
    uintx GCDrainStackTargetSize                   = 64                                        {product} {ergonomic}
   size_t InitialHeapSize                          = 264241152                                 {product} {ergonomic}
   size_t MarkStackSize                            = 4194304                                   {product} {ergonomic}
   size_t MaxHeapSize                              = 2147483648                                {product} {command line}
   size_t MaxNewSize                               = 1287651328                                {product} {ergonomic}
   size_t MinHeapDeltaBytes                        = 1048576                                   {product} {ergonomic}
   size_t MinHeapSize                              = 8388608                                   {product} {ergonomic}
    uintx NonNMethodCodeHeapSize                   = 7602480                                {pd product} {ergonomic}
    uintx NonProfiledCodeHeapSize                  = 122027880                              {pd product} {ergonomic}
    uintx ProfiledCodeHeapSize                     = 122027880                              {pd product} {ergonomic}
    uintx ReservedCodeCacheSize                    = 251658240                              {pd product} {ergonomic}
     bool SegmentedCodeCache                       = true                                      {product} {ergonomic}
   size_t SoftMaxHeapSize                          = 2147483648                             {manageable} {ergonomic}
     bool UseCompressedClassPointers               = true                           {product lp64_product} {ergonomic}
     bool UseCompressedOops                        = true                           {product lp64_product} {ergonomic}
     bool UseG1GC                                  = true                                      {product} {ergonomic}
     bool UseLargePagesIndividualAllocation        = false                                  {pd product} {ergonomic}

Logging:
Log output configuration:
 #0: stdout all=warning uptime,level,tags
 #1: stderr all=off uptime,level,tags

Environment Variables:
JAVA_HOME=C:\Program Files\Java\jdk-21
PATH=D:\DevSuiteHome_1\jdk\jre\bin\classic;D:\DevSuiteHome_1\jdk\jre\bin;D:\DevSuiteHome_1\jdk\jre\bin\client;D:\DevSuiteHome_1\jlib;D:\DevSuiteHome_1\bin;D:\DevSuiteHome_1\jre\1.4.2\bin\client;D:\DevSuiteHome_1\jre\1.4.2\bin;C:\Program Files\Common Files\Oracle\Java\javapath;C:\WINDOWS\system32;C:\WINDOWS;C:\WINDOWS\System32\Wbem;C:\WINDOWS\System32\WindowsPowerShell\v1.0\;C:\WINDOWS\System32\OpenSSH\;C:\MinGW\bin;C:\Program Files\Java\jdk-21\bin;C:\Program Files\nodejs;C:\Program Files\nodejs\node_modules\npm\bin;C:\Program Files\Git\cmd;C:\Program Files\dotnet\;C:\Users\Hashem Arenat\AppData\Local\Microsoft\WindowsApps;C:\AppServ\Apache24\bin;C:\AppServ\php7;C:\AppServ\MySQL\bin;C:\Program Files\Java\jdk-21\bin;C:\scrcpy-win64-v2.2;C:\dart-sdk\bin;C:\Users\Hashem Arenat\AppData\Local\Programs\Microsoft VS Code\bin;C:\flutter\bin;C:\Users\Hashem Arenat\Desktop\cmder\bin;C:\Users\Hashem Arenat\AppData\Roaming\npm;;C:\Program Files\JetBrains\IntelliJ IDEA Community Edition 2024.1.2\bin;;C:\Program Files\JetBrains\IntelliJ IDEA 2024.1.2\bin;
USERNAME=Hashem 1
OS=Windows_NT
PROCESSOR_IDENTIFIER=Intel64 Family 6 Model 154 Stepping 3, GenuineIntel
TMP=C:\Users\HASHEM~1\AppData\Local\Temp
TEMP=C:\Users\HASHEM~1\AppData\Local\Temp



Periodic native trim disabled

JNI global refs:
JNI global refs: 34, weak refs: 0

JNI global refs memory usage: 843, weak refs: 841

OOME stack traces (most recent first):
Classloader memory used:
Loader org.gradle.internal.classloader.VisitableURLClassLoader                         : 3319K
Loader bootstrap                                                                       : 2434K
Loader org.gradle.initialization.MixInLegacyTypesClassLoader                           : 1097K
Loader org.gradle.internal.classloader.VisitableURLClassLoader$InstrumentingVisitableURLClassLoader: 138K
Loader jdk.internal.loader.ClassLoaders$PlatformClassLoader                            : 67383B
Loader jdk.internal.loader.ClassLoaders$AppClassLoader                                 : 28766B
Loader jdk.internal.reflect.DelegatingClassLoader                                      : 14517B
Loader org.gradle.internal.classloader.VisitableURLClassLoader                         : 5464B

Classes loaded by more than one classloader:
Class Program                                                                         : loaded 4 times (x 72B)
Class com.google.common.collect.SingletonImmutableList                                : loaded 2 times (x 167B)
Class org.gradle.internal.classpath.ClassPath                                         : loaded 2 times (x 68B)
Class org.gradle.api.internal.classpath.DefaultModuleRegistry                         : loaded 2 times (x 84B)
Class Settings_gradle$1$1                                                             : loaded 2 times (x 72B)
Class com.google.common.base.CharMatcher$JavaDigit                                    : loaded 2 times (x 109B)
Class com.google.common.base.CharMatcher$Digit                                        : loaded 2 times (x 110B)
Class org.gradle.api.Action                                                           : loaded 2 times (x 68B)
Class com.google.common.collect.Lists$StringAsImmutableList                           : loaded 2 times (x 167B)
Class com.google.common.base.CharMatcher                                              : loaded 2 times (x 109B)
Class com.google.common.base.CharMatcher$IsNot                                        : loaded 2 times (x 109B)
Class com.google.common.base.Splitter                                                 : loaded 2 times (x 70B)
Class org.gradle.api.internal.DefaultClassPathProvider                                : loaded 2 times (x 74B)
Class org.gradle.internal.installation.GradleInstallation$1                           : loaded 2 times (x 73B)
Class com.google.common.base.CharMatcher$BitSetMatcher                                : loaded 2 times (x 110B)
Class com.google.common.base.Predicate                                                : loaded 2 times (x 68B)
Class org.gradle.internal.classloader.FilteringClassLoader                            : loaded 2 times (x 103B)
Class org.gradle.internal.classpath.DefaultClassPath$ImmutableUniqueList$Builder      : loaded 2 times (x 73B)
Class com.google.common.base.CharMatcher$InRange                                      : loaded 2 times (x 109B)
Class com.google.common.collect.Lists                                                 : loaded 2 times (x 69B)
Class org.gradle.internal.classloader.ClassLoaderVisitor                              : loaded 2 times (x 74B)
Class org.gradle.internal.service.DefaultServiceLocator                               : loaded 2 times (x 81B)
Class org.gradle.internal.service.UnknownServiceException                             : loaded 2 times (x 81B)
Class org.gradle.internal.classloader.DefaultClassLoaderFactory                       : loaded 2 times (x 80B)
Class com.google.common.collect.UnmodifiableIterator                                  : loaded 2 times (x 78B)
Class com.google.common.base.CharMatcher$SingleWidth                                  : loaded 2 times (x 110B)
Class com.google.common.base.JdkPattern                                               : loaded 2 times (x 73B)
Class org.gradle.internal.classloader.VisitableURLClassLoader$Spec                    : loaded 2 times (x 72B)
Class org.gradle.api.GradleException                                                  : loaded 2 times (x 80B)
Class com.google.common.base.CharMatcher$JavaLetterOrDigit                            : loaded 2 times (x 109B)
Class org.gradle.api.internal.classpath.ModuleRegistry                                : loaded 2 times (x 68B)
Class com.google.common.collect.ImmutableCollection                                   : loaded 2 times (x 123B)
Class org.gradle.api.internal.ClassPathProvider                                       : loaded 2 times (x 68B)
Class org.gradle.internal.classloader.ClasspathUtil$1                                 : loaded 2 times (x 74B)
Class com.google.common.collect.ImmutableList$ReverseImmutableList                    : loaded 2 times (x 168B)
Class org.gradle.internal.classloader.ClassLoaderFactory                              : loaded 2 times (x 68B)
Class com.google.common.collect.ObjectArrays                                          : loaded 2 times (x 69B)
Class com.google.common.collect.ImmutableList                                         : loaded 2 times (x 166B)
Class org.gradle.api.internal.classpath.ManifestUtil                                  : loaded 2 times (x 69B)
Class org.gradle.api.specs.Spec                                                       : loaded 2 times (x 68B)
Class com.google.common.base.CharMatcher$Whitespace                                   : loaded 2 times (x 110B)
Class com.google.common.base.Preconditions                                            : loaded 2 times (x 69B)
Class org.gradle.internal.IoActions                                                   : loaded 2 times (x 69B)
Class com.google.common.collect.CollectPreconditions                                  : loaded 2 times (x 69B)
Class com.google.common.collect.AbstractIndexedListIterator                           : loaded 2 times (x 94B)
Class com.google.common.base.CharMatcher$None                                         : loaded 2 times (x 110B)
Class org.gradle.api.internal.classpath.EffectiveClassPath                            : loaded 2 times (x 88B)
Class com.google.common.collect.UnmodifiableListIterator                              : loaded 2 times (x 93B)
Class com.google.common.collect.ImmutableList$1                                       : loaded 2 times (x 95B)
Class com.google.common.base.Splitter$Strategy                                        : loaded 2 times (x 68B)
Class org.gradle.internal.installation.CurrentGradleInstallation                      : loaded 2 times (x 71B)
Class org.gradle.internal.agents.InstrumentingClassLoader                             : loaded 2 times (x 68B)
Class org.gradle.internal.installation.CurrentGradleInstallationLocator               : loaded 2 times (x 69B)
Class org.gradle.api.internal.classpath.Module                                        : loaded 2 times (x 68B)
Class com.google.common.base.Splitter$1$1                                             : loaded 2 times (x 84B)
Class org.gradle.internal.service.CachingServiceLocator                               : loaded 2 times (x 80B)
Class org.gradle.internal.classpath.DefaultClassPath                                  : loaded 2 times (x 88B)
Class com.google.common.base.Splitter$SplittingIterator                               : loaded 2 times (x 82B)
Class com.google.common.base.CharMatcher$Is                                           : loaded 2 times (x 109B)
Class com.google.common.collect.RegularImmutableAsList                                : loaded 2 times (x 176B)
Class org.gradle.internal.classloader.SystemClassLoaderSpec                           : loaded 2 times (x 69B)
Class [Lcom.google.common.base.AbstractIterator$State;                                : loaded 2 times (x 67B)
Class com.google.common.base.AbstractIterator                                         : loaded 2 times (x 78B)
Class com.google.common.base.AbstractIterator$1                                       : loaded 2 times (x 69B)
Class com.google.common.base.CharMatcher$Ascii                                        : loaded 2 times (x 110B)
Class com.google.common.base.CharMatcher$1                                            : loaded 2 times (x 111B)
Class org.gradle.api.UncheckedIOException                                             : loaded 2 times (x 80B)
Class com.google.common.base.CharMatcher$And                                          : loaded 2 times (x 110B)
Class com.google.common.base.CharMatcher$Any                                          : loaded 2 times (x 110B)
Class org.gradle.internal.installation.GradleInstallation                             : loaded 2 times (x 73B)
Class com.google.common.base.CharMatcher$RangesMatcher                                : loaded 2 times (x 110B)
Class com.google.common.collect.ImmutableList$SubList                                 : loaded 2 times (x 168B)
Class org.gradle.internal.classloader.ClasspathUtil                                   : loaded 2 times (x 69B)
Class com.google.common.base.Splitter$1                                               : loaded 2 times (x 75B)
Class org.gradle.api.internal.DefaultClassPathRegistry                                : loaded 2 times (x 74B)
Class org.gradle.api.internal.classpath.DefaultModuleRegistry$DefaultModule           : loaded 2 times (x 84B)
Class com.google.common.base.CharMatcher$JavaIsoControl                               : loaded 2 times (x 110B)
Class com.google.common.base.CharMatcher$Or                                           : loaded 2 times (x 110B)
Class com.google.common.base.CharMatcher$JavaLowerCase                                : loaded 2 times (x 109B)
Class org.gradle.api.internal.classpath.UnknownModuleException                        : loaded 2 times (x 80B)
Class com.google.common.base.CommonPattern                                            : loaded 2 times (x 72B)
Class org.gradle.internal.service.ServiceLookupException                              : loaded 2 times (x 80B)
Class org.gradle.cache.GlobalCache                                                    : loaded 2 times (x 68B)
Class com.google.common.base.CharMatcher$NegatedFastMatcher                           : loaded 2 times (x 111B)
Class [Lorg.gradle.api.internal.ClassPathProvider;                                    : loaded 2 times (x 67B)
Class org.gradle.util.internal.GUtil                                                  : loaded 2 times (x 69B)
Class org.gradle.internal.classloader.ClassLoaderSpec                                 : loaded 2 times (x 69B)
Class com.google.common.base.NullnessCasts                                            : loaded 2 times (x 69B)
Class com.google.common.base.CharMatcher$Negated                                      : loaded 2 times (x 111B)
Class com.google.common.base.CharMatcher$ForPredicate                                 : loaded 2 times (x 110B)
Class org.gradle.internal.classloader.VisitableURLClassLoader                         : loaded 2 times (x 115B)
Class org.gradle.internal.Cast                                                        : loaded 2 times (x 69B)
Class org.gradle.api.internal.ClassPathRegistry                                       : loaded 2 times (x 68B)
Class org.gradle.internal.classloader.VisitableURLClassLoader$InstrumentingVisitableURLClassLoader: loaded 2 times (x 121B)
Class org.gradle.internal.classloader.ClassLoaderHierarchy                            : loaded 2 times (x 68B)
Class com.google.common.base.AbstractIterator$State                                   : loaded 2 times (x 77B)
Class com.google.common.base.CharMatcher$NamedFastMatcher                             : loaded 2 times (x 110B)
Class org.gradle.internal.InternalTransformer                                         : loaded 2 times (x 68B)
Class org.gradle.internal.service.ServiceLocator                                      : loaded 2 times (x 68B)
Class Settings_gradle$1                                                               : loaded 2 times (x 72B)
Class com.google.common.base.CharMatcher$Invisible                                    : loaded 2 times (x 110B)
Class com.google.common.base.CharMatcher$FastMatcher                                  : loaded 2 times (x 109B)
Class org.gradle.internal.classpath.DefaultClassPath$ImmutableUniqueList              : loaded 2 times (x 159B)
Class com.google.common.base.CharMatcher$JavaLetter                                   : loaded 2 times (x 109B)
Class org.gradle.internal.classpath.TransformedClassPath                              : loaded 2 times (x 94B)
Class Settings_gradle                                                                 : loaded 2 times (x 126B)
Class com.google.common.collect.ImmutableAsList                                       : loaded 2 times (x 169B)
Class com.google.common.base.CharMatcher$AnyOf                                        : loaded 2 times (x 110B)
Class com.google.common.base.CharMatcher$IsEither                                     : loaded 2 times (x 109B)
Class com.google.common.collect.RegularImmutableList                                  : loaded 2 times (x 172B)
Class com.google.common.base.CharMatcher$JavaUpperCase                                : loaded 2 times (x 109B)


---------------  S Y S T E M  ---------------

OS:
 Windows 11 , 64 bit Build 22621 (10.0.22621.3958)
OS uptime: 4 days 12:52 hours
Hyper-V role detected

CPU: total 20 (initial active 20) (10 cores per cpu, 2 threads per core) family 6 model 154 stepping 3 microcode 0x429, cx8, cmov, fxsr, ht, mmx, 3dnowpref, sse, sse2, sse3, ssse3, sse4.1, sse4.2, popcnt, lzcnt, tsc, tscinvbit, avx, avx2, aes, erms, clmul, bmi1, bmi2, adx, sha, fma, vzeroupper, clflush, clflushopt, clwb, hv
Processor Information for all 20 processors :
  Max Mhz: 2300, Current Mhz: 2300, Mhz Limit: 2300

Memory: 4k page, system-wide physical 16004M (6356M free)
TotalPageFile size 18052M (AvailPageFile size 15M)
current process WorkingSet (physical memory assigned to process): 300M, peak: 300M
current process commit charge ("private bytes"): 350M, peak: 413M

vm_info: OpenJDK 64-Bit Server VM (17.0.10+0--11609105) for windows-amd64 JRE (17.0.10+0--11609105), built on Mar 21 2024 19:10:56 by "androidbuild" with MS VC++ 16.10 / 16.11 (VS2019)

END.
