#
# There is insufficient memory for the Java Runtime Environment to continue.
# Native memory allocation (mmap) failed to map 108003328 bytes for G1 virtual space
# Possible reasons:
#   The system is out of physical RAM or swap space
#   The process is running with CompressedOops enabled, and the Java Heap may be blocking the growth of the native heap
# Possible solutions:
#   Reduce memory load on the system
#   Increase physical memory or swap space
#   Check if swap backing store is full
#   Decrease Java heap size (-Xmx/-Xms)
#   Decrease number of Java threads
#   Decrease Java thread stack sizes (-Xss)
#   Set larger code cache with -XX:ReservedCodeCacheSize=
#   JVM is running with Unscaled Compressed Oops mode in which the Java heap is
#     placed in the first 4GB address space. The Java Heap base address is the
#     maximum limit for the native heap growth. Please use -XX:HeapBaseMinAddress
#     to set the Java Heap base and to place the Java Heap above 4GB virtual address.
# This output file may be truncated or incomplete.
#
#  Out of Memory Error (os_windows.cpp:3825), pid=3776, tid=12532
#
# JRE version: OpenJDK Runtime Environment (17.0.10) (build 17.0.10+0--11609105)
# Java VM: OpenJDK 64-Bit Server VM (17.0.10+0--11609105, mixed mode, tiered, compressed oops, compressed class ptrs, g1 gc, windows-amd64)
# No core dump will be written. Minidumps are not enabled by default on client versions of Windows
#

---------------  S U M M A R Y ------------

Command Line: --add-opens=java.base/java.util=ALL-UNNAMED --add-opens=java.base/java.lang=ALL-UNNAMED --add-opens=java.base/java.lang.invoke=ALL-UNNAMED --add-opens=java.prefs/java.util.prefs=ALL-UNNAMED --add-opens=java.base/java.nio.charset=ALL-UNNAMED --add-opens=java.base/java.net=ALL-UNNAMED --add-opens=java.base/java.util.concurrent.atomic=ALL-UNNAMED -Xmx2048m -Dfile.encoding=UTF-8 -Duser.country=US -Duser.language=en -Duser.variant -javaagent:C:\Users\Hashem Arenat\.gradle\wrapper\dists\gradle-8.7-bin\bhs2wmbdwecv87pi65oeuq5iu\gradle-8.7\lib\agents\gradle-instrumentation-agent-8.7.jar org.gradle.launcher.daemon.bootstrap.GradleDaemon 8.7

Host: 12th Gen Intel(R) Core(TM) i7-12700H, 20 cores, 15G,  Windows 11 , 64 bit Build 22621 (10.0.22621.3958)
Time: Fri Nov  8 20:25:39 2024 Jerusalem Standard Time elapsed time: 4.084102 seconds (0d 0h 0m 4s)

---------------  T H R E A D  ---------------

Current thread (0x0000022a9fdeec20):  VMThread "VM Thread" [stack: 0x0000003da7a00000,0x0000003da7b00000] [id=12532]

Stack: [0x0000003da7a00000,0x0000003da7b00000]
Native frames: (J=compiled Java code, j=interpreted, Vv=VM code, C=native code)
V  [jvm.dll+0x688de9]
V  [jvm.dll+0x8423da]
V  [jvm.dll+0x84401e]
V  [jvm.dll+0x844683]
V  [jvm.dll+0x24be0f]
V  [jvm.dll+0x685bb9]
V  [jvm.dll+0x67a46a]
V  [jvm.dll+0x30cbab]
V  [jvm.dll+0x314056]
V  [jvm.dll+0x363dce]
V  [jvm.dll+0x363fff]
V  [jvm.dll+0x2e2978]
V  [jvm.dll+0x2e0b54]
V  [jvm.dll+0x2e015c]
V  [jvm.dll+0x325351]
V  [jvm.dll+0x848d7b]
V  [jvm.dll+0x849ac1]
V  [jvm.dll+0x849fdd]
V  [jvm.dll+0x84a3b4]
V  [jvm.dll+0x84a480]
V  [jvm.dll+0x7f0c7a]
V  [jvm.dll+0x687c65]
C  [ucrtbase.dll+0x29333]
C  [KERNEL32.DLL+0x1257d]
C  [ntdll.dll+0x5af08]

VM_Operation (0x0000003da99f77d0): G1TryInitiateConcMark, mode: safepoint, requested by thread 0x0000022aa68f21c0


---------------  P R O C E S S  ---------------

Threads class SMR info:
_java_thread_list=0x0000022aa9a8fa80, length=80, elements={
0x0000022a85081e60, 0x0000022a9ffaa630, 0x0000022a9ffab8d0, 0x0000022a9fffd2c0,
0x0000022a9fffdcf0, 0x0000022aa0001ce0, 0x0000022aa00026a0, 0x0000022aa0003440,
0x0000022aa0003ef0, 0x0000022aa0004d00, 0x0000022a9ff80400, 0x0000022aa01dcfb0,
0x0000022aa02e7850, 0x0000022aa02ed020, 0x0000022aa08102b0, 0x0000022aa09b3330,
0x0000022aa5b79480, 0x0000022aa6400d50, 0x0000022aa54ad220, 0x0000022aa6590850,
0x0000022aa62ce5b0, 0x0000022aa54700f0, 0x0000022aa68eef20, 0x0000022aa68f21c0,
0x0000022aa68f0870, 0x0000022aa68f0d80, 0x0000022aa68ef940, 0x0000022aa68efe50,
0x0000022aa68eea10, 0x0000022aa68ef430, 0x0000022aa68f0360, 0x0000022aa89ba8e0,
0x0000022aa89b94a0, 0x0000022aa89badf0, 0x0000022aa89b99b0, 0x0000022aa89b8a80,
0x0000022aa89ba3d0, 0x0000022aa5b78f30, 0x0000022aa89b9ec0, 0x0000022aa89b8060,
0x0000022aa89b8570, 0x0000022aa7f23370, 0x0000022aa7f25bf0, 0x0000022aa7f22440,
0x0000022aa7f22950, 0x0000022aa7f22e60, 0x0000022aa7f26610, 0x0000022aa7f247b0,
0x0000022aa7f27030, 0x0000022aa7f26100, 0x0000022aa7f21a20, 0x0000022aa7f23880,
0x0000022aa7f21f30, 0x0000022aa7f256e0, 0x0000022aa7f23d90, 0x0000022aa7f242a0,
0x0000022aa7f251d0, 0x0000022aa7f26b20, 0x0000022aa7f24cc0, 0x0000022aa7f27540,
0x0000022aa7f200d0, 0x0000022aa7f27a50, 0x0000022aa7f205e0, 0x0000022aa7f20af0,
0x0000022aa7f21000, 0x0000022aa7f21510, 0x0000022aaa0f23c0, 0x0000022aaa0f0560,
0x0000022aaa0f6590, 0x0000022aaa0f0a70, 0x0000022aaa0f6aa0, 0x0000022aaa0f0f80,
0x0000022aaa0f1eb0, 0x0000022aaa0ef630, 0x0000022aaa0f32f0, 0x0000022aaa0f6fb0,
0x0000022aaa0f5660, 0x0000022aa5b7b9b0, 0x0000022aa5b7a9c0, 0x0000022aa5b799d0
}

Java Threads: ( => current thread )
  0x0000022a85081e60 JavaThread "main" [_thread_blocked, id=15072, stack(0x0000003da7400000,0x0000003da7500000)]
  0x0000022a9ffaa630 JavaThread "Reference Handler" daemon [_thread_blocked, id=17552, stack(0x0000003da7b00000,0x0000003da7c00000)]
  0x0000022a9ffab8d0 JavaThread "Finalizer" daemon [_thread_blocked, id=15592, stack(0x0000003da7c00000,0x0000003da7d00000)]
  0x0000022a9fffd2c0 JavaThread "Signal Dispatcher" daemon [_thread_blocked, id=22220, stack(0x0000003da7d00000,0x0000003da7e00000)]
  0x0000022a9fffdcf0 JavaThread "Attach Listener" daemon [_thread_blocked, id=16736, stack(0x0000003da7e00000,0x0000003da7f00000)]
  0x0000022aa0001ce0 JavaThread "Service Thread" daemon [_thread_blocked, id=9020, stack(0x0000003da7f00000,0x0000003da8000000)]
  0x0000022aa00026a0 JavaThread "Monitor Deflation Thread" daemon [_thread_blocked, id=6580, stack(0x0000003da8000000,0x0000003da8100000)]
  0x0000022aa0003440 JavaThread "C2 CompilerThread0" daemon [_thread_in_native, id=5244, stack(0x0000003da8100000,0x0000003da8200000)]
  0x0000022aa0003ef0 JavaThread "C1 CompilerThread0" daemon [_thread_blocked, id=27472, stack(0x0000003da8200000,0x0000003da8300000)]
  0x0000022aa0004d00 JavaThread "Sweeper thread" daemon [_thread_blocked, id=16244, stack(0x0000003da8300000,0x0000003da8400000)]
  0x0000022a9ff80400 JavaThread "Common-Cleaner" daemon [_thread_blocked, id=28060, stack(0x0000003da8400000,0x0000003da8500000)]
  0x0000022aa01dcfb0 JavaThread "C1 CompilerThread1" daemon [_thread_blocked, id=2136, stack(0x0000003da8500000,0x0000003da8600000)]
  0x0000022aa02e7850 JavaThread "Notification Thread" daemon [_thread_blocked, id=6708, stack(0x0000003da8600000,0x0000003da8700000)]
  0x0000022aa02ed020 JavaThread "C2 CompilerThread1" daemon [_thread_blocked, id=12108, stack(0x0000003da8800000,0x0000003da8900000)]
  0x0000022aa08102b0 JavaThread "C2 CompilerThread2" daemon [_thread_blocked, id=23296, stack(0x0000003da8900000,0x0000003da8a00000)]
  0x0000022aa09b3330 JavaThread "C1 CompilerThread2" daemon [_thread_blocked, id=28072, stack(0x0000003da8c00000,0x0000003da8d00000)]
  0x0000022aa5b79480 JavaThread "C1 CompilerThread3" daemon [_thread_blocked, id=26440, stack(0x0000003da9200000,0x0000003da9300000)]
  0x0000022aa6400d50 JavaThread "Daemon health stats" [_thread_blocked, id=4932, stack(0x0000003da9300000,0x0000003da9400000)]
  0x0000022aa54ad220 JavaThread "Incoming local TCP Connector on port 63366" [_thread_in_native, id=29000, stack(0x0000003da9400000,0x0000003da9500000)]
  0x0000022aa6590850 JavaThread "Daemon periodic checks" [_thread_blocked, id=4152, stack(0x0000003da9500000,0x0000003da9600000)]
  0x0000022aa62ce5b0 JavaThread "Daemon" [_thread_blocked, id=28024, stack(0x0000003da9600000,0x0000003da9700000)]
  0x0000022aa54700f0 JavaThread "Handler for socket connection from /127.0.0.1:63366 to /127.0.0.1:63367" [_thread_in_native, id=21124, stack(0x0000003da9700000,0x0000003da9800000)]
  0x0000022aa68eef20 JavaThread "Cancel handler" [_thread_blocked, id=26008, stack(0x0000003da9800000,0x0000003da9900000)]
  0x0000022aa68f21c0 JavaThread "Daemon worker" [_thread_blocked, id=28392, stack(0x0000003da9900000,0x0000003da9a00000)]
  0x0000022aa68f0870 JavaThread "Asynchronous log dispatcher for DefaultDaemonConnection: socket connection from /127.0.0.1:63366 to /127.0.0.1:63367" [_thread_blocked, id=28080, stack(0x0000003da9a00000,0x0000003da9b00000)]
  0x0000022aa68f0d80 JavaThread "Stdin handler" [_thread_blocked, id=29112, stack(0x0000003da9b00000,0x0000003da9c00000)]
  0x0000022aa68ef940 JavaThread "Daemon client event forwarder" [_thread_blocked, id=27652, stack(0x0000003da9c00000,0x0000003da9d00000)]
  0x0000022aa68efe50 JavaThread "Cache worker for journal cache (C:\Users\Hashem Arenat\.gradle\caches\journal-1)" [_thread_blocked, id=7656, stack(0x0000003daa900000,0x0000003daaa00000)]
  0x0000022aa68eea10 JavaThread "File lock request listener" [_thread_in_native, id=12724, stack(0x0000003daaa00000,0x0000003daab00000)]
  0x0000022aa68ef430 JavaThread "Cache worker for file hash cache (C:\Users\Hashem Arenat\.gradle\caches\8.7\fileHashes)" [_thread_blocked, id=22460, stack(0x0000003daab00000,0x0000003daac00000)]
  0x0000022aa68f0360 JavaThread "Cache worker for file hash cache (C:\Users\Hashem Arenat\AndroidStudioProjects\ECommerce\.gradle\8.7\fileHashes)" [_thread_blocked, id=26984, stack(0x0000003da8a00000,0x0000003da8b00000)]
  0x0000022aa89ba8e0 JavaThread "File watcher server" daemon [_thread_in_native, id=9968, stack(0x0000003da8b00000,0x0000003da8c00000)]
  0x0000022aa89b94a0 JavaThread "File watcher consumer" daemon [_thread_blocked, id=22272, stack(0x0000003daac00000,0x0000003daad00000)]
  0x0000022aa89badf0 JavaThread "Cache worker for checksums cache (C:\Users\Hashem Arenat\AndroidStudioProjects\ECommerce\.gradle\8.7\checksums)" [_thread_blocked, id=3324, stack(0x0000003daad00000,0x0000003daae00000)]
  0x0000022aa89b99b0 JavaThread "Cache worker for cache directory md-supplier (C:\Users\Hashem Arenat\.gradle\caches\8.7\md-supplier)" [_thread_blocked, id=19692, stack(0x0000003daae00000,0x0000003daaf00000)]
  0x0000022aa89b8a80 JavaThread "Cache worker for cache directory md-rule (C:\Users\Hashem Arenat\.gradle\caches\8.7\md-rule)" [_thread_blocked, id=26780, stack(0x0000003daaf00000,0x0000003dab000000)]
  0x0000022aa89ba3d0 JavaThread "Cache worker for file content cache (C:\Users\Hashem Arenat\.gradle\caches\8.7\fileContent)" [_thread_blocked, id=20440, stack(0x0000003dab000000,0x0000003dab100000)]
  0x0000022aa5b78f30 JavaThread "C2 CompilerThread3" daemon [_thread_in_native, id=27032, stack(0x0000003dab100000,0x0000003dab200000)]
  0x0000022aa89b9ec0 JavaThread "Cache worker for Build Output Cleanup Cache (C:\Users\Hashem Arenat\AndroidStudioProjects\ECommerce\.gradle\buildOutputCleanup)" [_thread_blocked, id=18856, stack(0x0000003dab300000,0x0000003dab400000)]
  0x0000022aa89b8060 JavaThread "Unconstrained build operations" [_thread_blocked, id=5096, stack(0x0000003dab200000,0x0000003dab300000)]
  0x0000022aa89b8570 JavaThread "Unconstrained build operations Thread 2" [_thread_blocked, id=21160, stack(0x0000003dab400000,0x0000003dab500000)]
  0x0000022aa7f23370 JavaThread "Unconstrained build operations Thread 3" [_thread_blocked, id=10892, stack(0x0000003dab500000,0x0000003dab600000)]
  0x0000022aa7f25bf0 JavaThread "Unconstrained build operations Thread 4" [_thread_blocked, id=14024, stack(0x0000003dab600000,0x0000003dab700000)]
  0x0000022aa7f22440 JavaThread "Unconstrained build operations Thread 5" [_thread_blocked, id=29644, stack(0x0000003dab700000,0x0000003dab800000)]
  0x0000022aa7f22950 JavaThread "Unconstrained build operations Thread 6" [_thread_blocked, id=3880, stack(0x0000003dab800000,0x0000003dab900000)]
  0x0000022aa7f22e60 JavaThread "Unconstrained build operations Thread 7" [_thread_blocked, id=13320, stack(0x0000003dab900000,0x0000003daba00000)]
  0x0000022aa7f26610 JavaThread "Unconstrained build operations Thread 8" [_thread_blocked, id=16452, stack(0x0000003daba00000,0x0000003dabb00000)]
  0x0000022aa7f247b0 JavaThread "Unconstrained build operations Thread 9" [_thread_blocked, id=3224, stack(0x0000003dabb00000,0x0000003dabc00000)]
  0x0000022aa7f27030 JavaThread "Unconstrained build operations Thread 10" [_thread_blocked, id=2440, stack(0x0000003dabc00000,0x0000003dabd00000)]
  0x0000022aa7f26100 JavaThread "Unconstrained build operations Thread 11" [_thread_blocked, id=22684, stack(0x0000003dabd00000,0x0000003dabe00000)]
  0x0000022aa7f21a20 JavaThread "Unconstrained build operations Thread 12" [_thread_blocked, id=20064, stack(0x0000003dabe00000,0x0000003dabf00000)]
  0x0000022aa7f23880 JavaThread "Unconstrained build operations Thread 13" [_thread_blocked, id=8536, stack(0x0000003dabf00000,0x0000003dac000000)]
  0x0000022aa7f21f30 JavaThread "Unconstrained build operations Thread 14" [_thread_blocked, id=15428, stack(0x0000003dac000000,0x0000003dac100000)]
  0x0000022aa7f256e0 JavaThread "Unconstrained build operations Thread 15" [_thread_blocked, id=7444, stack(0x0000003dac100000,0x0000003dac200000)]
  0x0000022aa7f23d90 JavaThread "Unconstrained build operations Thread 16" [_thread_blocked, id=24356, stack(0x0000003dac200000,0x0000003dac300000)]
  0x0000022aa7f242a0 JavaThread "Unconstrained build operations Thread 17" [_thread_blocked, id=19772, stack(0x0000003dac300000,0x0000003dac400000)]
  0x0000022aa7f251d0 JavaThread "Unconstrained build operations Thread 18" [_thread_blocked, id=11704, stack(0x0000003dac400000,0x0000003dac500000)]
  0x0000022aa7f26b20 JavaThread "Unconstrained build operations Thread 19" [_thread_blocked, id=22756, stack(0x0000003dac500000,0x0000003dac600000)]
  0x0000022aa7f24cc0 JavaThread "Unconstrained build operations Thread 20" [_thread_blocked, id=25192, stack(0x0000003dac600000,0x0000003dac700000)]
  0x0000022aa7f27540 JavaThread "Unconstrained build operations Thread 21" [_thread_blocked, id=16284, stack(0x0000003dac700000,0x0000003dac800000)]
  0x0000022aa7f200d0 JavaThread "Unconstrained build operations Thread 22" [_thread_blocked, id=18048, stack(0x0000003dac800000,0x0000003dac900000)]
  0x0000022aa7f27a50 JavaThread "Unconstrained build operations Thread 23" [_thread_blocked, id=240, stack(0x0000003dac900000,0x0000003daca00000)]
  0x0000022aa7f205e0 JavaThread "Unconstrained build operations Thread 24" [_thread_blocked, id=6156, stack(0x0000003daca00000,0x0000003dacb00000)]
  0x0000022aa7f20af0 JavaThread "Unconstrained build operations Thread 25" [_thread_blocked, id=29648, stack(0x0000003dacb00000,0x0000003dacc00000)]
  0x0000022aa7f21000 JavaThread "Unconstrained build operations Thread 26" [_thread_blocked, id=29452, stack(0x0000003dacc00000,0x0000003dacd00000)]
  0x0000022aa7f21510 JavaThread "Unconstrained build operations Thread 27" [_thread_blocked, id=23240, stack(0x0000003dacd00000,0x0000003dace00000)]
  0x0000022aaa0f23c0 JavaThread "Unconstrained build operations Thread 28" [_thread_blocked, id=14044, stack(0x0000003dace00000,0x0000003dacf00000)]
  0x0000022aaa0f0560 JavaThread "Unconstrained build operations Thread 29" [_thread_blocked, id=21444, stack(0x0000003dacf00000,0x0000003dad000000)]
  0x0000022aaa0f6590 JavaThread "Unconstrained build operations Thread 30" [_thread_blocked, id=27752, stack(0x0000003dad000000,0x0000003dad100000)]
  0x0000022aaa0f0a70 JavaThread "Unconstrained build operations Thread 31" [_thread_blocked, id=22916, stack(0x0000003dad100000,0x0000003dad200000)]
  0x0000022aaa0f6aa0 JavaThread "Unconstrained build operations Thread 32" [_thread_blocked, id=4788, stack(0x0000003dad200000,0x0000003dad300000)]
  0x0000022aaa0f0f80 JavaThread "Unconstrained build operations Thread 33" [_thread_blocked, id=12760, stack(0x0000003dad300000,0x0000003dad400000)]
  0x0000022aaa0f1eb0 JavaThread "Unconstrained build operations Thread 34" [_thread_blocked, id=16420, stack(0x0000003dad400000,0x0000003dad500000)]
  0x0000022aaa0ef630 JavaThread "Unconstrained build operations Thread 35" [_thread_blocked, id=24312, stack(0x0000003dad500000,0x0000003dad600000)]
  0x0000022aaa0f32f0 JavaThread "Unconstrained build operations Thread 36" [_thread_blocked, id=28980, stack(0x0000003dad600000,0x0000003dad700000)]
  0x0000022aaa0f6fb0 JavaThread "Unconstrained build operations Thread 37" [_thread_blocked, id=19228, stack(0x0000003dad700000,0x0000003dad800000)]
  0x0000022aaa0f5660 JavaThread "Unconstrained build operations Thread 38" [_thread_blocked, id=22384, stack(0x0000003dad800000,0x0000003dad900000)]
  0x0000022aa5b7b9b0 JavaThread "C2 CompilerThread4" daemon [_thread_blocked, id=14296, stack(0x0000003dad900000,0x0000003dada00000)]
  0x0000022aa5b7a9c0 JavaThread "C2 CompilerThread5" daemon [_thread_blocked, id=20244, stack(0x0000003dada00000,0x0000003dadb00000)]
  0x0000022aa5b799d0 JavaThread "C2 CompilerThread6" daemon [_thread_blocked, id=13096, stack(0x0000003dadb00000,0x0000003dadc00000)]

Other Threads:
=>0x0000022a9fdeec20 VMThread "VM Thread" [stack: 0x0000003da7a00000,0x0000003da7b00000] [id=12532]
  0x0000022aa02ea550 WatcherThread [stack: 0x0000003da8700000,0x0000003da8800000] [id=14096]
  0x0000022a850e1c50 GCTaskThread "GC Thread#0" [stack: 0x0000003da7500000,0x0000003da7600000] [id=12844]
  0x0000022aa0b69e80 GCTaskThread "GC Thread#1" [stack: 0x0000003da8d00000,0x0000003da8e00000] [id=10328]
  0x0000022aa548fe50 GCTaskThread "GC Thread#2" [stack: 0x0000003da8e00000,0x0000003da8f00000] [id=13528]
  0x0000022aa60ed5c0 GCTaskThread "GC Thread#3" [stack: 0x0000003da8f00000,0x0000003da9000000] [id=14632]
  0x0000022aa5de4010 GCTaskThread "GC Thread#4" [stack: 0x0000003da9000000,0x0000003da9100000] [id=452]
  0x0000022aa5de42d0 GCTaskThread "GC Thread#5" [stack: 0x0000003da9100000,0x0000003da9200000] [id=24064]
  0x0000022aa6e96c00 GCTaskThread "GC Thread#6" [stack: 0x0000003da9d00000,0x0000003da9e00000] [id=18984]
  0x0000022aa6a1d800 GCTaskThread "GC Thread#7" [stack: 0x0000003da9e00000,0x0000003da9f00000] [id=5000]
  0x0000022aa6a8dc50 GCTaskThread "GC Thread#8" [stack: 0x0000003da9f00000,0x0000003daa000000] [id=19268]
  0x0000022aa5f779b0 GCTaskThread "GC Thread#9" [stack: 0x0000003daa000000,0x0000003daa100000] [id=28732]
  0x0000022aa7036820 GCTaskThread "GC Thread#10" [stack: 0x0000003daa100000,0x0000003daa200000] [id=27272]
  0x0000022aa6b74260 GCTaskThread "GC Thread#11" [stack: 0x0000003daa200000,0x0000003daa300000] [id=21348]
  0x0000022aa6a21700 GCTaskThread "GC Thread#12" [stack: 0x0000003daa300000,0x0000003daa400000] [id=22648]
  0x0000022aa6914c00 GCTaskThread "GC Thread#13" [stack: 0x0000003daa400000,0x0000003daa500000] [id=8024]
  0x0000022aa703e040 GCTaskThread "GC Thread#14" [stack: 0x0000003daa500000,0x0000003daa600000] [id=28008]
  0x0000022a850f2180 ConcurrentGCThread "G1 Main Marker" [stack: 0x0000003da7600000,0x0000003da7700000] [id=11300]
  0x0000022a850f2ba0 ConcurrentGCThread "G1 Conc#0" [stack: 0x0000003da7700000,0x0000003da7800000] [id=28312]
  0x0000022aa544b010 ConcurrentGCThread "G1 Conc#1" [stack: 0x0000003daa600000,0x0000003daa700000] [id=20192]
  0x0000022aa544ad50 ConcurrentGCThread "G1 Conc#2" [stack: 0x0000003daa700000,0x0000003daa800000] [id=1756]
  0x0000022aa544b2d0 ConcurrentGCThread "G1 Conc#3" [stack: 0x0000003daa800000,0x0000003daa900000] [id=24056]
  0x0000022a9fcedef0 ConcurrentGCThread "G1 Refine#0" [stack: 0x0000003da7800000,0x0000003da7900000] [id=26920]
  0x0000022a9fcee920 ConcurrentGCThread "G1 Service" [stack: 0x0000003da7900000,0x0000003da7a00000] [id=24916]

Threads with active compile tasks:
C2 CompilerThread0     4097 6961       4       org.gradle.cache.internal.btree.CachingBlockStore::read (56 bytes)
C2 CompilerThread3     4097 6962       4       org.gradle.cache.internal.btree.FreeListBlockStore::read (12 bytes)
C2 CompilerThread5     4097 6980 %     4       java.util.zip.ZipFile$Source::initCEN @ 240 (591 bytes)

VM state: at safepoint (normal execution)

VM Mutex/Monitor currently owned by a thread:  ([mutex/lock_event])
[0x0000022a8507e760] Threads_lock - owner thread: 0x0000022a9fdeec20
[0x0000022a8507ddd0] Heap_lock - owner thread: 0x0000022aa68f21c0

Heap address: 0x0000000080000000, size: 2048 MB, Compressed Oops mode: 32-bit

CDS archive(s) not mapped
Compressed class space mapped at: 0x0000000100000000-0x0000000140000000, reserved size: 1073741824
Narrow klass base: 0x0000000000000000, Narrow klass shift: 3, Narrow klass range: 0x140000000

GC Precious Log:
 CPUs: 20 total, 20 available
 Memory: 16004M
 Large Page Support: Disabled
 NUMA Support: Disabled
 Compressed Oops: Enabled (32-bit)
 Heap Region Size: 1M
 Heap Min Capacity: 8M
 Heap Initial Capacity: 252M
 Heap Max Capacity: 2G
 Pre-touch: Disabled
 Parallel Workers: 15
 Concurrent Workers: 4
 Concurrent Refinement Workers: 15
 Periodic GC: Disabled

Heap:
 garbage-first heap   total 98304K, used 54396K [0x0000000080000000, 0x0000000100000000)
  region size 1024K, 3 young (3072K), 3 survivors (3072K)
 Metaspace       used 55222K, committed 55744K, reserved 1114112K
  class space    used 7510K, committed 7744K, reserved 1048576K

Heap Regions: E=young(eden), S=young(survivor), O=old, HS=humongous(starts), HC=humongous(continues), CS=collection set, F=free, OA=open archive, CA=closed archive, TAMS=top-at-mark-start (previous, next)
|   0|0x0000000080000000, 0x0000000080100000, 0x0000000080100000|100%|HS|  |TAMS 0x0000000080100000, 0x0000000080100000| Complete 
|   1|0x0000000080100000, 0x0000000080200000, 0x0000000080200000|100%|HC|  |TAMS 0x0000000080200000, 0x0000000080200000| Complete 
|   2|0x0000000080200000, 0x0000000080300000, 0x0000000080300000|100%|HC|  |TAMS 0x0000000080300000, 0x0000000080300000| Complete 
|   3|0x0000000080300000, 0x0000000080400000, 0x0000000080400000|100%|HC|  |TAMS 0x0000000080400000, 0x0000000080400000| Complete 
|   4|0x0000000080400000, 0x0000000080500000, 0x0000000080500000|100%| O|  |TAMS 0x0000000080500000, 0x0000000080500000| Untracked 
|   5|0x0000000080500000, 0x0000000080600000, 0x0000000080600000|100%| O|  |TAMS 0x0000000080600000, 0x0000000080600000| Untracked 
|   6|0x0000000080600000, 0x0000000080700000, 0x0000000080700000|100%| O|  |TAMS 0x0000000080700000, 0x0000000080700000| Untracked 
|   7|0x0000000080700000, 0x0000000080800000, 0x0000000080800000|100%| O|  |TAMS 0x0000000080800000, 0x0000000080800000| Untracked 
|   8|0x0000000080800000, 0x0000000080900000, 0x0000000080900000|100%| O|  |TAMS 0x0000000080900000, 0x0000000080900000| Untracked 
|   9|0x0000000080900000, 0x0000000080a00000, 0x0000000080a00000|100%| O|  |TAMS 0x0000000080a00000, 0x0000000080a00000| Untracked 
|  10|0x0000000080a00000, 0x0000000080b00000, 0x0000000080b00000|100%| O|  |TAMS 0x0000000080b00000, 0x0000000080b00000| Untracked 
|  11|0x0000000080b00000, 0x0000000080c00000, 0x0000000080c00000|100%| O|  |TAMS 0x0000000080c00000, 0x0000000080c00000| Untracked 
|  12|0x0000000080c00000, 0x0000000080d00000, 0x0000000080d00000|100%| O|  |TAMS 0x0000000080d00000, 0x0000000080d00000| Untracked 
|  13|0x0000000080d00000, 0x0000000080e00000, 0x0000000080e00000|100%| O|  |TAMS 0x0000000080e00000, 0x0000000080e00000| Untracked 
|  14|0x0000000080e00000, 0x0000000080f00000, 0x0000000080f00000|100%| O|  |TAMS 0x0000000080f00000, 0x0000000080f00000| Untracked 
|  15|0x0000000080f00000, 0x0000000081000000, 0x0000000081000000|100%| O|  |TAMS 0x0000000081000000, 0x0000000081000000| Untracked 
|  16|0x0000000081000000, 0x0000000081100000, 0x0000000081100000|100%| O|  |TAMS 0x0000000081100000, 0x0000000081100000| Untracked 
|  17|0x0000000081100000, 0x0000000081200000, 0x0000000081200000|100%| O|  |TAMS 0x0000000081200000, 0x0000000081200000| Untracked 
|  18|0x0000000081200000, 0x0000000081300000, 0x0000000081300000|100%| O|  |TAMS 0x0000000081300000, 0x0000000081300000| Untracked 
|  19|0x0000000081300000, 0x0000000081400000, 0x0000000081400000|100%| O|  |TAMS 0x0000000081400000, 0x0000000081400000| Untracked 
|  20|0x0000000081400000, 0x0000000081500000, 0x0000000081500000|100%| O|  |TAMS 0x0000000081500000, 0x0000000081500000| Untracked 
|  21|0x0000000081500000, 0x0000000081600000, 0x0000000081600000|100%| O|  |TAMS 0x0000000081600000, 0x0000000081600000| Untracked 
|  22|0x0000000081600000, 0x0000000081700000, 0x0000000081700000|100%| O|  |TAMS 0x0000000081700000, 0x0000000081700000| Untracked 
|  23|0x0000000081700000, 0x0000000081800000, 0x0000000081800000|100%| O|  |TAMS 0x0000000081800000, 0x0000000081800000| Untracked 
|  24|0x0000000081800000, 0x0000000081900000, 0x0000000081900000|100%| O|  |TAMS 0x0000000081900000, 0x0000000081900000| Untracked 
|  25|0x0000000081900000, 0x0000000081a00000, 0x0000000081a00000|100%| O|  |TAMS 0x0000000081a00000, 0x0000000081a00000| Untracked 
|  26|0x0000000081a00000, 0x0000000081b00000, 0x0000000081b00000|100%| O|  |TAMS 0x0000000081b00000, 0x0000000081b00000| Untracked 
|  27|0x0000000081b00000, 0x0000000081c00000, 0x0000000081c00000|100%| O|  |TAMS 0x0000000081c00000, 0x0000000081c00000| Untracked 
|  28|0x0000000081c00000, 0x0000000081d00000, 0x0000000081d00000|100%| O|  |TAMS 0x0000000081d00000, 0x0000000081d00000| Untracked 
|  29|0x0000000081d00000, 0x0000000081e00000, 0x0000000081e00000|100%| O|  |TAMS 0x0000000081e00000, 0x0000000081e00000| Untracked 
|  30|0x0000000081e00000, 0x0000000081f00000, 0x0000000081f00000|100%| O|  |TAMS 0x0000000081f00000, 0x0000000081f00000| Untracked 
|  31|0x0000000081f00000, 0x0000000082000000, 0x0000000082000000|100%| O|  |TAMS 0x0000000082000000, 0x0000000082000000| Untracked 
|  32|0x0000000082000000, 0x0000000082100000, 0x0000000082100000|100%| O|  |TAMS 0x0000000082100000, 0x0000000082100000| Untracked 
|  33|0x0000000082100000, 0x0000000082200000, 0x0000000082200000|100%| O|  |TAMS 0x0000000082200000, 0x0000000082200000| Untracked 
|  34|0x0000000082200000, 0x0000000082300000, 0x0000000082300000|100%| O|  |TAMS 0x0000000082300000, 0x0000000082300000| Untracked 
|  35|0x0000000082300000, 0x0000000082400000, 0x0000000082400000|100%| O|  |TAMS 0x0000000082400000, 0x0000000082400000| Untracked 
|  36|0x0000000082400000, 0x0000000082500000, 0x0000000082500000|100%| O|  |TAMS 0x0000000082500000, 0x0000000082500000| Untracked 
|  37|0x0000000082500000, 0x0000000082600000, 0x0000000082600000|100%| O|  |TAMS 0x000000008257ee00, 0x0000000082600000| Untracked 
|  38|0x0000000082600000, 0x0000000082700000, 0x0000000082700000|100%|HS|  |TAMS 0x0000000082700000, 0x0000000082700000| Complete 
|  39|0x0000000082700000, 0x0000000082800000, 0x0000000082800000|100%|HS|  |TAMS 0x0000000082800000, 0x0000000082800000| Complete 
|  40|0x0000000082800000, 0x0000000082900000, 0x0000000082900000|100%|HS|  |TAMS 0x0000000082900000, 0x0000000082900000| Complete 
|  41|0x0000000082900000, 0x0000000082a00000, 0x0000000082a00000|100%|HC|  |TAMS 0x0000000082a00000, 0x0000000082a00000| Complete 
|  42|0x0000000082a00000, 0x0000000082b00000, 0x0000000082b00000|100%|HS|  |TAMS 0x0000000082b00000, 0x0000000082b00000| Complete 
|  43|0x0000000082b00000, 0x0000000082c00000, 0x0000000082c00000|100%|HC|  |TAMS 0x0000000082c00000, 0x0000000082c00000| Complete 
|  44|0x0000000082c00000, 0x0000000082d00000, 0x0000000082d00000|100%| O|  |TAMS 0x0000000082c00000, 0x0000000082d00000| Untracked 
|  45|0x0000000082d00000, 0x0000000082e00000, 0x0000000082e00000|100%| O|  |TAMS 0x0000000082d00000, 0x0000000082d2ea00| Untracked 
|  46|0x0000000082e00000, 0x0000000082f00000, 0x0000000082f00000|100%|HS|  |TAMS 0x0000000082e00000, 0x0000000082f00000| Complete 
|  47|0x0000000082f00000, 0x0000000083000000, 0x0000000083000000|100%| O|  |TAMS 0x0000000082f00000, 0x0000000082f00000| Untracked 
|  48|0x0000000083000000, 0x0000000083100000, 0x0000000083100000|100%| O|  |TAMS 0x0000000083000000, 0x0000000083000000| Untracked 
|  49|0x0000000083100000, 0x0000000083200000, 0x0000000083200000|100%| O|  |TAMS 0x0000000083100000, 0x0000000083100000| Untracked 
|  50|0x0000000083200000, 0x00000000832af000, 0x0000000083300000| 68%| O|  |TAMS 0x0000000083200000, 0x0000000083200000| Untracked 
|  51|0x0000000083300000, 0x0000000083300000, 0x0000000083400000|  0%| F|  |TAMS 0x0000000083300000, 0x0000000083300000| Untracked 
|  52|0x0000000083400000, 0x0000000083400000, 0x0000000083500000|  0%| F|  |TAMS 0x0000000083400000, 0x0000000083400000| Untracked 
|  53|0x0000000083500000, 0x0000000083500000, 0x0000000083600000|  0%| F|  |TAMS 0x0000000083500000, 0x0000000083500000| Untracked 
|  54|0x0000000083600000, 0x0000000083600000, 0x0000000083700000|  0%| F|  |TAMS 0x0000000083600000, 0x0000000083600000| Untracked 
|  55|0x0000000083700000, 0x0000000083700000, 0x0000000083800000|  0%| F|  |TAMS 0x0000000083700000, 0x0000000083700000| Untracked 
|  56|0x0000000083800000, 0x0000000083800000, 0x0000000083900000|  0%| F|  |TAMS 0x0000000083800000, 0x0000000083800000| Untracked 
|  57|0x0000000083900000, 0x0000000083900000, 0x0000000083a00000|  0%| F|  |TAMS 0x0000000083900000, 0x0000000083900000| Untracked 
|  58|0x0000000083a00000, 0x0000000083a00000, 0x0000000083b00000|  0%| F|  |TAMS 0x0000000083a00000, 0x0000000083a00000| Untracked 
|  59|0x0000000083b00000, 0x0000000083b00000, 0x0000000083c00000|  0%| F|  |TAMS 0x0000000083b00000, 0x0000000083b00000| Untracked 
|  60|0x0000000083c00000, 0x0000000083c00000, 0x0000000083d00000|  0%| F|  |TAMS 0x0000000083c00000, 0x0000000083c00000| Untracked 
|  61|0x0000000083d00000, 0x0000000083d00000, 0x0000000083e00000|  0%| F|  |TAMS 0x0000000083d00000, 0x0000000083d00000| Untracked 
|  62|0x0000000083e00000, 0x0000000083e00000, 0x0000000083f00000|  0%| F|  |TAMS 0x0000000083e00000, 0x0000000083e00000| Untracked 
|  63|0x0000000083f00000, 0x0000000083f00000, 0x0000000084000000|  0%| F|  |TAMS 0x0000000083f00000, 0x0000000083f00000| Untracked 
|  64|0x0000000084000000, 0x0000000084000000, 0x0000000084100000|  0%| F|  |TAMS 0x0000000084000000, 0x0000000084000000| Untracked 
|  65|0x0000000084100000, 0x0000000084100000, 0x0000000084200000|  0%| F|  |TAMS 0x0000000084100000, 0x0000000084100000| Untracked 
|  66|0x0000000084200000, 0x0000000084200000, 0x0000000084300000|  0%| F|  |TAMS 0x0000000084200000, 0x0000000084200000| Untracked 
|  67|0x0000000084300000, 0x0000000084300000, 0x0000000084400000|  0%| F|  |TAMS 0x0000000084300000, 0x0000000084300000| Untracked 
|  68|0x0000000084400000, 0x0000000084400000, 0x0000000084500000|  0%| F|  |TAMS 0x0000000084400000, 0x0000000084400000| Untracked 
|  69|0x0000000084500000, 0x0000000084500000, 0x0000000084600000|  0%| F|  |TAMS 0x0000000084500000, 0x0000000084500000| Untracked 
|  70|0x0000000084600000, 0x0000000084600000, 0x0000000084700000|  0%| F|  |TAMS 0x0000000084600000, 0x0000000084600000| Untracked 
|  71|0x0000000084700000, 0x0000000084700000, 0x0000000084800000|  0%| F|  |TAMS 0x0000000084700000, 0x0000000084700000| Untracked 
|  72|0x0000000084800000, 0x0000000084800000, 0x0000000084900000|  0%| F|  |TAMS 0x0000000084800000, 0x0000000084800000| Untracked 
|  73|0x0000000084900000, 0x0000000084900000, 0x0000000084a00000|  0%| F|  |TAMS 0x0000000084900000, 0x0000000084900000| Untracked 
|  74|0x0000000084a00000, 0x0000000084a00000, 0x0000000084b00000|  0%| F|  |TAMS 0x0000000084a00000, 0x0000000084a00000| Untracked 
|  75|0x0000000084b00000, 0x0000000084b00000, 0x0000000084c00000|  0%| F|  |TAMS 0x0000000084b00000, 0x0000000084b00000| Untracked 
|  76|0x0000000084c00000, 0x0000000084c00000, 0x0000000084d00000|  0%| F|  |TAMS 0x0000000084c00000, 0x0000000084c00000| Untracked 
|  77|0x0000000084d00000, 0x0000000084d00000, 0x0000000084e00000|  0%| F|  |TAMS 0x0000000084d00000, 0x0000000084d00000| Untracked 
|  78|0x0000000084e00000, 0x0000000084e00000, 0x0000000084f00000|  0%| F|  |TAMS 0x0000000084e00000, 0x0000000084e00000| Untracked 
|  79|0x0000000084f00000, 0x0000000084f00000, 0x0000000085000000|  0%| F|  |TAMS 0x0000000084f00000, 0x0000000084f00000| Untracked 
|  80|0x0000000085000000, 0x0000000085000000, 0x0000000085100000|  0%| F|  |TAMS 0x0000000085000000, 0x0000000085000000| Untracked 
|  81|0x0000000085100000, 0x0000000085100000, 0x0000000085200000|  0%| F|  |TAMS 0x0000000085100000, 0x0000000085100000| Untracked 
|  82|0x0000000085200000, 0x0000000085200000, 0x0000000085300000|  0%| F|  |TAMS 0x0000000085200000, 0x0000000085200000| Untracked 
|  83|0x0000000085300000, 0x0000000085300000, 0x0000000085400000|  0%| F|  |TAMS 0x0000000085300000, 0x0000000085300000| Untracked 
|  84|0x0000000085400000, 0x0000000085400000, 0x0000000085500000|  0%| F|  |TAMS 0x0000000085400000, 0x0000000085400000| Untracked 
|  85|0x0000000085500000, 0x0000000085500000, 0x0000000085600000|  0%| F|  |TAMS 0x0000000085500000, 0x0000000085500000| Untracked 
| 189|0x000000008bd00000, 0x000000008bd00000, 0x000000008be00000|  0%| F|  |TAMS 0x000000008bd00000, 0x000000008bd00000| Untracked 
| 190|0x000000008be00000, 0x000000008be00000, 0x000000008bf00000|  0%| F|  |TAMS 0x000000008be00000, 0x000000008be00000| Untracked 
| 191|0x000000008bf00000, 0x000000008bf00000, 0x000000008c000000|  0%| F|  |TAMS 0x000000008bf00000, 0x000000008bf00000| Untracked 
| 192|0x000000008c000000, 0x000000008c0702c0, 0x000000008c100000| 43%| S|CS|TAMS 0x000000008c000000, 0x000000008c000000| Complete 
| 193|0x000000008c100000, 0x000000008c200000, 0x000000008c200000|100%| S|CS|TAMS 0x000000008c100000, 0x000000008c100000| Complete 
| 194|0x000000008c200000, 0x000000008c300000, 0x000000008c300000|100%| S|CS|TAMS 0x000000008c200000, 0x000000008c200000| Complete 
| 195|0x000000008c300000, 0x000000008c300000, 0x000000008c400000|  0%| F|  |TAMS 0x000000008c300000, 0x000000008c300000| Untracked 
| 196|0x000000008c400000, 0x000000008c400000, 0x000000008c500000|  0%| F|  |TAMS 0x000000008c400000, 0x000000008c400000| Untracked 
| 197|0x000000008c500000, 0x000000008c500000, 0x000000008c600000|  0%| F|  |TAMS 0x000000008c500000, 0x000000008c500000| Untracked 
| 251|0x000000008fb00000, 0x000000008fb00000, 0x000000008fc00000|  0%| F|  |TAMS 0x000000008fb00000, 0x000000008fb00000| Untracked 

Card table byte_map: [0x0000022a983f0000,0x0000022a987f0000] _byte_map_base: 0x0000022a97ff0000

Marking Bits (Prev, Next): (CMBitMap*) 0x0000022a82d4ab90, (CMBitMap*) 0x0000022a82d4ab50
 Prev Bits: [0x0000022a9abf0000, 0x0000022a9cbf0000)
 Next Bits: [0x0000022a98bf0000, 0x0000022a9abf0000)

Polling page: 0x0000022a83000000

Metaspace:

Usage:
  Non-class:     46.59 MB used.
      Class:      7.33 MB used.
       Both:     53.93 MB used.

Virtual space:
  Non-class space:       64.00 MB reserved,      46.88 MB ( 73%) committed,  1 nodes.
      Class space:        1.00 GB reserved,       7.56 MB ( <1%) committed,  1 nodes.
             Both:        1.06 GB reserved,      54.44 MB (  5%) committed. 

Chunk freelists:
   Non-Class:  976.00 KB
       Class:  8.26 MB
        Both:  9.21 MB

MaxMetaspaceSize: unlimited
CompressedClassSpaceSize: 1.00 GB
Initial GC threshold: 21.00 MB
Current GC threshold: 90.75 MB
CDS: off
MetaspaceReclaimPolicy: balanced
 - commit_granule_bytes: 65536.
 - commit_granule_words: 8192.
 - virtual_space_node_default_size: 8388608.
 - enlarge_chunks_in_place: 1.
 - new_chunks_are_fully_committed: 0.
 - uncommit_free_chunks: 1.
 - use_allocation_guard: 0.
 - handle_deallocations: 1.


Internal statistics:

num_allocs_failed_limit: 6.
num_arena_births: 616.
num_arena_deaths: 0.
num_vsnodes_births: 2.
num_vsnodes_deaths: 0.
num_space_committed: 871.
num_space_uncommitted: 0.
num_chunks_returned_to_freelist: 6.
num_chunks_taken_from_freelist: 2484.
num_chunk_merges: 3.
num_chunk_splits: 1617.
num_chunks_enlarged: 1056.
num_inconsistent_stats: 0.

CodeHeap 'non-profiled nmethods': size=119168Kb used=3087Kb max_used=3087Kb free=116080Kb
 bounds [0x0000022a900f0000, 0x0000022a90400000, 0x0000022a97550000]
CodeHeap 'profiled nmethods': size=119104Kb used=11512Kb max_used=11512Kb free=107591Kb
 bounds [0x0000022a88550000, 0x0000022a89090000, 0x0000022a8f9a0000]
CodeHeap 'non-nmethods': size=7488Kb used=3316Kb max_used=3367Kb free=4171Kb
 bounds [0x0000022a8f9a0000, 0x0000022a8fd00000, 0x0000022a900f0000]
 total_blobs=6964 nmethods=6266 adapters=607
 compilation: enabled
              stopped_count=0, restarted_count=0
 full_count=0

Compilation events (20 events):
Event: 4.056 Thread 0x0000022aa08102b0 6979       4       java.lang.ThreadLocal$ThreadLocalMap::set (133 bytes)
Event: 4.063 Thread 0x0000022aa5b7a9c0 6980 %     4       java.util.zip.ZipFile$Source::initCEN @ 240 (591 bytes)
Event: 4.063 Thread 0x0000022aa01dcfb0 6981       3       java.util.jar.Attributes::<init> (7 bytes)
Event: 4.064 Thread 0x0000022aa01dcfb0 nmethod 6981 0x0000022a89087d90 code [0x0000022a89087f80, 0x0000022a89088328]
Event: 4.066 Thread 0x0000022aa08102b0 nmethod 6979 0x0000022a903ee110 code [0x0000022a903ee2a0, 0x0000022a903ee9d8]
Event: 4.068 Thread 0x0000022aa02ed020 nmethod 6924 0x0000022a903eed10 code [0x0000022a903ef000, 0x0000022a903f1c30]
Event: 4.074 Thread 0x0000022aa01dcfb0 6982   !   3       java.util.zip.ZipFile::getInputStream (275 bytes)
Event: 4.074 Thread 0x0000022aa09b3330 6983       3       jdk.internal.util.jar.JarIndex::getJarIndex (28 bytes)
Event: 4.074 Thread 0x0000022aa0003ef0 6984       3       jdk.internal.loader.FileURLMapper::exists (19 bytes)
Event: 4.075 Thread 0x0000022aa5b79480 6985       3       java.util.zip.ZipFile$Source$Key::<init> (23 bytes)
Event: 4.075 Thread 0x0000022aa0003ef0 nmethod 6984 0x0000022a89088490 code [0x0000022a890886a0, 0x0000022a89088cc8]
Event: 4.075 Thread 0x0000022aa0003ef0 6986   !   3       java.util.zip.ZipFile$Source::get (190 bytes)
Event: 4.075 Thread 0x0000022aa09b3330 nmethod 6983 0x0000022a89088f10 code [0x0000022a89089140, 0x0000022a89089b68]
Event: 4.075 Thread 0x0000022aa5b79480 nmethod 6985 0x0000022a89089e90 code [0x0000022a8908a040, 0x0000022a8908a328]
Event: 4.076 Thread 0x0000022aa01dcfb0 nmethod 6982 0x0000022a8908a410 code [0x0000022a8908a700, 0x0000022a8908b888]
Event: 4.076 Thread 0x0000022aa0003ef0 nmethod 6986 0x0000022a8908c390 code [0x0000022a8908c6a0, 0x0000022a8908db58]
Event: 4.079 Thread 0x0000022aa5b7b9b0 6987       4       sun.net.util.IPAddressUtil::checkHostString (53 bytes)
Event: 4.079 Thread 0x0000022aa5b799d0 6988       4       sun.net.util.IPAddressUtil::scan (92 bytes)
Event: 4.080 Thread 0x0000022aa5b7b9b0 nmethod 6987 0x0000022a903f3810 code [0x0000022a903f3980, 0x0000022a903f3a18]
Event: 4.080 Thread 0x0000022aa5b799d0 nmethod 6988 0x0000022a903f3b90 code [0x0000022a903f3d00, 0x0000022a903f3db8]

GC Heap History (20 events):
Event: 1.883 GC heap after
{Heap after GC invocations=7 (full 0):
 garbage-first heap   total 71680K, used 22209K [0x0000000080000000, 0x0000000100000000)
  region size 1024K, 2 young (2048K), 2 survivors (2048K)
 Metaspace       used 30526K, committed 30848K, reserved 1114112K
  class space    used 4074K, committed 4224K, reserved 1048576K
}
Event: 2.176 GC heap before
{Heap before GC invocations=7 (full 0):
 garbage-first heap   total 71680K, used 52929K [0x0000000080000000, 0x0000000100000000)
  region size 1024K, 32 young (32768K), 2 survivors (2048K)
 Metaspace       used 34324K, committed 34688K, reserved 1114112K
  class space    used 4687K, committed 4864K, reserved 1048576K
}
Event: 2.178 GC heap after
{Heap after GC invocations=8 (full 0):
 garbage-first heap   total 71680K, used 23570K [0x0000000080000000, 0x0000000100000000)
  region size 1024K, 4 young (4096K), 4 survivors (4096K)
 Metaspace       used 34324K, committed 34688K, reserved 1114112K
  class space    used 4687K, committed 4864K, reserved 1048576K
}
Event: 2.249 GC heap before
{Heap before GC invocations=8 (full 0):
 garbage-first heap   total 71680K, used 30738K [0x0000000080000000, 0x0000000100000000)
  region size 1024K, 12 young (12288K), 4 survivors (4096K)
 Metaspace       used 35737K, committed 35968K, reserved 1114112K
  class space    used 4880K, committed 4992K, reserved 1048576K
}
Event: 2.251 GC heap after
{Heap after GC invocations=9 (full 0):
 garbage-first heap   total 71680K, used 23867K [0x0000000080000000, 0x0000000100000000)
  region size 1024K, 2 young (2048K), 2 survivors (2048K)
 Metaspace       used 35737K, committed 35968K, reserved 1114112K
  class space    used 4880K, committed 4992K, reserved 1048576K
}
Event: 2.533 GC heap before
{Heap before GC invocations=10 (full 0):
 garbage-first heap   total 71680K, used 54587K [0x0000000080000000, 0x0000000100000000)
  region size 1024K, 33 young (33792K), 2 survivors (2048K)
 Metaspace       used 41479K, committed 41856K, reserved 1114112K
  class space    used 5482K, committed 5696K, reserved 1048576K
}
Event: 2.537 GC heap after
{Heap after GC invocations=11 (full 0):
 garbage-first heap   total 98304K, used 28120K [0x0000000080000000, 0x0000000100000000)
  region size 1024K, 5 young (5120K), 5 survivors (5120K)
 Metaspace       used 41479K, committed 41856K, reserved 1114112K
  class space    used 5482K, committed 5696K, reserved 1048576K
}
Event: 2.539 GC heap before
{Heap before GC invocations=11 (full 0):
 garbage-first heap   total 98304K, used 29144K [0x0000000080000000, 0x0000000100000000)
  region size 1024K, 6 young (6144K), 5 survivors (5120K)
 Metaspace       used 41479K, committed 41856K, reserved 1114112K
  class space    used 5482K, committed 5696K, reserved 1048576K
}
Event: 2.541 GC heap after
{Heap after GC invocations=12 (full 0):
 garbage-first heap   total 98304K, used 28244K [0x0000000080000000, 0x0000000100000000)
  region size 1024K, 1 young (1024K), 1 survivors (1024K)
 Metaspace       used 41479K, committed 41856K, reserved 1114112K
  class space    used 5482K, committed 5696K, reserved 1048576K
}
Event: 2.958 GC heap before
{Heap before GC invocations=12 (full 0):
 garbage-first heap   total 98304K, used 73300K [0x0000000080000000, 0x0000000100000000)
  region size 1024K, 45 young (46080K), 1 survivors (1024K)
 Metaspace       used 44807K, committed 45184K, reserved 1114112K
  class space    used 6018K, committed 6208K, reserved 1048576K
}
Event: 2.961 GC heap after
{Heap after GC invocations=13 (full 0):
 garbage-first heap   total 98304K, used 31203K [0x0000000080000000, 0x0000000100000000)
  region size 1024K, 4 young (4096K), 4 survivors (4096K)
 Metaspace       used 44807K, committed 45184K, reserved 1114112K
  class space    used 6018K, committed 6208K, reserved 1048576K
}
Event: 3.370 GC heap before
{Heap before GC invocations=13 (full 0):
 garbage-first heap   total 98304K, used 75235K [0x0000000080000000, 0x0000000100000000)
  region size 1024K, 46 young (47104K), 4 survivors (4096K)
 Metaspace       used 50627K, committed 51072K, reserved 1114112K
  class space    used 6881K, committed 7104K, reserved 1048576K
}
Event: 3.373 GC heap after
{Heap after GC invocations=14 (full 0):
 garbage-first heap   total 98304K, used 33575K [0x0000000080000000, 0x0000000100000000)
  region size 1024K, 3 young (3072K), 3 survivors (3072K)
 Metaspace       used 50627K, committed 51072K, reserved 1114112K
  class space    used 6881K, committed 7104K, reserved 1048576K
}
Event: 3.811 GC heap before
{Heap before GC invocations=14 (full 0):
 garbage-first heap   total 98304K, used 75559K [0x0000000080000000, 0x0000000100000000)
  region size 1024K, 45 young (46080K), 3 survivors (3072K)
 Metaspace       used 54056K, committed 54464K, reserved 1114112K
  class space    used 7333K, committed 7552K, reserved 1048576K
}
Event: 3.813 GC heap after
{Heap after GC invocations=15 (full 0):
 garbage-first heap   total 98304K, used 38359K [0x0000000080000000, 0x0000000100000000)
  region size 1024K, 6 young (6144K), 6 survivors (6144K)
 Metaspace       used 54056K, committed 54464K, reserved 1114112K
  class space    used 7333K, committed 7552K, reserved 1048576K
}
Event: 3.946 GC heap before
{Heap before GC invocations=15 (full 0):
 garbage-first heap   total 98304K, used 76247K [0x0000000080000000, 0x0000000100000000)
  region size 1024K, 44 young (45056K), 6 survivors (6144K)
 Metaspace       used 54833K, committed 55296K, reserved 1114112K
  class space    used 7461K, committed 7680K, reserved 1048576K
}
Event: 3.948 GC heap after
{Heap after GC invocations=16 (full 0):
 garbage-first heap   total 98304K, used 42323K [0x0000000080000000, 0x0000000100000000)
  region size 1024K, 4 young (4096K), 4 survivors (4096K)
 Metaspace       used 54833K, committed 55296K, reserved 1114112K
  class space    used 7461K, committed 7680K, reserved 1048576K
}
Event: 4.059 GC heap before
{Heap before GC invocations=16 (full 0):
 garbage-first heap   total 98304K, used 63827K [0x0000000080000000, 0x0000000100000000)
  region size 1024K, 21 young (21504K), 4 survivors (4096K)
 Metaspace       used 55222K, committed 55744K, reserved 1114112K
  class space    used 7510K, committed 7744K, reserved 1048576K
}
Event: 4.062 GC heap after
{Heap after GC invocations=17 (full 0):
 garbage-first heap   total 98304K, used 51182K [0x0000000080000000, 0x0000000100000000)
  region size 1024K, 5 young (5120K), 5 survivors (5120K)
 Metaspace       used 55222K, committed 55744K, reserved 1114112K
  class space    used 7510K, committed 7744K, reserved 1048576K
}
Event: 4.082 GC heap before
{Heap before GC invocations=18 (full 0):
 garbage-first heap   total 98304K, used 54254K [0x0000000080000000, 0x0000000100000000)
  region size 1024K, 9 young (9216K), 5 survivors (5120K)
 Metaspace       used 55222K, committed 55744K, reserved 1114112K
  class space    used 7510K, committed 7744K, reserved 1048576K
}

Dll operation events (3 events):
Event: 0.004 Loaded shared library C:\Program Files\Android\Android Studio2\jbr\bin\java.dll
Event: 0.080 Loaded shared library C:\Program Files\Android\Android Studio2\jbr\bin\zip.dll
Event: 0.248 Loaded shared library C:\Program Files\Android\Android Studio2\jbr\bin\verify.dll

Deoptimization events (20 events):
Event: 4.042 Thread 0x0000022aa68f21c0 DEOPT PACKING pc=0x0000022a903c7e24 sp=0x0000003da99f57b0
Event: 4.042 Thread 0x0000022aa68f21c0 DEOPT UNPACKING pc=0x0000022a8f9f69a3 sp=0x0000003da99f5750 mode 2
Event: 4.043 Thread 0x0000022aa68f21c0 Uncommon trap: trap_request=0xffffffde fr.pc=0x0000022a902858c0 relative=0x0000000000000540
Event: 4.043 Thread 0x0000022aa68f21c0 Uncommon trap: reason=class_check action=maybe_recompile pc=0x0000022a902858c0 method=com.google.common.collect.AbstractIterator.tryToComputeNext()Z @ 9 c2
Event: 4.043 Thread 0x0000022aa68f21c0 DEOPT PACKING pc=0x0000022a902858c0 sp=0x0000003da99f8cd0
Event: 4.043 Thread 0x0000022aa68f21c0 DEOPT UNPACKING pc=0x0000022a8f9f69a3 sp=0x0000003da99f8c38 mode 2
Event: 4.044 Thread 0x0000022aa68f21c0 Uncommon trap: trap_request=0xffffff45 fr.pc=0x0000022a902c50a8 relative=0x0000000000001848
Event: 4.044 Thread 0x0000022aa68f21c0 Uncommon trap: reason=unstable_if action=reinterpret pc=0x0000022a902c50a8 method=java.util.zip.ZipFile.getInputStream(Ljava/util/zip/ZipEntry;)Ljava/io/InputStream; @ 101 c2
Event: 4.044 Thread 0x0000022aa68f21c0 DEOPT PACKING pc=0x0000022a902c50a8 sp=0x0000003da99f8e70
Event: 4.044 Thread 0x0000022aa68f21c0 DEOPT UNPACKING pc=0x0000022a8f9f69a3 sp=0x0000003da99f8e28 mode 2
Event: 4.046 Thread 0x0000022aa68f21c0 DEOPT PACKING pc=0x0000022a88642ebd sp=0x0000003da99f8a20
Event: 4.046 Thread 0x0000022aa68f21c0 DEOPT UNPACKING pc=0x0000022a8f9f7143 sp=0x0000003da99f7ea8 mode 0
Event: 4.053 Thread 0x0000022aa68f21c0 Uncommon trap: trap_request=0xffffffc6 fr.pc=0x0000022a903e7c98 relative=0x0000000000000358
Event: 4.053 Thread 0x0000022aa68f21c0 Uncommon trap: reason=bimorphic_or_optimized_type_check action=maybe_recompile pc=0x0000022a903e7c98 method=com.google.common.cache.LocalCache$Segment.getEntry(Ljava/lang/Object;I)Lcom/google/common/cache/ReferenceEntry; @ 11 c2
Event: 4.053 Thread 0x0000022aa68f21c0 DEOPT PACKING pc=0x0000022a903e7c98 sp=0x0000003da99f8a20
Event: 4.053 Thread 0x0000022aa68f21c0 DEOPT UNPACKING pc=0x0000022a8f9f69a3 sp=0x0000003da99f89b8 mode 2
Event: 4.054 Thread 0x0000022aa68f21c0 Uncommon trap: trap_request=0xffffffde fr.pc=0x0000022a902858c0 relative=0x0000000000000540
Event: 4.054 Thread 0x0000022aa68f21c0 Uncommon trap: reason=class_check action=maybe_recompile pc=0x0000022a902858c0 method=com.google.common.collect.AbstractIterator.tryToComputeNext()Z @ 9 c2
Event: 4.054 Thread 0x0000022aa68f21c0 DEOPT PACKING pc=0x0000022a902858c0 sp=0x0000003da99f8cd0
Event: 4.054 Thread 0x0000022aa68f21c0 DEOPT UNPACKING pc=0x0000022a8f9f69a3 sp=0x0000003da99f8c38 mode 2

Classes unloaded (0 events):
No events

Classes redefined (0 events):
No events

Internal exceptions (20 events):
Event: 3.374 Thread 0x0000022aa68f21c0 Exception <a 'java/lang/NoSuchMethodError'{0x000000008fb2fbd0}: 'java.lang.Object java.lang.invoke.DirectMethodHandle$Holder.invokeStatic(java.lang.Object, java.lang.Object, java.lang.Object, java.lang.Object, java.lang.Object, java.lang.Object, java.lang.Object, java.lang.Object, java.lang.Object, java.lang.Object, java.lang.Object, java.lang.Object, java.lang.Object, java.lang.Object, java.lang.Object, java.lang.Object, java.lang.Object, java.lang.Object, java.lang.Object, java.lang.Object, java.lang.Obj
Event: 3.498 Thread 0x0000022aa68f21c0 Exception <a 'java/lang/NoSuchMethodError'{0x000000008517cb40}: 'int java.lang.invoke.DirectMethodHandle$Holder.invokeSpecialIFC(java.lang.Object, java.lang.Object, java.lang.Object)'> (0x000000008517cb40) 
thrown [s\src\hotspot\share\interpreter\linkResolver.cpp, line 771]
Event: 3.537 Thread 0x0000022aa68f21c0 Exception <a 'java/lang/NoSuchMethodError'{0x0000000084d35be8}: 'java.lang.Object java.lang.invoke.DirectMethodHandle$Holder.newInvokeSpecial(java.lang.Object, java.lang.Object, java.lang.Object, java.lang.Object, java.lang.Object, int)'> (0x0000000084d35be8) 
thrown [s\src\hotspot\share\interpreter\linkResolver.cpp, line 771]
Event: 3.537 Thread 0x0000022aa68f21c0 Exception <a 'java/lang/NoSuchMethodError'{0x0000000084d3aff8}: 'java.lang.Object java.lang.invoke.DirectMethodHandle$Holder.invokeSpecial(java.lang.Object, java.lang.Object, java.lang.Object, java.lang.Object, java.lang.Object, java.lang.Object, int)'> (0x0000000084d3aff8) 
thrown [s\src\hotspot\share\interpreter\linkResolver.cpp, line 771]
Event: 3.537 Thread 0x0000022aa68f21c0 Exception <a 'java/lang/NoSuchMethodError'{0x0000000084d3fd90}: 'java.lang.Object java.lang.invoke.Invokers$Holder.linkToTargetMethod(java.lang.Object, java.lang.Object, java.lang.Object, java.lang.Object, int, java.lang.Object)'> (0x0000000084d3fd90) 
thrown [s\src\hotspot\share\interpreter\linkResolver.cpp, line 771]
Event: 3.542 Thread 0x0000022aa68f21c0 Exception <a 'java/lang/NoSuchMethodError'{0x0000000084d8b870}: 'java.lang.Object java.lang.invoke.DirectMethodHandle$Holder.invokeSpecial(java.lang.Object, java.lang.Object, java.lang.Object, java.lang.Object, java.lang.Object, long)'> (0x0000000084d8b870) 
thrown [s\src\hotspot\share\interpreter\linkResolver.cpp, line 771]
Event: 3.544 Thread 0x0000022aa68f21c0 Exception <a 'java/lang/NoSuchMethodError'{0x0000000084db4db8}: 'void java.lang.invoke.DirectMethodHandle$Holder.invokeStatic(java.lang.Object, java.lang.Object, java.lang.Object, int, java.lang.Object)'> (0x0000000084db4db8) 
thrown [s\src\hotspot\share\interpreter\linkResolver.cpp, line 771]
Event: 3.619 Thread 0x0000022aa68f21c0 Exception <a 'java/lang/NoSuchMethodError'{0x000000008476e7c8}: 'java.lang.Object java.lang.invoke.DirectMethodHandle$Holder.newInvokeSpecial(java.lang.Object, java.lang.Object, int)'> (0x000000008476e7c8) 
thrown [s\src\hotspot\share\interpreter\linkResolver.cpp, line 771]
Event: 3.839 Thread 0x0000022aa68f21c0 Exception <a 'java/lang/NoSuchMethodError'{0x000000008c342a28}: 'java.lang.Object java.lang.invoke.DirectMethodHandle$Holder.newInvokeSpecial(java.lang.Object, java.lang.Object, java.lang.Object, java.lang.Object, int, java.lang.Object)'> (0x000000008c342a28) 
thrown [s\src\hotspot\share\interpreter\linkResolver.cpp, line 771]
Event: 3.839 Thread 0x0000022aa68f21c0 Exception <a 'java/lang/NoSuchMethodError'{0x000000008c347d38}: 'java.lang.Object java.lang.invoke.Invokers$Holder.linkToTargetMethod(java.lang.Object, java.lang.Object, java.lang.Object, int, java.lang.Object, java.lang.Object)'> (0x000000008c347d38) 
thrown [s\src\hotspot\share\interpreter\linkResolver.cpp, line 771]
Event: 3.994 Thread 0x0000022aa68f21c0 Exception <a 'java/lang/NoSuchMethodError'{0x000000008bf8b398}: 'long java.lang.invoke.DirectMethodHandle$Holder.invokeVirtual(java.lang.Object, java.lang.Object)'> (0x000000008bf8b398) 
thrown [s\src\hotspot\share\interpreter\linkResolver.cpp, line 771]
Event: 3.996 Thread 0x0000022aa68ef940 Exception <a 'java/lang/NoSuchMethodError'{0x000000008bfe4cf8}: static Lorg/gradle/internal/build/event/types/DefaultOperationFinishedProgressEvent;.<clinit>()V> (0x000000008bfe4cf8) 
thrown [s\src\hotspot\share\prims\jni.cpp, line 1108]
Event: 3.998 Thread 0x0000022aa68ef940 Exception <a 'java/lang/NoSuchMethodError'{0x000000008be0fc50}: static Lorg/gradle/internal/build/event/types/DefaultProjectConfigurationSuccessResult;.<clinit>()V> (0x000000008be0fc50) 
thrown [s\src\hotspot\share\prims\jni.cpp, line 1108]
Event: 3.999 Thread 0x0000022aa68ef940 Exception <a 'java/lang/NoSuchMethodError'{0x000000008be111c0}: static Lorg/gradle/internal/build/event/types/AbstractProjectConfigurationResult;.<clinit>()V> (0x000000008be111c0) 
thrown [s\src\hotspot\share\prims\jni.cpp, line 1108]
Event: 3.999 Thread 0x0000022aa68ef940 Exception <a 'java/lang/NoSuchMethodError'{0x000000008be13388}: static Lorg/gradle/internal/build/event/types/AbstractOperationResult;.<clinit>()V> (0x000000008be13388) 
thrown [s\src\hotspot\share\prims\jni.cpp, line 1108]
Event: 3.999 Thread 0x0000022aa68ef940 Exception <a 'java/lang/NoSuchMethodError'{0x000000008be14800}: static Lorg/gradle/internal/build/event/types/AbstractResult;.<clinit>()V> (0x000000008be14800) 
thrown [s\src\hotspot\share\prims\jni.cpp, line 1108]
Event: 4.001 Thread 0x0000022aa68ef940 Exception <a 'java/lang/NoSuchMethodError'{0x000000008be2f400}: static Lorg/gradle/internal/build/event/types/DefaultPluginApplicationResult;.<clinit>()V> (0x000000008be2f400) 
thrown [s\src\hotspot\share\prims\jni.cpp, line 1108]
Event: 4.001 Thread 0x0000022aa68ef940 Exception <a 'java/lang/NoSuchMethodError'{0x000000008be3c248}: static Lorg/gradle/internal/build/event/types/DefaultBinaryPluginIdentifier;.<clinit>()V> (0x000000008be3c248) 
thrown [s\src\hotspot\share\prims\jni.cpp, line 1108]
Event: 4.004 Thread 0x0000022aa68ef940 Exception <a 'java/lang/NoSuchMethodError'{0x000000008bec38c8}: static Lorg/gradle/internal/build/event/types/DefaultScriptPluginIdentifier;.<clinit>()V> (0x000000008bec38c8) 
thrown [s\src\hotspot\share\prims\jni.cpp, line 1108]
Event: 4.035 Thread 0x0000022aa68f21c0 Implicit null exception at 0x0000022a90180a92 to 0x0000022a901810f4

VM Operations (20 events):
Event: 3.642 Executing VM operation: ICBufferFull done
Event: 3.731 Executing VM operation: ICBufferFull
Event: 3.731 Executing VM operation: ICBufferFull done
Event: 3.811 Executing VM operation: G1CollectForAllocation
Event: 3.813 Executing VM operation: G1CollectForAllocation done
Event: 3.837 Executing VM operation: HandshakeAllThreads
Event: 3.837 Executing VM operation: HandshakeAllThreads done
Event: 3.889 Executing VM operation: ICBufferFull
Event: 3.889 Executing VM operation: ICBufferFull done
Event: 3.946 Executing VM operation: G1CollectForAllocation
Event: 3.948 Executing VM operation: G1CollectForAllocation done
Event: 4.056 Executing VM operation: ICBufferFull
Event: 4.057 Executing VM operation: ICBufferFull done
Event: 4.059 Executing VM operation: G1TryInitiateConcMark
Event: 4.062 Executing VM operation: G1TryInitiateConcMark done
Event: 4.071 Executing VM operation: G1PauseRemark
Event: 4.073 Executing VM operation: G1PauseRemark done
Event: 4.078 Executing VM operation: G1PauseCleanup
Event: 4.078 Executing VM operation: G1PauseCleanup done
Event: 4.082 Executing VM operation: G1TryInitiateConcMark

Events (20 events):
Event: 3.858 loading class sun/nio/ch/ChannelInputStream done
Event: 3.858 Thread 0x0000022aa7f21510 Thread added: 0x0000022aa7f21510
Event: 3.860 Thread 0x0000022aaa0f23c0 Thread added: 0x0000022aaa0f23c0
Event: 3.861 Thread 0x0000022aaa0f0560 Thread added: 0x0000022aaa0f0560
Event: 3.863 Thread 0x0000022aaa0f6590 Thread added: 0x0000022aaa0f6590
Event: 3.864 Thread 0x0000022aaa0f0a70 Thread added: 0x0000022aaa0f0a70
Event: 3.865 Thread 0x0000022aaa0f6aa0 Thread added: 0x0000022aaa0f6aa0
Event: 3.873 Thread 0x0000022aaa0f0f80 Thread added: 0x0000022aaa0f0f80
Event: 3.874 Thread 0x0000022aaa0f1eb0 Thread added: 0x0000022aaa0f1eb0
Event: 3.875 Thread 0x0000022aaa0ef630 Thread added: 0x0000022aaa0ef630
Event: 3.876 Thread 0x0000022aaa0f32f0 Thread added: 0x0000022aaa0f32f0
Event: 3.877 Thread 0x0000022aaa0f6fb0 Thread added: 0x0000022aaa0f6fb0
Event: 3.878 Thread 0x0000022aaa0f5660 Thread added: 0x0000022aaa0f5660
Event: 3.912 Thread 0x0000022aa5b7b9b0 Thread added: 0x0000022aa5b7b9b0
Event: 3.926 Thread 0x0000022aa5b7a9c0 Thread added: 0x0000022aa5b7a9c0
Event: 3.926 Thread 0x0000022aa5b799d0 Thread added: 0x0000022aa5b799d0
Event: 3.995 loading class java/util/stream/SortedOps$RefSortingSink
Event: 3.995 loading class java/util/stream/SortedOps$RefSortingSink done
Event: 4.002 loading class java/time/Ser
Event: 4.002 loading class java/time/Ser done


Dynamic libraries:
0x00007ff621960000 - 0x00007ff62196a000 	C:\Program Files\Android\Android Studio2\jbr\bin\java.exe
0x00007ffa77f70000 - 0x00007ffa78187000 	C:\WINDOWS\SYSTEM32\ntdll.dll
0x00007ffa76640000 - 0x00007ffa76704000 	C:\WINDOWS\System32\KERNEL32.DLL
0x00007ffa752b0000 - 0x00007ffa75667000 	C:\WINDOWS\System32\KERNELBASE.dll
0x00007ffa75b80000 - 0x00007ffa75c91000 	C:\WINDOWS\System32\ucrtbase.dll
0x00007ffa6c360000 - 0x00007ffa6c377000 	C:\Program Files\Android\Android Studio2\jbr\bin\jli.dll
0x00007ffa55660000 - 0x00007ffa5567b000 	C:\Program Files\Android\Android Studio2\jbr\bin\VCRUNTIME140.dll
0x00007ffa76290000 - 0x00007ffa7643f000 	C:\WINDOWS\System32\USER32.dll
0x00007ffa75a60000 - 0x00007ffa75a86000 	C:\WINDOWS\System32\win32u.dll
0x00007ffa77a60000 - 0x00007ffa77a89000 	C:\WINDOWS\System32\GDI32.dll
0x00007ffa61aa0000 - 0x00007ffa61d33000 	C:\WINDOWS\WinSxS\amd64_microsoft.windows.common-controls_6595b64144ccf1df_6.0.22621.3672_none_2713b9d173822955\COMCTL32.dll
0x00007ffa75670000 - 0x00007ffa75788000 	C:\WINDOWS\System32\gdi32full.dll
0x00007ffa76870000 - 0x00007ffa76917000 	C:\WINDOWS\System32\msvcrt.dll
0x00007ffa75790000 - 0x00007ffa7582a000 	C:\WINDOWS\System32\msvcp_win.dll
0x00007ffa76ad0000 - 0x00007ffa76b01000 	C:\WINDOWS\System32\IMM32.DLL
0x00007ffa61470000 - 0x00007ffa6147c000 	C:\Program Files\Android\Android Studio2\jbr\bin\vcruntime140_1.dll
0x00007ffa20c10000 - 0x00007ffa20c9d000 	C:\Program Files\Android\Android Studio2\jbr\bin\msvcp140.dll
0x00007ffa15620000 - 0x00007ffa162a3000 	C:\Program Files\Android\Android Studio2\jbr\bin\server\jvm.dll
0x00007ffa77020000 - 0x00007ffa770d2000 	C:\WINDOWS\System32\ADVAPI32.dll
0x00007ffa77140000 - 0x00007ffa771e8000 	C:\WINDOWS\System32\sechost.dll
0x00007ffa75280000 - 0x00007ffa752a8000 	C:\WINDOWS\System32\bcrypt.dll
0x00007ffa75d50000 - 0x00007ffa75e64000 	C:\WINDOWS\System32\RPCRT4.dll
0x00007ffa6e100000 - 0x00007ffa6e109000 	C:\WINDOWS\SYSTEM32\WSOCK32.dll
0x00007ffa740f0000 - 0x00007ffa7413d000 	C:\WINDOWS\SYSTEM32\POWRPROF.dll
0x00007ffa77e90000 - 0x00007ffa77f01000 	C:\WINDOWS\System32\WS2_32.dll
0x00007ffa6eda0000 - 0x00007ffa6edd4000 	C:\WINDOWS\SYSTEM32\WINMM.dll
0x00007ffa6b8b0000 - 0x00007ffa6b8ba000 	C:\WINDOWS\SYSTEM32\VERSION.dll
0x00007ffa740d0000 - 0x00007ffa740e3000 	C:\WINDOWS\SYSTEM32\UMPDC.dll
0x00007ffa74320000 - 0x00007ffa74338000 	C:\WINDOWS\SYSTEM32\kernel.appcore.dll
0x00007ffa700b0000 - 0x00007ffa700ba000 	C:\Program Files\Android\Android Studio2\jbr\bin\jimage.dll
0x00007ffa72aa0000 - 0x00007ffa72cd2000 	C:\WINDOWS\SYSTEM32\DBGHELP.DLL
0x00007ffa75ef0000 - 0x00007ffa7627e000 	C:\WINDOWS\System32\combase.dll
0x00007ffa76460000 - 0x00007ffa76537000 	C:\WINDOWS\System32\OLEAUT32.dll
0x00007ffa65ec0000 - 0x00007ffa65ef2000 	C:\WINDOWS\SYSTEM32\dbgcore.DLL
0x00007ffa75a90000 - 0x00007ffa75b0b000 	C:\WINDOWS\System32\bcryptPrimitives.dll
0x00007ffa5efd0000 - 0x00007ffa5efde000 	C:\Program Files\Android\Android Studio2\jbr\bin\instrument.dll
0x00007ffa6fca0000 - 0x00007ffa6fcc5000 	C:\Program Files\Android\Android Studio2\jbr\bin\java.dll
0x00007ffa6fc80000 - 0x00007ffa6fc98000 	C:\Program Files\Android\Android Studio2\jbr\bin\zip.dll
0x00007ffa771f0000 - 0x00007ffa77a59000 	C:\WINDOWS\System32\SHELL32.dll
0x00007ffa731b0000 - 0x00007ffa73aaf000 	C:\WINDOWS\SYSTEM32\windows.storage.dll
0x00007ffa73070000 - 0x00007ffa731af000 	C:\WINDOWS\SYSTEM32\wintypes.dll
0x00007ffa76540000 - 0x00007ffa76639000 	C:\WINDOWS\System32\SHCORE.dll
0x00007ffa77e30000 - 0x00007ffa77e8e000 	C:\WINDOWS\System32\shlwapi.dll
0x00007ffa751b0000 - 0x00007ffa751d7000 	C:\WINDOWS\SYSTEM32\profapi.dll
0x00007ffa6eee0000 - 0x00007ffa6eef9000 	C:\Program Files\Android\Android Studio2\jbr\bin\net.dll
0x00007ffa70cb0000 - 0x00007ffa70de6000 	C:\WINDOWS\SYSTEM32\WINHTTP.dll
0x00007ffa747e0000 - 0x00007ffa74849000 	C:\WINDOWS\system32\mswsock.dll
0x00007ffa6ee40000 - 0x00007ffa6ee56000 	C:\Program Files\Android\Android Studio2\jbr\bin\nio.dll
0x00007ffa6c610000 - 0x00007ffa6c620000 	C:\Program Files\Android\Android Studio2\jbr\bin\verify.dll
0x00007ffa2aec0000 - 0x00007ffa2aee7000 	C:\Users\Hashem Arenat\.gradle\native\c067742578af261105cb4f569cf0c3c89f3d7b1fecec35dd04571415982c5e48\windows-amd64\native-platform.dll
0x00007ffa1f7c0000 - 0x00007ffa1f904000 	C:\Users\Hashem Arenat\.gradle\native\38dada09dfb8b06ba9b0570ebf7e218e3eb74d4ef43ca46872605cf95ebc2f47\windows-amd64\native-platform-file-events.dll
0x00007ffa6e820000 - 0x00007ffa6e829000 	C:\Program Files\Android\Android Studio2\jbr\bin\management.dll
0x00007ffa6e5c0000 - 0x00007ffa6e5cb000 	C:\Program Files\Android\Android Studio2\jbr\bin\management_ext.dll
0x00007ffa76280000 - 0x00007ffa76288000 	C:\WINDOWS\System32\PSAPI.DLL
0x00007ffa74b30000 - 0x00007ffa74b4b000 	C:\WINDOWS\SYSTEM32\CRYPTSP.dll
0x00007ffa742e0000 - 0x00007ffa74315000 	C:\WINDOWS\system32\rsaenh.dll
0x00007ffa74880000 - 0x00007ffa748a8000 	C:\WINDOWS\SYSTEM32\USERENV.dll
0x00007ffa74b10000 - 0x00007ffa74b1c000 	C:\WINDOWS\SYSTEM32\CRYPTBASE.dll
0x00007ffa73d80000 - 0x00007ffa73dad000 	C:\WINDOWS\SYSTEM32\IPHLPAPI.DLL
0x00007ffa76440000 - 0x00007ffa76449000 	C:\WINDOWS\System32\NSI.dll
0x00007ffa70890000 - 0x00007ffa708a9000 	C:\WINDOWS\SYSTEM32\dhcpcsvc6.DLL
0x00007ffa70870000 - 0x00007ffa7088f000 	C:\WINDOWS\SYSTEM32\dhcpcsvc.DLL
0x00007ffa73df0000 - 0x00007ffa73ef2000 	C:\WINDOWS\SYSTEM32\DNSAPI.dll
0x00007ffa6fbe0000 - 0x00007ffa6fbe9000 	C:\Program Files\Android\Android Studio2\jbr\bin\extnet.dll
0x00007ffa65ff0000 - 0x00007ffa65ff8000 	C:\WINDOWS\system32\wshunix.dll

dbghelp: loaded successfully - version: 4.0.5 - missing functions: none
symbol engine: initialized successfully - sym options: 0x614 - pdb path: .;C:\Program Files\Android\Android Studio2\jbr\bin;C:\WINDOWS\SYSTEM32;C:\WINDOWS\WinSxS\amd64_microsoft.windows.common-controls_6595b64144ccf1df_6.0.22621.3672_none_2713b9d173822955;C:\Program Files\Android\Android Studio2\jbr\bin\server;C:\Users\Hashem Arenat\.gradle\native\c067742578af261105cb4f569cf0c3c89f3d7b1fecec35dd04571415982c5e48\windows-amd64;C:\Users\Hashem Arenat\.gradle\native\38dada09dfb8b06ba9b0570ebf7e218e3eb74d4ef43ca46872605cf95ebc2f47\windows-amd64

VM Arguments:
jvm_args: --add-opens=java.base/java.util=ALL-UNNAMED --add-opens=java.base/java.lang=ALL-UNNAMED --add-opens=java.base/java.lang.invoke=ALL-UNNAMED --add-opens=java.prefs/java.util.prefs=ALL-UNNAMED --add-opens=java.base/java.nio.charset=ALL-UNNAMED --add-opens=java.base/java.net=ALL-UNNAMED --add-opens=java.base/java.util.concurrent.atomic=ALL-UNNAMED -Xmx2048m -Dfile.encoding=UTF-8 -Duser.country=US -Duser.language=en -Duser.variant -javaagent:C:\Users\Hashem Arenat\.gradle\wrapper\dists\gradle-8.7-bin\bhs2wmbdwecv87pi65oeuq5iu\gradle-8.7\lib\agents\gradle-instrumentation-agent-8.7.jar 
java_command: org.gradle.launcher.daemon.bootstrap.GradleDaemon 8.7
java_class_path (initial): C:\Users\Hashem Arenat\.gradle\wrapper\dists\gradle-8.7-bin\bhs2wmbdwecv87pi65oeuq5iu\gradle-8.7\lib\gradle-launcher-8.7.jar
Launcher Type: SUN_STANDARD

[Global flags]
     intx CICompilerCount                          = 12                                        {product} {ergonomic}
     uint ConcGCThreads                            = 4                                         {product} {ergonomic}
     uint G1ConcRefinementThreads                  = 15                                        {product} {ergonomic}
   size_t G1HeapRegionSize                         = 1048576                                   {product} {ergonomic}
    uintx GCDrainStackTargetSize                   = 64                                        {product} {ergonomic}
   size_t InitialHeapSize                          = 264241152                                 {product} {ergonomic}
   size_t MarkStackSize                            = 4194304                                   {product} {ergonomic}
   size_t MaxHeapSize                              = 2147483648                                {product} {command line}
   size_t MaxNewSize                               = 1287651328                                {product} {ergonomic}
   size_t MinHeapDeltaBytes                        = 1048576                                   {product} {ergonomic}
   size_t MinHeapSize                              = 8388608                                   {product} {ergonomic}
    uintx NonNMethodCodeHeapSize                   = 7602480                                {pd product} {ergonomic}
    uintx NonProfiledCodeHeapSize                  = 122027880                              {pd product} {ergonomic}
    uintx ProfiledCodeHeapSize                     = 122027880                              {pd product} {ergonomic}
    uintx ReservedCodeCacheSize                    = 251658240                              {pd product} {ergonomic}
     bool SegmentedCodeCache                       = true                                      {product} {ergonomic}
   size_t SoftMaxHeapSize                          = 2147483648                             {manageable} {ergonomic}
     bool UseCompressedClassPointers               = true                           {product lp64_product} {ergonomic}
     bool UseCompressedOops                        = true                           {product lp64_product} {ergonomic}
     bool UseG1GC                                  = true                                      {product} {ergonomic}
     bool UseLargePagesIndividualAllocation        = false                                  {pd product} {ergonomic}

Logging:
Log output configuration:
 #0: stdout all=warning uptime,level,tags
 #1: stderr all=off uptime,level,tags

Environment Variables:
JAVA_HOME=C:\Program Files\Java\jdk-21
PATH=D:\DevSuiteHome_1\jdk\jre\bin\classic;D:\DevSuiteHome_1\jdk\jre\bin;D:\DevSuiteHome_1\jdk\jre\bin\client;D:\DevSuiteHome_1\jlib;D:\DevSuiteHome_1\bin;D:\DevSuiteHome_1\jre\1.4.2\bin\client;D:\DevSuiteHome_1\jre\1.4.2\bin;C:\Program Files\Common Files\Oracle\Java\javapath;C:\WINDOWS\system32;C:\WINDOWS;C:\WINDOWS\System32\Wbem;C:\WINDOWS\System32\WindowsPowerShell\v1.0\;C:\WINDOWS\System32\OpenSSH\;C:\MinGW\bin;C:\Program Files\Java\jdk-21\bin;C:\Program Files\nodejs;C:\Program Files\nodejs\node_modules\npm\bin;C:\Program Files\Git\cmd;C:\Program Files\dotnet\;C:\Users\Hashem Arenat\AppData\Local\Microsoft\WindowsApps;C:\AppServ\Apache24\bin;C:\AppServ\php7;C:\AppServ\MySQL\bin;C:\Program Files\Java\jdk-21\bin;C:\scrcpy-win64-v2.2;C:\dart-sdk\bin;C:\Users\Hashem Arenat\AppData\Local\Programs\Microsoft VS Code\bin;C:\flutter\bin;C:\Users\Hashem Arenat\Desktop\cmder\bin;C:\Users\Hashem Arenat\AppData\Roaming\npm;;C:\Program Files\JetBrains\IntelliJ IDEA Community Edition 2024.1.2\bin;;C:\Program Files\JetBrains\IntelliJ IDEA 2024.1.2\bin;
USERNAME=Hashem 1
OS=Windows_NT
PROCESSOR_IDENTIFIER=Intel64 Family 6 Model 154 Stepping 3, GenuineIntel
TMP=C:\Users\HASHEM~1\AppData\Local\Temp
TEMP=C:\Users\HASHEM~1\AppData\Local\Temp



Periodic native trim disabled

JNI global refs:
JNI global refs: 36, weak refs: 0

JNI global refs memory usage: 843, weak refs: 841

OOME stack traces (most recent first):
Classloader memory used:
Loader org.gradle.internal.classloader.VisitableURLClassLoader                         : 3255K
Loader bootstrap                                                                       : 2432K
Loader org.gradle.initialization.MixInLegacyTypesClassLoader                           : 1094K
Loader jdk.internal.loader.ClassLoaders$PlatformClassLoader                            : 66520B
Loader jdk.internal.loader.ClassLoaders$AppClassLoader                                 : 28764B
Loader jdk.internal.reflect.DelegatingClassLoader                                      : 14517B
Loader org.gradle.internal.classloader.VisitableURLClassLoader$InstrumentingVisitableURLClassLoader: 8490B
Loader org.gradle.internal.classloader.VisitableURLClassLoader                         : 5467B

Classes loaded by more than one classloader:
Class Program                                                                         : loaded 4 times (x 72B)
Class org.gradle.internal.classpath.ClassPath                                         : loaded 2 times (x 68B)
Class org.gradle.api.internal.classpath.DefaultModuleRegistry                         : loaded 2 times (x 84B)
Class Settings_gradle$1$1                                                             : loaded 2 times (x 72B)
Class org.gradle.api.Action                                                           : loaded 2 times (x 68B)
Class org.gradle.api.internal.DefaultClassPathProvider                                : loaded 2 times (x 74B)
Class org.gradle.internal.installation.GradleInstallation$1                           : loaded 2 times (x 73B)
Class org.gradle.internal.classloader.FilteringClassLoader                            : loaded 2 times (x 103B)
Class org.gradle.internal.classpath.DefaultClassPath$ImmutableUniqueList$Builder      : loaded 2 times (x 73B)
Class org.gradle.internal.classloader.ClassLoaderVisitor                              : loaded 2 times (x 74B)
Class org.gradle.internal.service.DefaultServiceLocator                               : loaded 2 times (x 81B)
Class org.gradle.internal.service.UnknownServiceException                             : loaded 2 times (x 81B)
Class org.gradle.internal.classloader.DefaultClassLoaderFactory                       : loaded 2 times (x 80B)
Class org.gradle.internal.classloader.VisitableURLClassLoader$Spec                    : loaded 2 times (x 72B)
Class org.gradle.api.GradleException                                                  : loaded 2 times (x 80B)
Class org.gradle.api.internal.classpath.ModuleRegistry                                : loaded 2 times (x 68B)
Class org.gradle.api.internal.ClassPathProvider                                       : loaded 2 times (x 68B)
Class org.gradle.internal.classloader.ClasspathUtil$1                                 : loaded 2 times (x 74B)
Class org.gradle.internal.classloader.ClassLoaderFactory                              : loaded 2 times (x 68B)
Class org.gradle.api.internal.classpath.ManifestUtil                                  : loaded 2 times (x 69B)
Class org.gradle.api.specs.Spec                                                       : loaded 2 times (x 68B)
Class org.gradle.internal.IoActions                                                   : loaded 2 times (x 69B)
Class org.gradle.api.internal.classpath.EffectiveClassPath                            : loaded 2 times (x 88B)
Class org.gradle.internal.installation.CurrentGradleInstallation                      : loaded 2 times (x 71B)
Class org.gradle.internal.agents.InstrumentingClassLoader                             : loaded 2 times (x 68B)
Class org.gradle.internal.installation.CurrentGradleInstallationLocator               : loaded 2 times (x 69B)
Class org.gradle.api.internal.classpath.Module                                        : loaded 2 times (x 68B)
Class org.gradle.internal.service.CachingServiceLocator                               : loaded 2 times (x 80B)
Class org.gradle.internal.classpath.DefaultClassPath                                  : loaded 2 times (x 88B)
Class org.gradle.internal.classloader.SystemClassLoaderSpec                           : loaded 2 times (x 69B)
Class org.gradle.api.UncheckedIOException                                             : loaded 2 times (x 80B)
Class org.gradle.internal.installation.GradleInstallation                             : loaded 2 times (x 73B)
Class org.gradle.internal.classloader.ClasspathUtil                                   : loaded 2 times (x 69B)
Class org.gradle.api.internal.DefaultClassPathRegistry                                : loaded 2 times (x 74B)
Class org.gradle.api.internal.classpath.DefaultModuleRegistry$DefaultModule           : loaded 2 times (x 84B)
Class org.gradle.api.internal.classpath.UnknownModuleException                        : loaded 2 times (x 80B)
Class org.gradle.internal.service.ServiceLookupException                              : loaded 2 times (x 80B)
Class org.gradle.cache.GlobalCache                                                    : loaded 2 times (x 68B)
Class [Lorg.gradle.api.internal.ClassPathProvider;                                    : loaded 2 times (x 67B)
Class org.gradle.util.internal.GUtil                                                  : loaded 2 times (x 69B)
Class org.gradle.internal.classloader.ClassLoaderSpec                                 : loaded 2 times (x 69B)
Class org.gradle.internal.classloader.VisitableURLClassLoader                         : loaded 2 times (x 115B)
Class org.gradle.internal.Cast                                                        : loaded 2 times (x 69B)
Class org.gradle.api.internal.ClassPathRegistry                                       : loaded 2 times (x 68B)
Class org.gradle.internal.classloader.VisitableURLClassLoader$InstrumentingVisitableURLClassLoader: loaded 2 times (x 121B)
Class org.gradle.internal.classloader.ClassLoaderHierarchy                            : loaded 2 times (x 68B)
Class org.gradle.internal.InternalTransformer                                         : loaded 2 times (x 68B)
Class org.gradle.internal.service.ServiceLocator                                      : loaded 2 times (x 68B)
Class Settings_gradle$1                                                               : loaded 2 times (x 72B)
Class org.gradle.internal.classpath.DefaultClassPath$ImmutableUniqueList              : loaded 2 times (x 159B)
Class org.gradle.internal.classpath.TransformedClassPath                              : loaded 2 times (x 94B)
Class Settings_gradle                                                                 : loaded 2 times (x 126B)


---------------  S Y S T E M  ---------------

OS:
 Windows 11 , 64 bit Build 22621 (10.0.22621.3958)
OS uptime: 4 days 13:29 hours
Hyper-V role detected

CPU: total 20 (initial active 20) (10 cores per cpu, 2 threads per core) family 6 model 154 stepping 3 microcode 0x429, cx8, cmov, fxsr, ht, mmx, 3dnowpref, sse, sse2, sse3, ssse3, sse4.1, sse4.2, popcnt, lzcnt, tsc, tscinvbit, avx, avx2, aes, erms, clmul, bmi1, bmi2, adx, sha, fma, vzeroupper, clflush, clflushopt, clwb, hv
Processor Information for all 20 processors :
  Max Mhz: 2300, Current Mhz: 2300, Mhz Limit: 2300

Memory: 4k page, system-wide physical 16004M (5158M free)
TotalPageFile size 18052M (AvailPageFile size 48M)
current process WorkingSet (physical memory assigned to process): 308M, peak: 310M
current process commit charge ("private bytes"): 356M, peak: 462M

vm_info: OpenJDK 64-Bit Server VM (17.0.10+0--11609105) for windows-amd64 JRE (17.0.10+0--11609105), built on Mar 21 2024 19:10:56 by "androidbuild" with MS VC++ 16.10 / 16.11 (VS2019)

END.
