#
# There is insufficient memory for the Java Runtime Environment to continue.
# Native memory allocation (malloc) failed to allocate 826416 bytes for Chunk::new
# Possible reasons:
#   The system is out of physical RAM or swap space
#   The process is running with CompressedOops enabled, and the Java Heap may be blocking the growth of the native heap
# Possible solutions:
#   Reduce memory load on the system
#   Increase physical memory or swap space
#   Check if swap backing store is full
#   Decrease Java heap size (-Xmx/-Xms)
#   Decrease number of Java threads
#   Decrease Java thread stack sizes (-Xss)
#   Set larger code cache with -XX:ReservedCodeCacheSize=
#   JVM is running with Unscaled Compressed Oops mode in which the Java heap is
#     placed in the first 4GB address space. The Java Heap base address is the
#     maximum limit for the native heap growth. Please use -XX:HeapBaseMinAddress
#     to set the Java Heap base and to place the Java Heap above 4GB virtual address.
# This output file may be truncated or incomplete.
#
#  Out of Memory Error (arena.cpp:191), pid=19124, tid=10492
#
# JRE version: OpenJDK Runtime Environment (17.0.10) (build 17.0.10+0--11609105)
# Java VM: OpenJDK 64-Bit Server VM (17.0.10+0--11609105, mixed mode, tiered, compressed oops, compressed class ptrs, g1 gc, windows-amd64)
# No core dump will be written. Minidumps are not enabled by default on client versions of Windows
#

---------------  S U M M A R Y ------------

Command Line: --add-opens=java.base/java.util=ALL-UNNAMED --add-opens=java.base/java.lang=ALL-UNNAMED --add-opens=java.base/java.lang.invoke=ALL-UNNAMED --add-opens=java.prefs/java.util.prefs=ALL-UNNAMED --add-opens=java.base/java.nio.charset=ALL-UNNAMED --add-opens=java.base/java.net=ALL-UNNAMED --add-opens=java.base/java.util.concurrent.atomic=ALL-UNNAMED -Xmx1536M -Dfile.encoding=UTF-8 -Duser.country=US -Duser.language=en -Duser.variant -javaagent:C:\Users\Hashem Arenat\.gradle\wrapper\dists\gradle-8.7-bin\bhs2wmbdwecv87pi65oeuq5iu\gradle-8.7\lib\agents\gradle-instrumentation-agent-8.7.jar org.gradle.launcher.daemon.bootstrap.GradleDaemon 8.7

Host: 12th Gen Intel(R) Core(TM) i7-12700H, 20 cores, 15G,  Windows 11 , 64 bit Build 22621 (10.0.22621.3958)
Time: Fri Nov  8 14:08:19 2024 Jerusalem Standard Time elapsed time: 3.624587 seconds (0d 0h 0m 3s)

---------------  T H R E A D  ---------------

Current thread (0x0000020da3a39060):  JavaThread "C2 CompilerThread2" daemon [_thread_in_native, id=10492, stack(0x000000c491b00000,0x000000c491c00000)]


Current CompileTask:
C2:   3624 4386       4       org.objectweb.asm.Frame::execute (2318 bytes)

Stack: [0x000000c491b00000,0x000000c491c00000]
Native frames: (J=compiled Java code, j=interpreted, Vv=VM code, C=native code)
V  [jvm.dll+0x688de9]
V  [jvm.dll+0x8423da]
V  [jvm.dll+0x84401e]
V  [jvm.dll+0x844683]
V  [jvm.dll+0x24be0f]
V  [jvm.dll+0xac524]
V  [jvm.dll+0xacb6c]
V  [jvm.dll+0x2b342f]
V  [jvm.dll+0x5902b7]
V  [jvm.dll+0x226452]
V  [jvm.dll+0x21f64e]
V  [jvm.dll+0x21cdb1]
V  [jvm.dll+0x1a60ad]
V  [jvm.dll+0x22cd78]
V  [jvm.dll+0x22aeb0]
V  [jvm.dll+0x7f6877]
V  [jvm.dll+0x7f0c7a]
V  [jvm.dll+0x687c65]
C  [ucrtbase.dll+0x29333]
C  [KERNEL32.DLL+0x1257d]
C  [ntdll.dll+0x5af08]


---------------  P R O C E S S  ---------------

Threads class SMR info:
_java_thread_list=0x0000020da4bebf60, length=39, elements={
0x0000020d82cd25a0, 0x0000020d9c8b62d0, 0x0000020d9c8b7150, 0x0000020d9c8c36a0,
0x0000020d9c8fd550, 0x0000020d9c901030, 0x0000020d9c9019f0, 0x0000020d9c9026e0,
0x0000020d9c903190, 0x0000020d9c903b90, 0x0000020d9ca2a5b0, 0x0000020d9cab7540,
0x0000020d9cab7a60, 0x0000020d9cab7f80, 0x0000020d9cbf86a0, 0x0000020da1067420,
0x0000020da25a3450, 0x0000020da2685a90, 0x0000020da2bd1570, 0x0000020da3685280,
0x0000020da1368c80, 0x0000020da3096a10, 0x0000020da3562970, 0x0000020da30f7d70,
0x0000020da25a2330, 0x0000020da25a2840, 0x0000020da259fab0, 0x0000020da259f090,
0x0000020da259ffc0, 0x0000020da25a0ef0, 0x0000020da25a1400, 0x0000020da259f5a0,
0x0000020da25a04d0, 0x0000020da25a09e0, 0x0000020da25a1910, 0x0000020da3d7b960,
0x0000020da3a39060, 0x0000020da3a38070, 0x0000020da3a3a5a0
}

Java Threads: ( => current thread )
  0x0000020d82cd25a0 JavaThread "main" [_thread_blocked, id=17072, stack(0x000000c490400000,0x000000c490500000)]
  0x0000020d9c8b62d0 JavaThread "Reference Handler" daemon [_thread_blocked, id=23612, stack(0x000000c490b00000,0x000000c490c00000)]
  0x0000020d9c8b7150 JavaThread "Finalizer" daemon [_thread_blocked, id=1136, stack(0x000000c490c00000,0x000000c490d00000)]
  0x0000020d9c8c36a0 JavaThread "Signal Dispatcher" daemon [_thread_blocked, id=21704, stack(0x000000c490d00000,0x000000c490e00000)]
  0x0000020d9c8fd550 JavaThread "Attach Listener" daemon [_thread_blocked, id=20368, stack(0x000000c490e00000,0x000000c490f00000)]
  0x0000020d9c901030 JavaThread "Service Thread" daemon [_thread_blocked, id=25220, stack(0x000000c490f00000,0x000000c491000000)]
  0x0000020d9c9019f0 JavaThread "Monitor Deflation Thread" daemon [_thread_blocked, id=5196, stack(0x000000c491000000,0x000000c491100000)]
  0x0000020d9c9026e0 JavaThread "C2 CompilerThread0" daemon [_thread_blocked, id=4864, stack(0x000000c491100000,0x000000c491200000)]
  0x0000020d9c903190 JavaThread "C1 CompilerThread0" daemon [_thread_blocked, id=14568, stack(0x000000c491200000,0x000000c491300000)]
  0x0000020d9c903b90 JavaThread "Sweeper thread" daemon [_thread_blocked, id=17992, stack(0x000000c491300000,0x000000c491400000)]
  0x0000020d9ca2a5b0 JavaThread "Common-Cleaner" daemon [_thread_blocked, id=4284, stack(0x000000c491400000,0x000000c491500000)]
  0x0000020d9cab7540 JavaThread "C1 CompilerThread1" daemon [_thread_blocked, id=14492, stack(0x000000c491500000,0x000000c491600000)]
  0x0000020d9cab7a60 JavaThread "C1 CompilerThread2" daemon [_thread_blocked, id=12944, stack(0x000000c491600000,0x000000c491700000)]
  0x0000020d9cab7f80 JavaThread "C1 CompilerThread3" daemon [_thread_blocked, id=22892, stack(0x000000c491700000,0x000000c491800000)]
  0x0000020d9cbf86a0 JavaThread "Notification Thread" daemon [_thread_blocked, id=17604, stack(0x000000c491800000,0x000000c491900000)]
  0x0000020da1067420 JavaThread "C2 CompilerThread1" daemon [_thread_blocked, id=25232, stack(0x000000c491a00000,0x000000c491b00000)]
  0x0000020da25a3450 JavaThread "Daemon health stats" [_thread_blocked, id=11444, stack(0x000000c492300000,0x000000c492400000)]
  0x0000020da2685a90 JavaThread "Incoming local TCP Connector on port 53383" [_thread_in_native, id=21136, stack(0x000000c492400000,0x000000c492500000)]
  0x0000020da2bd1570 JavaThread "Daemon periodic checks" [_thread_blocked, id=26100, stack(0x000000c492500000,0x000000c492600000)]
  0x0000020da3685280 JavaThread "Daemon" [_thread_blocked, id=10856, stack(0x000000c492600000,0x000000c492700000)]
  0x0000020da1368c80 JavaThread "Handler for socket connection from /127.0.0.1:53383 to /127.0.0.1:53384" [_thread_in_native, id=21108, stack(0x000000c492700000,0x000000c492800000)]
  0x0000020da3096a10 JavaThread "Cancel handler" [_thread_blocked, id=21940, stack(0x000000c492800000,0x000000c492900000)]
  0x0000020da3562970 JavaThread "Daemon worker" [_thread_in_vm, id=12972, stack(0x000000c492900000,0x000000c492a00000)]
  0x0000020da30f7d70 JavaThread "Asynchronous log dispatcher for DefaultDaemonConnection: socket connection from /127.0.0.1:53383 to /127.0.0.1:53384" [_thread_blocked, id=11248, stack(0x000000c492a00000,0x000000c492b00000)]
  0x0000020da25a2330 JavaThread "Stdin handler" [_thread_blocked, id=9092, stack(0x000000c492b00000,0x000000c492c00000)]
  0x0000020da25a2840 JavaThread "Daemon client event forwarder" [_thread_blocked, id=24392, stack(0x000000c492c00000,0x000000c492d00000)]
  0x0000020da259fab0 JavaThread "Cache worker for journal cache (C:\Users\Hashem Arenat\.gradle\caches\journal-1)" [_thread_blocked, id=26292, stack(0x000000c491c00000,0x000000c491d00000)]
  0x0000020da259f090 JavaThread "File lock request listener" [_thread_in_native, id=25800, stack(0x000000c491d00000,0x000000c491e00000)]
  0x0000020da259ffc0 JavaThread "Cache worker for file hash cache (C:\Users\Hashem Arenat\.gradle\caches\8.7\fileHashes)" [_thread_blocked, id=26452, stack(0x000000c493900000,0x000000c493a00000)]
  0x0000020da25a0ef0 JavaThread "Cache worker for file hash cache (C:\Users\Hashem Arenat\AndroidStudioProjects\ECommerce\.gradle\8.7\fileHashes)" [_thread_blocked, id=18396, stack(0x000000c493a00000,0x000000c493b00000)]
  0x0000020da25a1400 JavaThread "File watcher server" daemon [_thread_in_native, id=9676, stack(0x000000c493b00000,0x000000c493c00000)]
  0x0000020da259f5a0 JavaThread "File watcher consumer" daemon [_thread_blocked, id=12384, stack(0x000000c493c00000,0x000000c493d00000)]
  0x0000020da25a04d0 JavaThread "Cache worker for checksums cache (C:\Users\Hashem Arenat\AndroidStudioProjects\ECommerce\.gradle\8.7\checksums)" [_thread_blocked, id=12988, stack(0x000000c493d00000,0x000000c493e00000)]
  0x0000020da25a09e0 JavaThread "Cache worker for cache directory md-supplier (C:\Users\Hashem Arenat\.gradle\caches\8.7\md-supplier)" [_thread_blocked, id=16304, stack(0x000000c493e00000,0x000000c493f00000)]
  0x0000020da25a1910 JavaThread "Cache worker for cache directory md-rule (C:\Users\Hashem Arenat\.gradle\caches\8.7\md-rule)" [_thread_blocked, id=21472, stack(0x000000c493f00000,0x000000c494000000)]
  0x0000020da3d7b960 JavaThread "Cache worker for file content cache (C:\Users\Hashem Arenat\.gradle\caches\8.7\fileContent)" [_thread_blocked, id=3344, stack(0x000000c494000000,0x000000c494100000)]
=>0x0000020da3a39060 JavaThread "C2 CompilerThread2" daemon [_thread_in_native, id=10492, stack(0x000000c491b00000,0x000000c491c00000)]
  0x0000020da3a38070 JavaThread "C2 CompilerThread3" daemon [_thread_in_native, id=14360, stack(0x000000c494100000,0x000000c494200000)]
  0x0000020da3a3a5a0 JavaThread "C2 CompilerThread4" daemon [_thread_in_native, id=12720, stack(0x000000c494200000,0x000000c494300000)]

Other Threads:
  0x0000020d9c72eae0 VMThread "VM Thread" [stack: 0x000000c490a00000,0x000000c490b00000] [id=10776]
  0x0000020d82cd3420 WatcherThread [stack: 0x000000c491900000,0x000000c491a00000] [id=26072]
  0x0000020d82d1b4c0 GCTaskThread "GC Thread#0" [stack: 0x000000c490500000,0x000000c490600000] [id=24420]
  0x0000020da226b6c0 GCTaskThread "GC Thread#1" [stack: 0x000000c491e00000,0x000000c491f00000] [id=21440]
  0x0000020da226b980 GCTaskThread "GC Thread#2" [stack: 0x000000c491f00000,0x000000c492000000] [id=17588]
  0x0000020da24a5860 GCTaskThread "GC Thread#3" [stack: 0x000000c492000000,0x000000c492100000] [id=7772]
  0x0000020da24a5b20 GCTaskThread "GC Thread#4" [stack: 0x000000c492100000,0x000000c492200000] [id=21924]
  0x0000020da24a5de0 GCTaskThread "GC Thread#5" [stack: 0x000000c492200000,0x000000c492300000] [id=19264]
  0x0000020da2436760 GCTaskThread "GC Thread#6" [stack: 0x000000c492d00000,0x000000c492e00000] [id=25368]
  0x0000020da25cc9c0 GCTaskThread "GC Thread#7" [stack: 0x000000c492e00000,0x000000c492f00000] [id=23356]
  0x0000020da31aec10 GCTaskThread "GC Thread#8" [stack: 0x000000c492f00000,0x000000c493000000] [id=15724]
  0x0000020da36a7bf0 GCTaskThread "GC Thread#9" [stack: 0x000000c493000000,0x000000c493100000] [id=24900]
  0x0000020da36a7eb0 GCTaskThread "GC Thread#10" [stack: 0x000000c493100000,0x000000c493200000] [id=22600]
  0x0000020da3562450 GCTaskThread "GC Thread#11" [stack: 0x000000c493200000,0x000000c493300000] [id=12556]
  0x0000020da30f6fb0 GCTaskThread "GC Thread#12" [stack: 0x000000c493300000,0x000000c493400000] [id=25068]
  0x0000020da30f7270 GCTaskThread "GC Thread#13" [stack: 0x000000c493400000,0x000000c493500000] [id=10340]
  0x0000020da36a1030 GCTaskThread "GC Thread#14" [stack: 0x000000c493500000,0x000000c493600000] [id=13340]
  0x0000020d82d28410 ConcurrentGCThread "G1 Main Marker" [stack: 0x000000c490600000,0x000000c490700000] [id=15380]
  0x0000020d82d295d0 ConcurrentGCThread "G1 Conc#0" [stack: 0x000000c490700000,0x000000c490800000] [id=13140]
  0x0000020da36bfee0 ConcurrentGCThread "G1 Conc#1" [stack: 0x000000c493600000,0x000000c493700000] [id=23528]
  0x0000020da36bd5a0 ConcurrentGCThread "G1 Conc#2" [stack: 0x000000c493700000,0x000000c493800000] [id=24780]
  0x0000020da36bf6a0 ConcurrentGCThread "G1 Conc#3" [stack: 0x000000c493800000,0x000000c493900000] [id=12948]
  0x0000020d82d7e740 ConcurrentGCThread "G1 Refine#0" [stack: 0x000000c490800000,0x000000c490900000] [id=7792]
  0x0000020d9c5d4440 ConcurrentGCThread "G1 Service" [stack: 0x000000c490900000,0x000000c490a00000] [id=13428]

Threads with active compile tasks:
C2 CompilerThread1     3640 4452       4       org.objectweb.asm.ByteVector::put122 (93 bytes)
C2 CompilerThread2     3640 4386       4       org.objectweb.asm.Frame::execute (2318 bytes)
C2 CompilerThread3     3640 4450       4       jdk.internal.org.objectweb.asm.ClassReader::readUtf (161 bytes)
C2 CompilerThread4     3640 4451       4       org.objectweb.asm.MethodWriter::visitVarInsn (302 bytes)

VM state: not at safepoint (normal execution)

VM Mutex/Monitor currently owned by a thread: None

Heap address: 0x00000000a0000000, size: 1536 MB, Compressed Oops mode: 32-bit

CDS archive(s) not mapped
Compressed class space mapped at: 0x0000000100000000-0x0000000140000000, reserved size: 1073741824
Narrow klass base: 0x0000000000000000, Narrow klass shift: 3, Narrow klass range: 0x140000000

GC Precious Log:
 CPUs: 20 total, 20 available
 Memory: 16004M
 Large Page Support: Disabled
 NUMA Support: Disabled
 Compressed Oops: Enabled (32-bit)
 Heap Region Size: 1M
 Heap Min Capacity: 8M
 Heap Initial Capacity: 252M
 Heap Max Capacity: 1536M
 Pre-touch: Disabled
 Parallel Workers: 15
 Concurrent Workers: 4
 Concurrent Refinement Workers: 15
 Periodic GC: Disabled

Heap:
 garbage-first heap   total 114688K, used 32092K [0x00000000a0000000, 0x0000000100000000)
  region size 1024K, 9 young (9216K), 7 survivors (7168K)
 Metaspace       used 46522K, committed 46976K, reserved 1114112K
  class space    used 6306K, committed 6528K, reserved 1048576K

Heap Regions: E=young(eden), S=young(survivor), O=old, HS=humongous(starts), HC=humongous(continues), CS=collection set, F=free, OA=open archive, CA=closed archive, TAMS=top-at-mark-start (previous, next)
|   0|0x00000000a0000000, 0x00000000a0100000, 0x00000000a0100000|100%|HS|  |TAMS 0x00000000a0100000, 0x00000000a0000000| Complete 
|   1|0x00000000a0100000, 0x00000000a0200000, 0x00000000a0200000|100%|HC|  |TAMS 0x00000000a0200000, 0x00000000a0100000| Complete 
|   2|0x00000000a0200000, 0x00000000a0300000, 0x00000000a0300000|100%|HC|  |TAMS 0x00000000a0300000, 0x00000000a0200000| Complete 
|   3|0x00000000a0300000, 0x00000000a0400000, 0x00000000a0400000|100%|HC|  |TAMS 0x00000000a0400000, 0x00000000a0300000| Complete 
|   4|0x00000000a0400000, 0x00000000a0500000, 0x00000000a0500000|100%| O|  |TAMS 0x00000000a0500000, 0x00000000a0400000| Untracked 
|   5|0x00000000a0500000, 0x00000000a0600000, 0x00000000a0600000|100%| O|  |TAMS 0x00000000a0600000, 0x00000000a0500000| Untracked 
|   6|0x00000000a0600000, 0x00000000a0700000, 0x00000000a0700000|100%| O|  |TAMS 0x00000000a0700000, 0x00000000a0600000| Untracked 
|   7|0x00000000a0700000, 0x00000000a0800000, 0x00000000a0800000|100%| O|  |TAMS 0x00000000a0800000, 0x00000000a0700000| Untracked 
|   8|0x00000000a0800000, 0x00000000a0900000, 0x00000000a0900000|100%| O|  |TAMS 0x00000000a0900000, 0x00000000a0800000| Untracked 
|   9|0x00000000a0900000, 0x00000000a0a00000, 0x00000000a0a00000|100%| O|  |TAMS 0x00000000a0a00000, 0x00000000a0900000| Untracked 
|  10|0x00000000a0a00000, 0x00000000a0b00000, 0x00000000a0b00000|100%| O|  |TAMS 0x00000000a0a00000, 0x00000000a0a00000| Untracked 
|  11|0x00000000a0b00000, 0x00000000a0c00000, 0x00000000a0c00000|100%| O|  |TAMS 0x00000000a0c00000, 0x00000000a0b00000| Untracked 
|  12|0x00000000a0c00000, 0x00000000a0d00000, 0x00000000a0d00000|100%| O|  |TAMS 0x00000000a0d00000, 0x00000000a0c00000| Untracked 
|  13|0x00000000a0d00000, 0x00000000a0e00000, 0x00000000a0e00000|100%| O|  |TAMS 0x00000000a0e00000, 0x00000000a0d00000| Untracked 
|  14|0x00000000a0e00000, 0x00000000a0f00000, 0x00000000a0f00000|100%| O|  |TAMS 0x00000000a0f00000, 0x00000000a0e00000| Untracked 
|  15|0x00000000a0f00000, 0x00000000a1000000, 0x00000000a1000000|100%| O|  |TAMS 0x00000000a1000000, 0x00000000a0f00000| Untracked 
|  16|0x00000000a1000000, 0x00000000a1100000, 0x00000000a1100000|100%| O|  |TAMS 0x00000000a1100000, 0x00000000a1000000| Untracked 
|  17|0x00000000a1100000, 0x00000000a1200000, 0x00000000a1200000|100%| O|  |TAMS 0x00000000a1200000, 0x00000000a1100000| Untracked 
|  18|0x00000000a1200000, 0x00000000a1300000, 0x00000000a1300000|100%| O|  |TAMS 0x00000000a1300000, 0x00000000a1200000| Untracked 
|  19|0x00000000a1300000, 0x00000000a1400000, 0x00000000a1400000|100%| O|  |TAMS 0x00000000a1400000, 0x00000000a1300000| Untracked 
|  20|0x00000000a1400000, 0x00000000a1500000, 0x00000000a1500000|100%| O|  |TAMS 0x00000000a14e4c00, 0x00000000a1400000| Untracked 
|  21|0x00000000a1500000, 0x00000000a1600000, 0x00000000a1600000|100%| O|  |TAMS 0x00000000a1500000, 0x00000000a1500000| Untracked 
|  22|0x00000000a1600000, 0x00000000a1700000, 0x00000000a1700000|100%| O|  |TAMS 0x00000000a1600000, 0x00000000a1600000| Untracked 
|  23|0x00000000a1700000, 0x00000000a17b1000, 0x00000000a1800000| 69%| O|  |TAMS 0x00000000a1700000, 0x00000000a1700000| Untracked 
|  24|0x00000000a1800000, 0x00000000a1800000, 0x00000000a1900000|  0%| F|  |TAMS 0x00000000a1800000, 0x00000000a1800000| Untracked 
|  25|0x00000000a1900000, 0x00000000a1900000, 0x00000000a1a00000|  0%| F|  |TAMS 0x00000000a1900000, 0x00000000a1900000| Untracked 
|  26|0x00000000a1a00000, 0x00000000a1a00000, 0x00000000a1b00000|  0%| F|  |TAMS 0x00000000a1a00000, 0x00000000a1a00000| Untracked 
|  27|0x00000000a1b00000, 0x00000000a1b00000, 0x00000000a1c00000|  0%| F|  |TAMS 0x00000000a1b00000, 0x00000000a1b00000| Untracked 
|  28|0x00000000a1c00000, 0x00000000a1c00000, 0x00000000a1d00000|  0%| F|  |TAMS 0x00000000a1c00000, 0x00000000a1c00000| Untracked 
|  29|0x00000000a1d00000, 0x00000000a1d00000, 0x00000000a1e00000|  0%| F|  |TAMS 0x00000000a1d00000, 0x00000000a1d00000| Untracked 
|  30|0x00000000a1e00000, 0x00000000a1e00000, 0x00000000a1f00000|  0%| F|  |TAMS 0x00000000a1e00000, 0x00000000a1e00000| Untracked 
|  31|0x00000000a1f00000, 0x00000000a1f00000, 0x00000000a2000000|  0%| F|  |TAMS 0x00000000a1f00000, 0x00000000a1f00000| Untracked 
|  32|0x00000000a2000000, 0x00000000a2000000, 0x00000000a2100000|  0%| F|  |TAMS 0x00000000a2000000, 0x00000000a2000000| Untracked 
|  33|0x00000000a2100000, 0x00000000a2100000, 0x00000000a2200000|  0%| F|  |TAMS 0x00000000a2100000, 0x00000000a2100000| Untracked 
|  34|0x00000000a2200000, 0x00000000a2200000, 0x00000000a2300000|  0%| F|  |TAMS 0x00000000a2200000, 0x00000000a2200000| Untracked 
|  35|0x00000000a2300000, 0x00000000a2300000, 0x00000000a2400000|  0%| F|  |TAMS 0x00000000a2300000, 0x00000000a2300000| Untracked 
|  36|0x00000000a2400000, 0x00000000a2400000, 0x00000000a2500000|  0%| F|  |TAMS 0x00000000a2400000, 0x00000000a2400000| Untracked 
|  37|0x00000000a2500000, 0x00000000a2500000, 0x00000000a2600000|  0%| F|  |TAMS 0x00000000a2500000, 0x00000000a2500000| Untracked 
|  38|0x00000000a2600000, 0x00000000a2600000, 0x00000000a2700000|  0%| F|  |TAMS 0x00000000a2600000, 0x00000000a2600000| Untracked 
|  39|0x00000000a2700000, 0x00000000a2700000, 0x00000000a2800000|  0%| F|  |TAMS 0x00000000a2700000, 0x00000000a2700000| Untracked 
|  40|0x00000000a2800000, 0x00000000a2800000, 0x00000000a2900000|  0%| F|  |TAMS 0x00000000a2800000, 0x00000000a2800000| Untracked 
|  41|0x00000000a2900000, 0x00000000a2900000, 0x00000000a2a00000|  0%| F|  |TAMS 0x00000000a2900000, 0x00000000a2900000| Untracked 
|  42|0x00000000a2a00000, 0x00000000a2a00000, 0x00000000a2b00000|  0%| F|  |TAMS 0x00000000a2a00000, 0x00000000a2a00000| Untracked 
|  43|0x00000000a2b00000, 0x00000000a2b00000, 0x00000000a2c00000|  0%| F|  |TAMS 0x00000000a2b00000, 0x00000000a2b00000| Untracked 
|  44|0x00000000a2c00000, 0x00000000a2c00000, 0x00000000a2d00000|  0%| F|  |TAMS 0x00000000a2c00000, 0x00000000a2c00000| Untracked 
|  45|0x00000000a2d00000, 0x00000000a2d00000, 0x00000000a2e00000|  0%| F|  |TAMS 0x00000000a2d00000, 0x00000000a2d00000| Untracked 
|  46|0x00000000a2e00000, 0x00000000a2e00000, 0x00000000a2f00000|  0%| F|  |TAMS 0x00000000a2e00000, 0x00000000a2e00000| Untracked 
|  47|0x00000000a2f00000, 0x00000000a2f00000, 0x00000000a3000000|  0%| F|  |TAMS 0x00000000a2f00000, 0x00000000a2f00000| Untracked 
|  48|0x00000000a3000000, 0x00000000a30a62c0, 0x00000000a3100000| 64%| S|CS|TAMS 0x00000000a3000000, 0x00000000a3000000| Complete 
|  49|0x00000000a3100000, 0x00000000a3200000, 0x00000000a3200000|100%| S|CS|TAMS 0x00000000a3100000, 0x00000000a3100000| Complete 
|  50|0x00000000a3200000, 0x00000000a3300000, 0x00000000a3300000|100%| S|CS|TAMS 0x00000000a3200000, 0x00000000a3200000| Complete 
|  51|0x00000000a3300000, 0x00000000a3400000, 0x00000000a3400000|100%| S|CS|TAMS 0x00000000a3300000, 0x00000000a3300000| Complete 
|  52|0x00000000a3400000, 0x00000000a3500000, 0x00000000a3500000|100%| S|CS|TAMS 0x00000000a3400000, 0x00000000a3400000| Complete 
|  53|0x00000000a3500000, 0x00000000a3600000, 0x00000000a3600000|100%| S|CS|TAMS 0x00000000a3500000, 0x00000000a3500000| Complete 
|  54|0x00000000a3600000, 0x00000000a3700000, 0x00000000a3700000|100%| S|CS|TAMS 0x00000000a3600000, 0x00000000a3600000| Complete 
|  55|0x00000000a3700000, 0x00000000a3700000, 0x00000000a3800000|  0%| F|  |TAMS 0x00000000a3700000, 0x00000000a3700000| Untracked 
|  56|0x00000000a3800000, 0x00000000a3800000, 0x00000000a3900000|  0%| F|  |TAMS 0x00000000a3800000, 0x00000000a3800000| Untracked 
|  57|0x00000000a3900000, 0x00000000a3900000, 0x00000000a3a00000|  0%| F|  |TAMS 0x00000000a3900000, 0x00000000a3900000| Untracked 
|  58|0x00000000a3a00000, 0x00000000a3a00000, 0x00000000a3b00000|  0%| F|  |TAMS 0x00000000a3a00000, 0x00000000a3a00000| Untracked 
|  59|0x00000000a3b00000, 0x00000000a3b00000, 0x00000000a3c00000|  0%| F|  |TAMS 0x00000000a3b00000, 0x00000000a3b00000| Untracked 
|  60|0x00000000a3c00000, 0x00000000a3c00000, 0x00000000a3d00000|  0%| F|  |TAMS 0x00000000a3c00000, 0x00000000a3c00000| Untracked 
|  61|0x00000000a3d00000, 0x00000000a3d00000, 0x00000000a3e00000|  0%| F|  |TAMS 0x00000000a3d00000, 0x00000000a3d00000| Untracked 
|  62|0x00000000a3e00000, 0x00000000a3e00000, 0x00000000a3f00000|  0%| F|  |TAMS 0x00000000a3e00000, 0x00000000a3e00000| Untracked 
|  63|0x00000000a3f00000, 0x00000000a3f00000, 0x00000000a4000000|  0%| F|  |TAMS 0x00000000a3f00000, 0x00000000a3f00000| Untracked 
|  64|0x00000000a4000000, 0x00000000a4000000, 0x00000000a4100000|  0%| F|  |TAMS 0x00000000a4000000, 0x00000000a4000000| Untracked 
|  65|0x00000000a4100000, 0x00000000a4100000, 0x00000000a4200000|  0%| F|  |TAMS 0x00000000a4100000, 0x00000000a4100000| Untracked 
|  66|0x00000000a4200000, 0x00000000a4200000, 0x00000000a4300000|  0%| F|  |TAMS 0x00000000a4200000, 0x00000000a4200000| Untracked 
|  67|0x00000000a4300000, 0x00000000a4300000, 0x00000000a4400000|  0%| F|  |TAMS 0x00000000a4300000, 0x00000000a4300000| Untracked 
|  68|0x00000000a4400000, 0x00000000a4400000, 0x00000000a4500000|  0%| F|  |TAMS 0x00000000a4400000, 0x00000000a4400000| Untracked 
|  69|0x00000000a4500000, 0x00000000a4500000, 0x00000000a4600000|  0%| F|  |TAMS 0x00000000a4500000, 0x00000000a4500000| Untracked 
|  70|0x00000000a4600000, 0x00000000a4600000, 0x00000000a4700000|  0%| F|  |TAMS 0x00000000a4600000, 0x00000000a4600000| Untracked 
|  71|0x00000000a4700000, 0x00000000a4700000, 0x00000000a4800000|  0%| F|  |TAMS 0x00000000a4700000, 0x00000000a4700000| Untracked 
|  72|0x00000000a4800000, 0x00000000a4800000, 0x00000000a4900000|  0%| F|  |TAMS 0x00000000a4800000, 0x00000000a4800000| Untracked 
|  73|0x00000000a4900000, 0x00000000a4900000, 0x00000000a4a00000|  0%| F|  |TAMS 0x00000000a4900000, 0x00000000a4900000| Untracked 
|  74|0x00000000a4a00000, 0x00000000a4a00000, 0x00000000a4b00000|  0%| F|  |TAMS 0x00000000a4a00000, 0x00000000a4a00000| Untracked 
|  75|0x00000000a4b00000, 0x00000000a4b00000, 0x00000000a4c00000|  0%| F|  |TAMS 0x00000000a4b00000, 0x00000000a4b00000| Untracked 
|  76|0x00000000a4c00000, 0x00000000a4c00000, 0x00000000a4d00000|  0%| F|  |TAMS 0x00000000a4c00000, 0x00000000a4c00000| Untracked 
|  77|0x00000000a4d00000, 0x00000000a4d00000, 0x00000000a4e00000|  0%| F|  |TAMS 0x00000000a4d00000, 0x00000000a4d00000| Untracked 
|  78|0x00000000a4e00000, 0x00000000a4e00000, 0x00000000a4f00000|  0%| F|  |TAMS 0x00000000a4e00000, 0x00000000a4e00000| Untracked 
|  79|0x00000000a4f00000, 0x00000000a4f00000, 0x00000000a5000000|  0%| F|  |TAMS 0x00000000a4f00000, 0x00000000a4f00000| Untracked 
|  80|0x00000000a5000000, 0x00000000a5000000, 0x00000000a5100000|  0%| F|  |TAMS 0x00000000a5000000, 0x00000000a5000000| Untracked 
|  81|0x00000000a5100000, 0x00000000a5100000, 0x00000000a5200000|  0%| F|  |TAMS 0x00000000a5100000, 0x00000000a5100000| Untracked 
|  82|0x00000000a5200000, 0x00000000a5200000, 0x00000000a5300000|  0%| F|  |TAMS 0x00000000a5200000, 0x00000000a5200000| Untracked 
|  83|0x00000000a5300000, 0x00000000a5300000, 0x00000000a5400000|  0%| F|  |TAMS 0x00000000a5300000, 0x00000000a5300000| Untracked 
|  84|0x00000000a5400000, 0x00000000a5400000, 0x00000000a5500000|  0%| F|  |TAMS 0x00000000a5400000, 0x00000000a5400000| Untracked 
|  85|0x00000000a5500000, 0x00000000a5500000, 0x00000000a5600000|  0%| F|  |TAMS 0x00000000a5500000, 0x00000000a5500000| Untracked 
|  86|0x00000000a5600000, 0x00000000a5600000, 0x00000000a5700000|  0%| F|  |TAMS 0x00000000a5600000, 0x00000000a5600000| Untracked 
|  87|0x00000000a5700000, 0x00000000a5700000, 0x00000000a5800000|  0%| F|  |TAMS 0x00000000a5700000, 0x00000000a5700000| Untracked 
|  88|0x00000000a5800000, 0x00000000a5800000, 0x00000000a5900000|  0%| F|  |TAMS 0x00000000a5800000, 0x00000000a5800000| Untracked 
|  89|0x00000000a5900000, 0x00000000a5900000, 0x00000000a5a00000|  0%| F|  |TAMS 0x00000000a5900000, 0x00000000a5900000| Untracked 
|  90|0x00000000a5a00000, 0x00000000a5a00000, 0x00000000a5b00000|  0%| F|  |TAMS 0x00000000a5a00000, 0x00000000a5a00000| Untracked 
|  91|0x00000000a5b00000, 0x00000000a5b00000, 0x00000000a5c00000|  0%| F|  |TAMS 0x00000000a5b00000, 0x00000000a5b00000| Untracked 
|  92|0x00000000a5c00000, 0x00000000a5c00000, 0x00000000a5d00000|  0%| F|  |TAMS 0x00000000a5c00000, 0x00000000a5c00000| Untracked 
|  93|0x00000000a5d00000, 0x00000000a5d00000, 0x00000000a5e00000|  0%| F|  |TAMS 0x00000000a5d00000, 0x00000000a5d00000| Untracked 
|  94|0x00000000a5e00000, 0x00000000a5e00000, 0x00000000a5f00000|  0%| F|  |TAMS 0x00000000a5e00000, 0x00000000a5e00000| Untracked 
|  95|0x00000000a5f00000, 0x00000000a5f00000, 0x00000000a6000000|  0%| F|  |TAMS 0x00000000a5f00000, 0x00000000a5f00000| Untracked 
|  96|0x00000000a6000000, 0x00000000a6000000, 0x00000000a6100000|  0%| F|  |TAMS 0x00000000a6000000, 0x00000000a6000000| Untracked 
|  97|0x00000000a6100000, 0x00000000a6100000, 0x00000000a6200000|  0%| F|  |TAMS 0x00000000a6100000, 0x00000000a6100000| Untracked 
|  98|0x00000000a6200000, 0x00000000a6200000, 0x00000000a6300000|  0%| F|  |TAMS 0x00000000a6200000, 0x00000000a6200000| Untracked 
|  99|0x00000000a6300000, 0x00000000a6300000, 0x00000000a6400000|  0%| F|  |TAMS 0x00000000a6300000, 0x00000000a6300000| Untracked 
| 100|0x00000000a6400000, 0x00000000a6400000, 0x00000000a6500000|  0%| F|  |TAMS 0x00000000a6400000, 0x00000000a6400000| Untracked 
| 101|0x00000000a6500000, 0x00000000a6500000, 0x00000000a6600000|  0%| F|  |TAMS 0x00000000a6500000, 0x00000000a6500000| Untracked 
| 190|0x00000000abe00000, 0x00000000abe00000, 0x00000000abf00000|  0%| F|  |TAMS 0x00000000abe00000, 0x00000000abe00000| Untracked 
| 191|0x00000000abf00000, 0x00000000abf00000, 0x00000000ac000000|  0%| F|  |TAMS 0x00000000abf00000, 0x00000000abf00000| Untracked 
| 192|0x00000000ac000000, 0x00000000ac000000, 0x00000000ac100000|  0%| F|  |TAMS 0x00000000ac000000, 0x00000000ac000000| Untracked 
| 193|0x00000000ac100000, 0x00000000ac100000, 0x00000000ac200000|  0%| F|  |TAMS 0x00000000ac100000, 0x00000000ac100000| Untracked 
| 194|0x00000000ac200000, 0x00000000ac200000, 0x00000000ac300000|  0%| F|  |TAMS 0x00000000ac200000, 0x00000000ac200000| Untracked 
| 195|0x00000000ac300000, 0x00000000ac300000, 0x00000000ac400000|  0%| F|  |TAMS 0x00000000ac300000, 0x00000000ac300000| Untracked 
| 196|0x00000000ac400000, 0x00000000ac400000, 0x00000000ac500000|  0%| F|  |TAMS 0x00000000ac400000, 0x00000000ac400000| Untracked 
| 197|0x00000000ac500000, 0x00000000ac500000, 0x00000000ac600000|  0%| F|  |TAMS 0x00000000ac500000, 0x00000000ac500000| Untracked 
| 198|0x00000000ac600000, 0x00000000ac700000, 0x00000000ac700000|100%| E|  |TAMS 0x00000000ac600000, 0x00000000ac600000| Complete 
| 251|0x00000000afb00000, 0x00000000afc00000, 0x00000000afc00000|100%| E|CS|TAMS 0x00000000afb00000, 0x00000000afb00000| Complete 

Card table byte_map: [0x0000020d95f40000,0x0000020d96240000] _byte_map_base: 0x0000020d95a40000

Marking Bits (Prev, Next): (CMBitMap*) 0x0000020d82d1bae0, (CMBitMap*) 0x0000020d82d1bb20
 Prev Bits: [0x0000020d96540000, 0x0000020d97d40000)
 Next Bits: [0x0000020d97d40000, 0x0000020d99540000)

Polling page: 0x0000020d80c80000

Metaspace:

Usage:
  Non-class:     39.30 MB used.
      Class:      6.16 MB used.
       Both:     45.46 MB used.

Virtual space:
  Non-class space:       64.00 MB reserved,      39.50 MB ( 62%) committed,  1 nodes.
      Class space:        1.00 GB reserved,       6.38 MB ( <1%) committed,  1 nodes.
             Both:        1.06 GB reserved,      45.88 MB (  4%) committed. 

Chunk freelists:
   Non-Class:  8.33 MB
       Class:  9.67 MB
        Both:  18.00 MB

MaxMetaspaceSize: unlimited
CompressedClassSpaceSize: 1.00 GB
Initial GC threshold: 21.00 MB
Current GC threshold: 58.69 MB
CDS: off
MetaspaceReclaimPolicy: balanced
 - commit_granule_bytes: 65536.
 - commit_granule_words: 8192.
 - virtual_space_node_default_size: 8388608.
 - enlarge_chunks_in_place: 1.
 - new_chunks_are_fully_committed: 0.
 - uncommit_free_chunks: 1.
 - use_allocation_guard: 0.
 - handle_deallocations: 1.


Internal statistics:

num_allocs_failed_limit: 6.
num_arena_births: 466.
num_arena_deaths: 0.
num_vsnodes_births: 2.
num_vsnodes_deaths: 0.
num_space_committed: 734.
num_space_uncommitted: 0.
num_chunks_returned_to_freelist: 6.
num_chunks_taken_from_freelist: 1893.
num_chunk_merges: 6.
num_chunk_splits: 1244.
num_chunks_enlarged: 851.
num_inconsistent_stats: 0.

CodeHeap 'non-profiled nmethods': size=119168Kb used=2797Kb max_used=2797Kb free=116370Kb
 bounds [0x0000020d8dd40000, 0x0000020d8e000000, 0x0000020d951a0000]
CodeHeap 'profiled nmethods': size=119104Kb used=9122Kb max_used=9122Kb free=109981Kb
 bounds [0x0000020d861a0000, 0x0000020d86a90000, 0x0000020d8d5f0000]
CodeHeap 'non-nmethods': size=7488Kb used=3287Kb max_used=3344Kb free=4200Kb
 bounds [0x0000020d8d5f0000, 0x0000020d8d940000, 0x0000020d8dd40000]
 total_blobs=5120 nmethods=4451 adapters=577
 compilation: enabled
              stopped_count=0, restarted_count=0
 full_count=0

Compilation events (20 events):
Event: 3.621 Thread 0x0000020d9c903190 nmethod 4420 0x0000020d86a7b010 code [0x0000020d86a7b1e0, 0x0000020d86a7b698]
Event: 3.621 Thread 0x0000020d9cab7540 nmethod 4421 0x0000020d86a7b890 code [0x0000020d86a7ba60, 0x0000020d86a7bec8]
Event: 3.621 Thread 0x0000020d9cab7f80 nmethod 4423 0x0000020d86a7c090 code [0x0000020d86a7c240, 0x0000020d86a7c508]
Event: 3.621 Thread 0x0000020d9c903190 4424       1       org.gradle.internal.snapshot.AbstractFileSystemLocationSnapshot::getName (5 bytes)
Event: 3.621 Thread 0x0000020d9c903190 nmethod 4424 0x0000020d8dff8e10 code [0x0000020d8dff8fa0, 0x0000020d8dff9078]
Event: 3.621 Thread 0x0000020d9cab7540 4425       3       com.google.common.cache.LocalCache::isExpired (57 bytes)
Event: 3.621 Thread 0x0000020d9cab7a60 4426       1       org.gradle.internal.snapshot.RegularFileSnapshot::getHash (5 bytes)
Event: 3.621 Thread 0x0000020d9cab7a60 nmethod 4426 0x0000020d8dff9110 code [0x0000020d8dff92a0, 0x0000020d8dff9378]
Event: 3.622 Thread 0x0000020d9cab7540 nmethod 4425 0x0000020d86a7c610 code [0x0000020d86a7c820, 0x0000020d86a7cf28]
Event: 3.622 Thread 0x0000020d9cab7f80 4427       3       org.gradle.internal.file.FileHierarchySet$Node::contains (101 bytes)
Event: 3.622 Thread 0x0000020d9c903190 4428       3       com.google.common.cache.LocalCache$Segment::postReadCleanup (18 bytes)
Event: 3.622 Thread 0x0000020d9cab7a60 4429       3       java.util.ArrayDeque::dec (13 bytes)
Event: 3.622 Thread 0x0000020d9cab7a60 nmethod 4429 0x0000020d86a7d110 code [0x0000020d86a7d2a0, 0x0000020d86a7d3d8]
Event: 3.622 Thread 0x0000020d9c903190 nmethod 4428 0x0000020d86a7d490 code [0x0000020d86a7d640, 0x0000020d86a7d818]
Event: 3.622 Thread 0x0000020d9c903190 4430       3       com.google.common.collect.ImmutableList::<init> (5 bytes)
Event: 3.622 Thread 0x0000020d9cab7f80 nmethod 4427 0x0000020d86a7d910 code [0x0000020d86a7db60, 0x0000020d86a7e518]
Event: 3.622 Thread 0x0000020d9c903190 nmethod 4430 0x0000020d86a7e810 code [0x0000020d86a7e9c0, 0x0000020d86a7ebf8]
Event: 3.622 Thread 0x0000020d9c903190 4431       3       java.util.Optional::map (30 bytes)
Event: 3.622 Thread 0x0000020d9c903190 nmethod 4431 0x0000020d86a7ed10 code [0x0000020d86a7ef20, 0x0000020d86a7f5f8]
Event: 3.624 Thread 0x0000020d9cab7540 4432       3       com.google.common.cache.LocalCache::nullEntry (4 bytes)

GC Heap History (20 events):
Event: 0.435 GC heap before
{Heap before GC invocations=0 (full 0):
 garbage-first heap   total 258048K, used 26624K [0x00000000a0000000, 0x0000000100000000)
  region size 1024K, 23 young (23552K), 0 survivors (0K)
 Metaspace       used 10368K, committed 10496K, reserved 1114112K
  class space    used 1053K, committed 1088K, reserved 1048576K
}
Event: 0.437 GC heap after
{Heap after GC invocations=1 (full 0):
 garbage-first heap   total 258048K, used 10964K [0x00000000a0000000, 0x0000000100000000)
  region size 1024K, 3 young (3072K), 3 survivors (3072K)
 Metaspace       used 10368K, committed 10496K, reserved 1114112K
  class space    used 1053K, committed 1088K, reserved 1048576K
}
Event: 0.688 GC heap before
{Heap before GC invocations=1 (full 0):
 garbage-first heap   total 258048K, used 39636K [0x00000000a0000000, 0x0000000100000000)
  region size 1024K, 31 young (31744K), 3 survivors (3072K)
 Metaspace       used 11536K, committed 11712K, reserved 1114112K
  class space    used 1196K, committed 1280K, reserved 1048576K
}
Event: 0.690 GC heap after
{Heap after GC invocations=2 (full 0):
 garbage-first heap   total 258048K, used 11405K [0x00000000a0000000, 0x0000000100000000)
  region size 1024K, 1 young (1024K), 1 survivors (1024K)
 Metaspace       used 11536K, committed 11712K, reserved 1114112K
  class space    used 1196K, committed 1280K, reserved 1048576K
}
Event: 1.432 GC heap before
{Heap before GC invocations=2 (full 0):
 garbage-first heap   total 258048K, used 64653K [0x00000000a0000000, 0x0000000100000000)
  region size 1024K, 53 young (54272K), 1 survivors (1024K)
 Metaspace       used 21312K, committed 21504K, reserved 1114112K
  class space    used 2506K, committed 2624K, reserved 1048576K
}
Event: 1.437 GC heap after
{Heap after GC invocations=3 (full 0):
 garbage-first heap   total 258048K, used 18720K [0x00000000a0000000, 0x0000000100000000)
  region size 1024K, 9 young (9216K), 9 survivors (9216K)
 Metaspace       used 21312K, committed 21504K, reserved 1114112K
  class space    used 2506K, committed 2624K, reserved 1048576K
}
Event: 1.824 GC heap before
{Heap before GC invocations=4 (full 0):
 garbage-first heap   total 71680K, used 51488K [0x00000000a0000000, 0x0000000100000000)
  region size 1024K, 42 young (43008K), 9 survivors (9216K)
 Metaspace       used 26192K, committed 26496K, reserved 1114112K
  class space    used 3340K, committed 3520K, reserved 1048576K
}
Event: 1.828 GC heap after
{Heap after GC invocations=5 (full 0):
 garbage-first heap   total 71680K, used 20601K [0x00000000a0000000, 0x0000000100000000)
  region size 1024K, 2 young (2048K), 2 survivors (2048K)
 Metaspace       used 26192K, committed 26496K, reserved 1114112K
  class space    used 3340K, committed 3520K, reserved 1048576K
}
Event: 1.842 GC heap before
{Heap before GC invocations=5 (full 0):
 garbage-first heap   total 71680K, used 20601K [0x00000000a0000000, 0x0000000100000000)
  region size 1024K, 3 young (3072K), 2 survivors (2048K)
 Metaspace       used 26299K, committed 26624K, reserved 1114112K
  class space    used 3366K, committed 3520K, reserved 1048576K
}
Event: 1.844 GC heap after
{Heap after GC invocations=6 (full 0):
 garbage-first heap   total 71680K, used 20734K [0x00000000a0000000, 0x0000000100000000)
  region size 1024K, 1 young (1024K), 1 survivors (1024K)
 Metaspace       used 26299K, committed 26624K, reserved 1114112K
  class space    used 3366K, committed 3520K, reserved 1048576K
}
Event: 2.180 GC heap before
{Heap before GC invocations=6 (full 0):
 garbage-first heap   total 71680K, used 50430K [0x00000000a0000000, 0x0000000100000000)
  region size 1024K, 30 young (30720K), 1 survivors (1024K)
 Metaspace       used 30253K, committed 30528K, reserved 1114112K
  class space    used 4019K, committed 4160K, reserved 1048576K
}
Event: 2.181 GC heap after
{Heap after GC invocations=7 (full 0):
 garbage-first heap   total 71680K, used 22260K [0x00000000a0000000, 0x0000000100000000)
  region size 1024K, 2 young (2048K), 2 survivors (2048K)
 Metaspace       used 30253K, committed 30528K, reserved 1114112K
  class space    used 4019K, committed 4160K, reserved 1048576K
}
Event: 2.487 GC heap before
{Heap before GC invocations=7 (full 0):
 garbage-first heap   total 71680K, used 52980K [0x00000000a0000000, 0x0000000100000000)
  region size 1024K, 32 young (32768K), 2 survivors (2048K)
 Metaspace       used 34100K, committed 34432K, reserved 1114112K
  class space    used 4649K, committed 4800K, reserved 1048576K
}
Event: 2.489 GC heap after
{Heap after GC invocations=8 (full 0):
 garbage-first heap   total 71680K, used 23620K [0x00000000a0000000, 0x0000000100000000)
  region size 1024K, 4 young (4096K), 4 survivors (4096K)
 Metaspace       used 34100K, committed 34432K, reserved 1114112K
  class space    used 4649K, committed 4800K, reserved 1048576K
}
Event: 2.609 GC heap before
{Heap before GC invocations=8 (full 0):
 garbage-first heap   total 71680K, used 32836K [0x00000000a0000000, 0x0000000100000000)
  region size 1024K, 14 young (14336K), 4 survivors (4096K)
 Metaspace       used 35692K, committed 35968K, reserved 1114112K
  class space    used 4872K, committed 4992K, reserved 1048576K
}
Event: 2.611 GC heap after
{Heap after GC invocations=9 (full 0):
 garbage-first heap   total 71680K, used 23935K [0x00000000a0000000, 0x0000000100000000)
  region size 1024K, 2 young (2048K), 2 survivors (2048K)
 Metaspace       used 35692K, committed 35968K, reserved 1114112K
  class space    used 4872K, committed 4992K, reserved 1048576K
}
Event: 3.122 GC heap before
{Heap before GC invocations=10 (full 0):
 garbage-first heap   total 71680K, used 54655K [0x00000000a0000000, 0x0000000100000000)
  region size 1024K, 33 young (33792K), 2 survivors (2048K)
 Metaspace       used 41483K, committed 41856K, reserved 1114112K
  class space    used 5475K, committed 5632K, reserved 1048576K
}
Event: 3.125 GC heap after
{Heap after GC invocations=11 (full 0):
 garbage-first heap   total 114688K, used 28120K [0x00000000a0000000, 0x0000000100000000)
  region size 1024K, 5 young (5120K), 5 survivors (5120K)
 Metaspace       used 41483K, committed 41856K, reserved 1114112K
  class space    used 5475K, committed 5632K, reserved 1048576K
}
Event: 3.609 GC heap before
{Heap before GC invocations=11 (full 0):
 garbage-first heap   total 114688K, used 86488K [0x00000000a0000000, 0x0000000100000000)
  region size 1024K, 62 young (63488K), 5 survivors (5120K)
 Metaspace       used 46339K, committed 46720K, reserved 1114112K
  class space    used 6281K, committed 6464K, reserved 1048576K
}
Event: 3.613 GC heap after
{Heap after GC invocations=12 (full 0):
 garbage-first heap   total 114688K, used 31068K [0x00000000a0000000, 0x0000000100000000)
  region size 1024K, 7 young (7168K), 7 survivors (7168K)
 Metaspace       used 46339K, committed 46720K, reserved 1114112K
  class space    used 6281K, committed 6464K, reserved 1048576K
}

Dll operation events (3 events):
Event: 0.007 Loaded shared library C:\Program Files\Android\Android Studio2\jbr\bin\java.dll
Event: 0.078 Loaded shared library C:\Program Files\Android\Android Studio2\jbr\bin\zip.dll
Event: 0.250 Loaded shared library C:\Program Files\Android\Android Studio2\jbr\bin\verify.dll

Deoptimization events (20 events):
Event: 3.507 Thread 0x0000020da3562970 Uncommon trap: trap_request=0xffffff45 fr.pc=0x0000020d8df1672c relative=0x000000000000010c
Event: 3.507 Thread 0x0000020da3562970 Uncommon trap: reason=unstable_if action=reinterpret pc=0x0000020d8df1672c method=java.util.Arrays.hashCode([Ljava/lang/Object;)I @ 34 c2
Event: 3.507 Thread 0x0000020da3562970 DEOPT PACKING pc=0x0000020d8df1672c sp=0x000000c4929f9980
Event: 3.507 Thread 0x0000020da3562970 DEOPT UNPACKING pc=0x0000020d8d6469a3 sp=0x000000c4929f98f8 mode 2
Event: 3.511 Thread 0x0000020da3562970 Uncommon trap: trap_request=0xffffff45 fr.pc=0x0000020d8dfdb864 relative=0x0000000000001c04
Event: 3.511 Thread 0x0000020da3562970 Uncommon trap: reason=unstable_if action=reinterpret pc=0x0000020d8dfdb864 method=java.lang.ClassLoader.checkCerts(Ljava/lang/String;Ljava/security/CodeSource;)V @ 9 c2
Event: 3.511 Thread 0x0000020da3562970 DEOPT PACKING pc=0x0000020d8dfdb864 sp=0x000000c4929f93a0
Event: 3.511 Thread 0x0000020da3562970 DEOPT UNPACKING pc=0x0000020d8d6469a3 sp=0x000000c4929f9210 mode 2
Event: 3.512 Thread 0x0000020da3562970 Uncommon trap: trap_request=0xffffff45 fr.pc=0x0000020d8dfd84ec relative=0x000000000000112c
Event: 3.512 Thread 0x0000020da3562970 Uncommon trap: reason=unstable_if action=reinterpret pc=0x0000020d8dfd84ec method=java.lang.Class.getPackageName()Ljava/lang/String; @ 55 c2
Event: 3.512 Thread 0x0000020da3562970 DEOPT PACKING pc=0x0000020d8dfd84ec sp=0x000000c4929f9290
Event: 3.512 Thread 0x0000020da3562970 DEOPT UNPACKING pc=0x0000020d8d6469a3 sp=0x000000c4929f9208 mode 2
Event: 3.539 Thread 0x0000020da3562970 Uncommon trap: trap_request=0xffffff45 fr.pc=0x0000020d8dfdfc98 relative=0x0000000000001a58
Event: 3.539 Thread 0x0000020da3562970 Uncommon trap: reason=unstable_if action=reinterpret pc=0x0000020d8dfdfc98 method=java.lang.ClassLoader.checkCerts(Ljava/lang/String;Ljava/security/CodeSource;)V @ 9 c2
Event: 3.539 Thread 0x0000020da3562970 DEOPT PACKING pc=0x0000020d8dfdfc98 sp=0x000000c4929f8f10
Event: 3.539 Thread 0x0000020da3562970 DEOPT UNPACKING pc=0x0000020d8d6469a3 sp=0x000000c4929f8df8 mode 2
Event: 3.614 Thread 0x0000020da3562970 Uncommon trap: trap_request=0xffffffde fr.pc=0x0000020d8de97518 relative=0x0000000000000078
Event: 3.614 Thread 0x0000020da3562970 Uncommon trap: reason=class_check action=maybe_recompile pc=0x0000020d8de97518 method=java.util.Collections$SetFromMap.remove(Ljava/lang/Object;)Z @ 5 c2
Event: 3.614 Thread 0x0000020da3562970 DEOPT PACKING pc=0x0000020d8de97518 sp=0x000000c4929f8ad0
Event: 3.614 Thread 0x0000020da3562970 DEOPT UNPACKING pc=0x0000020d8d6469a3 sp=0x000000c4929f8a68 mode 2

Classes unloaded (0 events):
No events

Classes redefined (0 events):
No events

Internal exceptions (20 events):
Event: 3.202 Thread 0x0000020da3562970 Exception <a 'java/lang/NoSuchMethodError'{0x00000000a64f9950}: 'java.lang.Object java.lang.invoke.DirectMethodHandle$Holder.invokeStatic(java.lang.Object, java.lang.Object, java.lang.Object, java.lang.Object, java.lang.Object, java.lang.Object, java.lang.Object, java.lang.Object, java.lang.Object, java.lang.Object, java.lang.Object, java.lang.Object, java.lang.Object, java.lang.Object, java.lang.Object, java.lang.Object, java.lang.Object, java.lang.Object, java.lang.Object, java.lang.Object, java.lang.Obj
Event: 3.204 Thread 0x0000020da3562970 Exception <a 'java/lang/NoSuchMethodError'{0x00000000a6342a10}: 'java.lang.Object java.lang.invoke.DirectMethodHandle$Holder.invokeStatic(java.lang.Object, java.lang.Object, java.lang.Object, java.lang.Object, java.lang.Object, java.lang.Object, java.lang.Object, java.lang.Object, java.lang.Object, java.lang.Object, java.lang.Object, java.lang.Object, java.lang.Object, java.lang.Object, java.lang.Object, java.lang.Object, java.lang.Object, java.lang.Object, java.lang.Object, java.lang.Object, java.lang.Obj
Event: 3.206 Thread 0x0000020da3562970 Exception <a 'java/lang/NoSuchMethodError'{0x00000000a6371a40}: 'java.lang.Object java.lang.invoke.DirectMethodHandle$Holder.invokeStatic(java.lang.Object, java.lang.Object, java.lang.Object, java.lang.Object, java.lang.Object, java.lang.Object, java.lang.Object, java.lang.Object, java.lang.Object, java.lang.Object, java.lang.Object, java.lang.Object, java.lang.Object, java.lang.Object, java.lang.Object, java.lang.Object, java.lang.Object, java.lang.Object, java.lang.Object, java.lang.Object, java.lang.Obj
Event: 3.208 Thread 0x0000020da3562970 Exception <a 'java/lang/NoSuchMethodError'{0x00000000a63a4178}: 'java.lang.Object java.lang.invoke.DirectMethodHandle$Holder.invokeStatic(java.lang.Object, java.lang.Object, java.lang.Object, java.lang.Object, java.lang.Object, java.lang.Object, java.lang.Object, java.lang.Object, java.lang.Object, java.lang.Object, java.lang.Object, java.lang.Object, java.lang.Object, java.lang.Object, java.lang.Object, java.lang.Object, java.lang.Object, java.lang.Object, java.lang.Object, java.lang.Object, java.lang.Obj
Event: 3.209 Thread 0x0000020da3562970 Exception <a 'java/lang/NoSuchMethodError'{0x00000000a63d6640}: 'java.lang.Object java.lang.invoke.DirectMethodHandle$Holder.invokeStatic(java.lang.Object, java.lang.Object, java.lang.Object, java.lang.Object, java.lang.Object, java.lang.Object, java.lang.Object, java.lang.Object, java.lang.Object, java.lang.Object, java.lang.Object, java.lang.Object, java.lang.Object, java.lang.Object, java.lang.Object, java.lang.Object, java.lang.Object, java.lang.Object, java.lang.Object, java.lang.Object, java.lang.Obj
Event: 3.308 Thread 0x0000020da3562970 Exception <a 'java/lang/IncompatibleClassChangeError'{0x00000000a5267248}: Found class java.lang.Object, but interface was expected> (0x00000000a5267248) 
thrown [s\src\hotspot\share\interpreter\linkResolver.cpp, line 838]
Event: 3.317 Thread 0x0000020da3562970 Exception <a 'java/lang/NoSuchMethodError'{0x00000000a5126410}: 'java.lang.Object java.lang.invoke.DirectMethodHandle$Holder.newInvokeSpecial(java.lang.Object, java.lang.Object, long)'> (0x00000000a5126410) 
thrown [s\src\hotspot\share\interpreter\linkResolver.cpp, line 771]
Event: 3.317 Thread 0x0000020da3562970 Exception <a 'java/lang/NoSuchMethodError'{0x00000000a512acc8}: 'java.lang.Object java.lang.invoke.Invokers$Holder.linkToTargetMethod(java.lang.Object, long, java.lang.Object)'> (0x00000000a512acc8) 
thrown [s\src\hotspot\share\interpreter\linkResolver.cpp, line 771]
Event: 3.337 Thread 0x0000020da3562970 Exception <a 'java/lang/NoSuchMethodError'{0x00000000a50c0868}: 'int java.lang.invoke.DirectMethodHandle$Holder.invokeInterface(java.lang.Object, java.lang.Object)'> (0x00000000a50c0868) 
thrown [s\src\hotspot\share\interpreter\linkResolver.cpp, line 771]
Event: 3.381 Thread 0x0000020da3562970 Exception <a 'java/lang/NoSuchMethodError'{0x00000000a4c297b8}: 'java.lang.Object java.lang.invoke.DirectMethodHandle$Holder.invokeVirtual(java.lang.Object, java.lang.Object, int)'> (0x00000000a4c297b8) 
thrown [s\src\hotspot\share\interpreter\linkResolver.cpp, line 771]
Event: 3.424 Thread 0x0000020da3562970 Exception <a 'java/lang/NoSuchMethodError'{0x00000000a4aadec0}: 'java.lang.Object java.lang.invoke.DirectMethodHandle$Holder.newInvokeSpecial(java.lang.Object, java.lang.Object, java.lang.Object, java.lang.Object, int)'> (0x00000000a4aadec0) 
thrown [s\src\hotspot\share\interpreter\linkResolver.cpp, line 771]
Event: 3.425 Thread 0x0000020da3562970 Exception <a 'java/lang/NoSuchMethodError'{0x00000000a4ab2f40}: 'java.lang.Object java.lang.invoke.DirectMethodHandle$Holder.invokeSpecial(java.lang.Object, java.lang.Object, java.lang.Object, java.lang.Object, java.lang.Object, int)'> (0x00000000a4ab2f40) 
thrown [s\src\hotspot\share\interpreter\linkResolver.cpp, line 771]
Event: 3.425 Thread 0x0000020da3562970 Exception <a 'java/lang/NoSuchMethodError'{0x00000000a4ab7970}: 'java.lang.Object java.lang.invoke.Invokers$Holder.linkToTargetMethod(java.lang.Object, java.lang.Object, java.lang.Object, int, java.lang.Object)'> (0x00000000a4ab7970) 
thrown [s\src\hotspot\share\interpreter\linkResolver.cpp, line 771]
Event: 3.446 Thread 0x0000020da3562970 Exception <a 'java/lang/NoSuchMethodError'{0x00000000a4887f38}: 'int java.lang.invoke.DirectMethodHandle$Holder.invokeInterface(java.lang.Object, java.lang.Object, java.lang.Object, java.lang.Object)'> (0x00000000a4887f38) 
thrown [s\src\hotspot\share\interpreter\linkResolver.cpp, line 771]
Event: 3.507 Thread 0x0000020da3562970 Implicit null exception at 0x0000020d8df1666c to 0x0000020d8df16710
Event: 3.564 Thread 0x0000020da3562970 Exception <a 'java/lang/NoSuchMethodError'{0x00000000a3b11890}: 'void java.lang.invoke.DirectMethodHandle$Holder.invokeInterface(java.lang.Object, java.lang.Object)'> (0x00000000a3b11890) 
thrown [s\src\hotspot\share\interpreter\linkResolver.cpp, line 771]
Event: 3.565 Thread 0x0000020da3562970 Exception <a 'java/lang/IncompatibleClassChangeError'{0x00000000a3b1ccc0}: Found class java.lang.Object, but interface was expected> (0x00000000a3b1ccc0) 
thrown [s\src\hotspot\share\interpreter\linkResolver.cpp, line 838]
Event: 3.583 Thread 0x0000020da3562970 Exception <a 'java/lang/NoSuchMethodError'{0x00000000a39ad5b8}: 'java.lang.Object java.lang.invoke.DirectMethodHandle$Holder.newInvokeSpecial(java.lang.Object, int, java.lang.Object)'> (0x00000000a39ad5b8) 
thrown [s\src\hotspot\share\interpreter\linkResolver.cpp, line 771]
Event: 3.603 Thread 0x0000020da3562970 Exception <a 'java/lang/NoSuchMethodError'{0x00000000a37569e0}: 'java.lang.Object java.lang.invoke.DirectMethodHandle$Holder.newInvokeSpecial(java.lang.Object, java.lang.Object, int, java.lang.Object)'> (0x00000000a37569e0) 
thrown [s\src\hotspot\share\interpreter\linkResolver.cpp, line 771]
Event: 3.603 Thread 0x0000020da3562970 Exception <a 'java/lang/NoSuchMethodError'{0x00000000a375b570}: 'java.lang.Object java.lang.invoke.DirectMethodHandle$Holder.invokeSpecial(java.lang.Object, java.lang.Object, java.lang.Object, int, java.lang.Object)'> (0x00000000a375b570) 
thrown [s\src\hotspot\share\interpreter\linkResolver.cpp, line 771]

VM Operations (20 events):
Event: 3.122 Executing VM operation: G1CollectForAllocation
Event: 3.125 Executing VM operation: G1CollectForAllocation done
Event: 3.310 Executing VM operation: HandshakeAllThreads
Event: 3.310 Executing VM operation: HandshakeAllThreads done
Event: 3.325 Executing VM operation: HandshakeAllThreads
Event: 3.325 Executing VM operation: HandshakeAllThreads done
Event: 3.440 Executing VM operation: HandshakeAllThreads
Event: 3.440 Executing VM operation: HandshakeAllThreads done
Event: 3.443 Executing VM operation: HandshakeAllThreads
Event: 3.443 Executing VM operation: HandshakeAllThreads done
Event: 3.445 Executing VM operation: HandshakeAllThreads
Event: 3.445 Executing VM operation: HandshakeAllThreads done
Event: 3.489 Executing VM operation: HandshakeAllThreads
Event: 3.489 Executing VM operation: HandshakeAllThreads done
Event: 3.508 Executing VM operation: ICBufferFull
Event: 3.508 Executing VM operation: ICBufferFull done
Event: 3.609 Executing VM operation: G1CollectForAllocation
Event: 3.613 Executing VM operation: G1CollectForAllocation done
Event: 3.615 Executing VM operation: HandshakeAllThreads
Event: 3.615 Executing VM operation: HandshakeAllThreads done

Events (20 events):
Event: 3.330 loading class java/nio/charset/CharacterCodingException
Event: 3.330 loading class java/nio/charset/CharacterCodingException done
Event: 3.382 loading class java/util/stream/Streams$RangeIntSpliterator
Event: 3.382 loading class java/util/stream/Streams$RangeIntSpliterator done
Event: 3.442 loading class java/util/ArrayList$ListItr
Event: 3.442 loading class java/util/ArrayList$ListItr done
Event: 3.533 loading class java/util/concurrent/atomic/AtomicReferenceFieldUpdater
Event: 3.533 loading class java/util/concurrent/atomic/AtomicReferenceFieldUpdater done
Event: 3.533 loading class java/util/concurrent/atomic/AtomicReferenceFieldUpdater$AtomicReferenceFieldUpdaterImpl
Event: 3.533 loading class java/util/concurrent/atomic/AtomicReferenceFieldUpdater$AtomicReferenceFieldUpdaterImpl done
Event: 3.533 loading class java/util/concurrent/atomic/AtomicReferenceFieldUpdater$AtomicReferenceFieldUpdaterImpl$1
Event: 3.533 loading class java/util/concurrent/atomic/AtomicReferenceFieldUpdater$AtomicReferenceFieldUpdaterImpl$1 done
Event: 3.595 loading class java/lang/StringIndexOutOfBoundsException
Event: 3.595 loading class java/lang/StringIndexOutOfBoundsException done
Event: 3.615 loading class java/util/stream/DistinctOps
Event: 3.615 loading class java/util/stream/DistinctOps done
Event: 3.615 loading class java/util/stream/DistinctOps$1
Event: 3.615 loading class java/util/stream/DistinctOps$1 done
Event: 3.616 loading class java/util/stream/DistinctOps$1$2
Event: 3.616 loading class java/util/stream/DistinctOps$1$2 done


Dynamic libraries:
0x00007ff619230000 - 0x00007ff61923a000 	C:\Program Files\Android\Android Studio2\jbr\bin\java.exe
0x00007ffa77f70000 - 0x00007ffa78187000 	C:\WINDOWS\SYSTEM32\ntdll.dll
0x00007ffa76640000 - 0x00007ffa76704000 	C:\WINDOWS\System32\KERNEL32.DLL
0x00007ffa752b0000 - 0x00007ffa75667000 	C:\WINDOWS\System32\KERNELBASE.dll
0x00007ffa75b80000 - 0x00007ffa75c91000 	C:\WINDOWS\System32\ucrtbase.dll
0x00007ffa62b70000 - 0x00007ffa62b87000 	C:\Program Files\Android\Android Studio2\jbr\bin\jli.dll
0x00007ffa66fa0000 - 0x00007ffa66fbb000 	C:\Program Files\Android\Android Studio2\jbr\bin\VCRUNTIME140.dll
0x00007ffa76290000 - 0x00007ffa7643f000 	C:\WINDOWS\System32\USER32.dll
0x00007ffa75a60000 - 0x00007ffa75a86000 	C:\WINDOWS\System32\win32u.dll
0x00007ffa77a60000 - 0x00007ffa77a89000 	C:\WINDOWS\System32\GDI32.dll
0x00007ffa61aa0000 - 0x00007ffa61d33000 	C:\WINDOWS\WinSxS\amd64_microsoft.windows.common-controls_6595b64144ccf1df_6.0.22621.3672_none_2713b9d173822955\COMCTL32.dll
0x00007ffa75670000 - 0x00007ffa75788000 	C:\WINDOWS\System32\gdi32full.dll
0x00007ffa76870000 - 0x00007ffa76917000 	C:\WINDOWS\System32\msvcrt.dll
0x00007ffa75790000 - 0x00007ffa7582a000 	C:\WINDOWS\System32\msvcp_win.dll
0x00007ffa76ad0000 - 0x00007ffa76b01000 	C:\WINDOWS\System32\IMM32.DLL
0x00007ffa6c5b0000 - 0x00007ffa6c5bc000 	C:\Program Files\Android\Android Studio2\jbr\bin\vcruntime140_1.dll
0x00007ffa15d90000 - 0x00007ffa15e1d000 	C:\Program Files\Android\Android Studio2\jbr\bin\msvcp140.dll
0x00007ffa08cb0000 - 0x00007ffa09933000 	C:\Program Files\Android\Android Studio2\jbr\bin\server\jvm.dll
0x00007ffa77020000 - 0x00007ffa770d2000 	C:\WINDOWS\System32\ADVAPI32.dll
0x00007ffa77140000 - 0x00007ffa771e8000 	C:\WINDOWS\System32\sechost.dll
0x00007ffa75280000 - 0x00007ffa752a8000 	C:\WINDOWS\System32\bcrypt.dll
0x00007ffa75d50000 - 0x00007ffa75e64000 	C:\WINDOWS\System32\RPCRT4.dll
0x00007ffa740f0000 - 0x00007ffa7413d000 	C:\WINDOWS\SYSTEM32\POWRPROF.dll
0x00007ffa6b8b0000 - 0x00007ffa6b8ba000 	C:\WINDOWS\SYSTEM32\VERSION.dll
0x00007ffa6e5c0000 - 0x00007ffa6e5c9000 	C:\WINDOWS\SYSTEM32\WSOCK32.dll
0x00007ffa77e90000 - 0x00007ffa77f01000 	C:\WINDOWS\System32\WS2_32.dll
0x00007ffa6eda0000 - 0x00007ffa6edd4000 	C:\WINDOWS\SYSTEM32\WINMM.dll
0x00007ffa740d0000 - 0x00007ffa740e3000 	C:\WINDOWS\SYSTEM32\UMPDC.dll
0x00007ffa74320000 - 0x00007ffa74338000 	C:\WINDOWS\SYSTEM32\kernel.appcore.dll
0x00007ffa700b0000 - 0x00007ffa700ba000 	C:\Program Files\Android\Android Studio2\jbr\bin\jimage.dll
0x00007ffa72aa0000 - 0x00007ffa72cd2000 	C:\WINDOWS\SYSTEM32\DBGHELP.DLL
0x00007ffa75ef0000 - 0x00007ffa7627e000 	C:\WINDOWS\System32\combase.dll
0x00007ffa76460000 - 0x00007ffa76537000 	C:\WINDOWS\System32\OLEAUT32.dll
0x00007ffa65ec0000 - 0x00007ffa65ef2000 	C:\WINDOWS\SYSTEM32\dbgcore.DLL
0x00007ffa75a90000 - 0x00007ffa75b0b000 	C:\WINDOWS\System32\bcryptPrimitives.dll
0x00007ffa687c0000 - 0x00007ffa687ce000 	C:\Program Files\Android\Android Studio2\jbr\bin\instrument.dll
0x00007ffa6ef20000 - 0x00007ffa6ef45000 	C:\Program Files\Android\Android Studio2\jbr\bin\java.dll
0x00007ffa6fb10000 - 0x00007ffa6fb28000 	C:\Program Files\Android\Android Studio2\jbr\bin\zip.dll
0x00007ffa771f0000 - 0x00007ffa77a59000 	C:\WINDOWS\System32\SHELL32.dll
0x00007ffa731b0000 - 0x00007ffa73aaf000 	C:\WINDOWS\SYSTEM32\windows.storage.dll
0x00007ffa73070000 - 0x00007ffa731af000 	C:\WINDOWS\SYSTEM32\wintypes.dll
0x00007ffa76540000 - 0x00007ffa76639000 	C:\WINDOWS\System32\SHCORE.dll
0x00007ffa77e30000 - 0x00007ffa77e8e000 	C:\WINDOWS\System32\shlwapi.dll
0x00007ffa751b0000 - 0x00007ffa751d7000 	C:\WINDOWS\SYSTEM32\profapi.dll
0x00007ffa6e180000 - 0x00007ffa6e199000 	C:\Program Files\Android\Android Studio2\jbr\bin\net.dll
0x00007ffa70cb0000 - 0x00007ffa70de6000 	C:\WINDOWS\SYSTEM32\WINHTTP.dll
0x00007ffa747e0000 - 0x00007ffa74849000 	C:\WINDOWS\system32\mswsock.dll
0x00007ffa6c160000 - 0x00007ffa6c176000 	C:\Program Files\Android\Android Studio2\jbr\bin\nio.dll
0x00007ffa687d0000 - 0x00007ffa687e0000 	C:\Program Files\Android\Android Studio2\jbr\bin\verify.dll
0x00007ffa6c5c0000 - 0x00007ffa6c5e7000 	C:\Users\Hashem Arenat\.gradle\native\c067742578af261105cb4f569cf0c3c89f3d7b1fecec35dd04571415982c5e48\windows-amd64\native-platform.dll
0x00007ff9dfd50000 - 0x00007ff9dfe94000 	C:\Users\Hashem Arenat\.gradle\native\38dada09dfb8b06ba9b0570ebf7e218e3eb74d4ef43ca46872605cf95ebc2f47\windows-amd64\native-platform-file-events.dll
0x00007ffa6eef0000 - 0x00007ffa6eef9000 	C:\Program Files\Android\Android Studio2\jbr\bin\management.dll
0x00007ffa687e0000 - 0x00007ffa687eb000 	C:\Program Files\Android\Android Studio2\jbr\bin\management_ext.dll
0x00007ffa76280000 - 0x00007ffa76288000 	C:\WINDOWS\System32\PSAPI.DLL
0x00007ffa74b30000 - 0x00007ffa74b4b000 	C:\WINDOWS\SYSTEM32\CRYPTSP.dll
0x00007ffa742e0000 - 0x00007ffa74315000 	C:\WINDOWS\system32\rsaenh.dll
0x00007ffa74880000 - 0x00007ffa748a8000 	C:\WINDOWS\SYSTEM32\USERENV.dll
0x00007ffa74b10000 - 0x00007ffa74b1c000 	C:\WINDOWS\SYSTEM32\CRYPTBASE.dll
0x00007ffa73d80000 - 0x00007ffa73dad000 	C:\WINDOWS\SYSTEM32\IPHLPAPI.DLL
0x00007ffa76440000 - 0x00007ffa76449000 	C:\WINDOWS\System32\NSI.dll
0x00007ffa70890000 - 0x00007ffa708a9000 	C:\WINDOWS\SYSTEM32\dhcpcsvc6.DLL
0x00007ffa70870000 - 0x00007ffa7088f000 	C:\WINDOWS\SYSTEM32\dhcpcsvc.DLL
0x00007ffa73df0000 - 0x00007ffa73ef2000 	C:\WINDOWS\SYSTEM32\DNSAPI.dll
0x00007ffa6fb90000 - 0x00007ffa6fb99000 	C:\Program Files\Android\Android Studio2\jbr\bin\extnet.dll
0x00007ffa65ff0000 - 0x00007ffa65ff8000 	C:\WINDOWS\system32\wshunix.dll

dbghelp: loaded successfully - version: 4.0.5 - missing functions: none
symbol engine: initialized successfully - sym options: 0x614 - pdb path: .;C:\Program Files\Android\Android Studio2\jbr\bin;C:\WINDOWS\SYSTEM32;C:\WINDOWS\WinSxS\amd64_microsoft.windows.common-controls_6595b64144ccf1df_6.0.22621.3672_none_2713b9d173822955;C:\Program Files\Android\Android Studio2\jbr\bin\server;C:\Users\Hashem Arenat\.gradle\native\c067742578af261105cb4f569cf0c3c89f3d7b1fecec35dd04571415982c5e48\windows-amd64;C:\Users\Hashem Arenat\.gradle\native\38dada09dfb8b06ba9b0570ebf7e218e3eb74d4ef43ca46872605cf95ebc2f47\windows-amd64

VM Arguments:
jvm_args: --add-opens=java.base/java.util=ALL-UNNAMED --add-opens=java.base/java.lang=ALL-UNNAMED --add-opens=java.base/java.lang.invoke=ALL-UNNAMED --add-opens=java.prefs/java.util.prefs=ALL-UNNAMED --add-opens=java.base/java.nio.charset=ALL-UNNAMED --add-opens=java.base/java.net=ALL-UNNAMED --add-opens=java.base/java.util.concurrent.atomic=ALL-UNNAMED -Xmx1536M -Dfile.encoding=UTF-8 -Duser.country=US -Duser.language=en -Duser.variant -javaagent:C:\Users\Hashem Arenat\.gradle\wrapper\dists\gradle-8.7-bin\bhs2wmbdwecv87pi65oeuq5iu\gradle-8.7\lib\agents\gradle-instrumentation-agent-8.7.jar 
java_command: org.gradle.launcher.daemon.bootstrap.GradleDaemon 8.7
java_class_path (initial): C:\Users\Hashem Arenat\.gradle\wrapper\dists\gradle-8.7-bin\bhs2wmbdwecv87pi65oeuq5iu\gradle-8.7\lib\gradle-launcher-8.7.jar
Launcher Type: SUN_STANDARD

[Global flags]
     intx CICompilerCount                          = 12                                        {product} {ergonomic}
     uint ConcGCThreads                            = 4                                         {product} {ergonomic}
     uint G1ConcRefinementThreads                  = 15                                        {product} {ergonomic}
   size_t G1HeapRegionSize                         = 1048576                                   {product} {ergonomic}
    uintx GCDrainStackTargetSize                   = 64                                        {product} {ergonomic}
   size_t InitialHeapSize                          = 264241152                                 {product} {ergonomic}
   size_t MarkStackSize                            = 4194304                                   {product} {ergonomic}
   size_t MaxHeapSize                              = 1610612736                                {product} {command line}
   size_t MaxNewSize                               = 965738496                                 {product} {ergonomic}
   size_t MinHeapDeltaBytes                        = 1048576                                   {product} {ergonomic}
   size_t MinHeapSize                              = 8388608                                   {product} {ergonomic}
    uintx NonNMethodCodeHeapSize                   = 7602480                                {pd product} {ergonomic}
    uintx NonProfiledCodeHeapSize                  = 122027880                              {pd product} {ergonomic}
    uintx ProfiledCodeHeapSize                     = 122027880                              {pd product} {ergonomic}
    uintx ReservedCodeCacheSize                    = 251658240                              {pd product} {ergonomic}
     bool SegmentedCodeCache                       = true                                      {product} {ergonomic}
   size_t SoftMaxHeapSize                          = 1610612736                             {manageable} {ergonomic}
     bool UseCompressedClassPointers               = true                           {product lp64_product} {ergonomic}
     bool UseCompressedOops                        = true                           {product lp64_product} {ergonomic}
     bool UseG1GC                                  = true                                      {product} {ergonomic}
     bool UseLargePagesIndividualAllocation        = false                                  {pd product} {ergonomic}

Logging:
Log output configuration:
 #0: stdout all=warning uptime,level,tags
 #1: stderr all=off uptime,level,tags

Environment Variables:
JAVA_HOME=C:\Program Files\Java\jdk-21
PATH=D:\DevSuiteHome_1\jdk\jre\bin\classic;D:\DevSuiteHome_1\jdk\jre\bin;D:\DevSuiteHome_1\jdk\jre\bin\client;D:\DevSuiteHome_1\jlib;D:\DevSuiteHome_1\bin;D:\DevSuiteHome_1\jre\1.4.2\bin\client;D:\DevSuiteHome_1\jre\1.4.2\bin;C:\Program Files\Common Files\Oracle\Java\javapath;C:\WINDOWS\system32;C:\WINDOWS;C:\WINDOWS\System32\Wbem;C:\WINDOWS\System32\WindowsPowerShell\v1.0\;C:\WINDOWS\System32\OpenSSH\;C:\MinGW\bin;C:\Program Files\Java\jdk-21\bin;C:\Program Files\nodejs;C:\Program Files\nodejs\node_modules\npm\bin;C:\Program Files\Git\cmd;C:\Program Files\dotnet\;C:\Users\Hashem Arenat\AppData\Local\Microsoft\WindowsApps;C:\AppServ\Apache24\bin;C:\AppServ\php7;C:\AppServ\MySQL\bin;C:\Program Files\Java\jdk-21\bin;C:\scrcpy-win64-v2.2;C:\dart-sdk\bin;C:\Users\Hashem Arenat\AppData\Local\Programs\Microsoft VS Code\bin;C:\flutter\bin;C:\Users\Hashem Arenat\Desktop\cmder\bin;C:\Users\Hashem Arenat\AppData\Roaming\npm;;C:\Program Files\JetBrains\IntelliJ IDEA Community Edition 2024.1.2\bin;;C:\Program Files\JetBrains\IntelliJ IDEA 2024.1.2\bin;
USERNAME=Hashem 1
OS=Windows_NT
PROCESSOR_IDENTIFIER=Intel64 Family 6 Model 154 Stepping 3, GenuineIntel
TMP=C:\Users\HASHEM~1\AppData\Local\Temp
TEMP=C:\Users\HASHEM~1\AppData\Local\Temp



Periodic native trim disabled

JNI global refs:
JNI global refs: 34, weak refs: 0

JNI global refs memory usage: 843, weak refs: 841

OOME stack traces (most recent first):
Classloader memory used:
Loader org.gradle.internal.classloader.VisitableURLClassLoader                         : 2753K
Loader bootstrap                                                                       : 2350K
Loader org.gradle.initialization.MixInLegacyTypesClassLoader                           : 621K
Loader jdk.internal.loader.ClassLoaders$PlatformClassLoader                            : 67390B
Loader jdk.internal.loader.ClassLoaders$AppClassLoader                                 : 28764B
Loader jdk.internal.reflect.DelegatingClassLoader                                      : 4428B
Loader org.gradle.internal.classloader.VisitableURLClassLoader                         : 2999B

Classes loaded by more than one classloader:
Class org.gradle.internal.installation.GradleInstallation                             : loaded 2 times (x 73B)
Class org.gradle.internal.classpath.ClassPath                                         : loaded 2 times (x 68B)
Class org.gradle.api.internal.classpath.DefaultModuleRegistry                         : loaded 2 times (x 84B)
Class Settings_gradle$1$1                                                             : loaded 2 times (x 72B)
Class org.gradle.api.Action                                                           : loaded 2 times (x 68B)
Class org.gradle.api.internal.DefaultClassPathProvider                                : loaded 2 times (x 74B)
Class org.gradle.internal.installation.GradleInstallation$1                           : loaded 2 times (x 73B)
Class org.gradle.internal.classloader.FilteringClassLoader                            : loaded 2 times (x 103B)
Class org.gradle.internal.classpath.DefaultClassPath$ImmutableUniqueList$Builder      : loaded 2 times (x 73B)
Class org.gradle.internal.classloader.ClassLoaderVisitor                              : loaded 2 times (x 74B)
Class org.gradle.internal.service.DefaultServiceLocator                               : loaded 2 times (x 81B)
Class org.gradle.internal.service.UnknownServiceException                             : loaded 2 times (x 81B)
Class org.gradle.internal.classloader.DefaultClassLoaderFactory                       : loaded 2 times (x 80B)
Class org.gradle.internal.classloader.VisitableURLClassLoader$Spec                    : loaded 2 times (x 72B)
Class org.gradle.api.GradleException                                                  : loaded 2 times (x 80B)
Class org.gradle.api.internal.classpath.ModuleRegistry                                : loaded 2 times (x 68B)
Class org.gradle.api.internal.ClassPathProvider                                       : loaded 2 times (x 68B)
Class org.gradle.internal.classloader.ClasspathUtil$1                                 : loaded 2 times (x 74B)
Class org.gradle.internal.classloader.ClassLoaderFactory                              : loaded 2 times (x 68B)
Class org.gradle.api.internal.classpath.ManifestUtil                                  : loaded 2 times (x 69B)
Class org.gradle.api.specs.Spec                                                       : loaded 2 times (x 68B)
Class org.gradle.internal.IoActions                                                   : loaded 2 times (x 69B)
Class org.gradle.api.internal.classpath.EffectiveClassPath                            : loaded 2 times (x 88B)
Class org.gradle.internal.installation.CurrentGradleInstallation                      : loaded 2 times (x 71B)
Class org.gradle.internal.agents.InstrumentingClassLoader                             : loaded 2 times (x 68B)
Class org.gradle.internal.installation.CurrentGradleInstallationLocator               : loaded 2 times (x 69B)
Class org.gradle.api.internal.classpath.Module                                        : loaded 2 times (x 68B)
Class org.gradle.internal.service.CachingServiceLocator                               : loaded 2 times (x 80B)
Class org.gradle.internal.classpath.DefaultClassPath                                  : loaded 2 times (x 88B)
Class org.gradle.internal.classloader.SystemClassLoaderSpec                           : loaded 2 times (x 69B)
Class org.gradle.api.UncheckedIOException                                             : loaded 2 times (x 80B)
Class Program                                                                         : loaded 2 times (x 70B)
Class org.gradle.internal.classloader.ClasspathUtil                                   : loaded 2 times (x 69B)
Class org.gradle.api.internal.DefaultClassPathRegistry                                : loaded 2 times (x 74B)
Class org.gradle.api.internal.classpath.DefaultModuleRegistry$DefaultModule           : loaded 2 times (x 84B)
Class org.gradle.api.internal.classpath.UnknownModuleException                        : loaded 2 times (x 80B)
Class org.gradle.internal.service.ServiceLookupException                              : loaded 2 times (x 80B)
Class org.gradle.cache.GlobalCache                                                    : loaded 2 times (x 68B)
Class [Lorg.gradle.api.internal.ClassPathProvider;                                    : loaded 2 times (x 67B)
Class org.gradle.util.internal.GUtil                                                  : loaded 2 times (x 69B)
Class org.gradle.internal.classloader.ClassLoaderSpec                                 : loaded 2 times (x 69B)
Class org.gradle.internal.classloader.VisitableURLClassLoader                         : loaded 2 times (x 115B)
Class org.gradle.internal.Cast                                                        : loaded 2 times (x 69B)
Class org.gradle.api.internal.ClassPathRegistry                                       : loaded 2 times (x 68B)
Class org.gradle.internal.classloader.VisitableURLClassLoader$InstrumentingVisitableURLClassLoader: loaded 2 times (x 121B)
Class org.gradle.internal.classloader.ClassLoaderHierarchy                            : loaded 2 times (x 68B)
Class org.gradle.internal.InternalTransformer                                         : loaded 2 times (x 68B)
Class org.gradle.internal.service.ServiceLocator                                      : loaded 2 times (x 68B)
Class Settings_gradle$1                                                               : loaded 2 times (x 72B)
Class org.gradle.internal.classpath.DefaultClassPath$ImmutableUniqueList              : loaded 2 times (x 159B)
Class org.gradle.internal.classpath.TransformedClassPath                              : loaded 2 times (x 94B)
Class Settings_gradle                                                                 : loaded 2 times (x 126B)


---------------  S Y S T E M  ---------------

OS:
 Windows 11 , 64 bit Build 22621 (10.0.22621.3958)
OS uptime: 4 days 7:12 hours
Hyper-V role detected

CPU: total 20 (initial active 20) (10 cores per cpu, 2 threads per core) family 6 model 154 stepping 3 microcode 0x429, cx8, cmov, fxsr, ht, mmx, 3dnowpref, sse, sse2, sse3, ssse3, sse4.1, sse4.2, popcnt, lzcnt, tsc, tscinvbit, avx, avx2, aes, erms, clmul, bmi1, bmi2, adx, sha, fma, vzeroupper, clflush, clflushopt, clwb, hv
Processor Information for all 20 processors :
  Max Mhz: 2300, Current Mhz: 2300, Mhz Limit: 2300

Memory: 4k page, system-wide physical 16004M (4710M free)
TotalPageFile size 18052M (AvailPageFile size 4M)
current process WorkingSet (physical memory assigned to process): 275M, peak: 275M
current process commit charge ("private bytes"): 326M, peak: 411M

vm_info: OpenJDK 64-Bit Server VM (17.0.10+0--11609105) for windows-amd64 JRE (17.0.10+0--11609105), built on Mar 21 2024 19:10:56 by "androidbuild" with MS VC++ 16.10 / 16.11 (VS2019)

END.
