#
# There is insufficient memory for the Java Runtime Environment to continue.
# Native memory allocation (malloc) failed to allocate 1739424 bytes for Chunk::new
# Possible reasons:
#   The system is out of physical RAM or swap space
#   The process is running with CompressedOops enabled, and the Java Heap may be blocking the growth of the native heap
# Possible solutions:
#   Reduce memory load on the system
#   Increase physical memory or swap space
#   Check if swap backing store is full
#   Decrease Java heap size (-Xmx/-Xms)
#   Decrease number of Java threads
#   Decrease Java thread stack sizes (-Xss)
#   Set larger code cache with -XX:ReservedCodeCacheSize=
#   JVM is running with Unscaled Compressed Oops mode in which the Java heap is
#     placed in the first 4GB address space. The Java Heap base address is the
#     maximum limit for the native heap growth. Please use -XX:HeapBaseMinAddress
#     to set the Java Heap base and to place the Java Heap above 4GB virtual address.
# This output file may be truncated or incomplete.
#
#  Out of Memory Error (arena.cpp:191), pid=12764, tid=24272
#
# JRE version: OpenJDK Runtime Environment (17.0.10) (build 17.0.10+0--11609105)
# Java VM: OpenJDK 64-Bit Server VM (17.0.10+0--11609105, mixed mode, tiered, compressed oops, compressed class ptrs, g1 gc, windows-amd64)
# No core dump will be written. Minidumps are not enabled by default on client versions of Windows
#

---------------  S U M M A R Y ------------

Command Line: --add-opens=java.base/java.util=ALL-UNNAMED --add-opens=java.base/java.lang=ALL-UNNAMED --add-opens=java.base/java.lang.invoke=ALL-UNNAMED --add-opens=java.prefs/java.util.prefs=ALL-UNNAMED --add-opens=java.base/java.nio.charset=ALL-UNNAMED --add-opens=java.base/java.net=ALL-UNNAMED --add-opens=java.base/java.util.concurrent.atomic=ALL-UNNAMED -Xmx1536M -Dfile.encoding=UTF-8 -Duser.country=US -Duser.language=en -Duser.variant -javaagent:C:\Users\Hashem Arenat\.gradle\wrapper\dists\gradle-8.7-bin\bhs2wmbdwecv87pi65oeuq5iu\gradle-8.7\lib\agents\gradle-instrumentation-agent-8.7.jar org.gradle.launcher.daemon.bootstrap.GradleDaemon 8.7

Host: 12th Gen Intel(R) Core(TM) i7-12700H, 20 cores, 15G,  Windows 11 , 64 bit Build 22621 (10.0.22621.3958)
Time: Thu Oct 31 14:20:00 2024 Jerusalem Standard Time elapsed time: 4.399976 seconds (0d 0h 0m 4s)

---------------  T H R E A D  ---------------

Current thread (0x000001ee126d6470):  JavaThread "C2 CompilerThread1" daemon [_thread_in_native, id=24272, stack(0x0000009982d00000,0x0000009982e00000)]


Current CompileTask:
C2:   4400 5329       4       org.objectweb.asm.Frame::execute (2318 bytes)

Stack: [0x0000009982d00000,0x0000009982e00000]
Native frames: (J=compiled Java code, j=interpreted, Vv=VM code, C=native code)
V  [jvm.dll+0x688de9]
V  [jvm.dll+0x8423da]
V  [jvm.dll+0x84401e]
V  [jvm.dll+0x844683]
V  [jvm.dll+0x24be0f]
V  [jvm.dll+0xac524]
V  [jvm.dll+0xacb6c]
V  [jvm.dll+0x36bd67]
V  [jvm.dll+0x33615a]
V  [jvm.dll+0x3355fa]
V  [jvm.dll+0x21daa1]
V  [jvm.dll+0x21cec1]
V  [jvm.dll+0x1a60ad]
V  [jvm.dll+0x22cd78]
V  [jvm.dll+0x22aeb0]
V  [jvm.dll+0x7f6877]
V  [jvm.dll+0x7f0c7a]
V  [jvm.dll+0x687c65]
C  [ucrtbase.dll+0x29333]
C  [KERNEL32.DLL+0x1257d]
C  [ntdll.dll+0x5af08]


---------------  P R O C E S S  ---------------

Threads class SMR info:
_java_thread_list=0x000001ee19d09f20, length=67, elements={
0x000001ee7839d120, 0x000001ee12176020, 0x000001ee12176ea0, 0x000001ee1217a170,
0x000001ee121a37e0, 0x000001ee121a7330, 0x000001ee121a7cf0, 0x000001ee121a89e0,
0x000001ee121a9490, 0x000001ee121aa2a0, 0x000001ee12317d50, 0x000001ee1228f870,
0x000001ee1235dc60, 0x000001ee12360190, 0x000001ee1241dcc0, 0x000001ee126d6470,
0x000001ee17c458f0, 0x000001ee17f44f10, 0x000001ee181075d0, 0x000001ee17ccb6c0,
0x000001ee1784c740, 0x000001ee1902b280, 0x000001ee1902b760, 0x000001ee12d76550,
0x000001ee12d792e0, 0x000001ee12d788c0, 0x000001ee12d76a60, 0x000001ee12d78dd0,
0x000001ee12d76f70, 0x000001ee1886f0e0, 0x000001ee18eb5a00, 0x000001ee18ebbf40,
0x000001ee18eb54f0, 0x000001ee18eb91b0, 0x000001ee18eb6e40, 0x000001ee18eb7350,
0x000001ee18eb4fe0, 0x000001ee18ebb520, 0x000001ee18eb9bd0, 0x000001ee18ebc960,
0x000001ee18eb6420, 0x000001ee18eba5f0, 0x000001ee18ebba30, 0x000001ee18ebc450,
0x000001ee18eb5f10, 0x000001ee18eb7860, 0x000001ee18eb7d70, 0x000001ee18eb8280,
0x000001ee18eb8790, 0x000001ee18eb8ca0, 0x000001ee18eb96c0, 0x000001ee1b1ac640,
0x000001ee1b1ab200, 0x000001ee1b1ad060, 0x000001ee1b1ad570, 0x000001ee1b1ab710,
0x000001ee1b1acb50, 0x000001ee1b34d700, 0x000001ee1b34fa70, 0x000001ee1b3518d0,
0x000001ee1b352800, 0x000001ee1b353c40, 0x000001ee1b354150, 0x000001ee1b350490,
0x000001ee1b34ff80, 0x000001ee1b34f560, 0x000001ee1b350eb0
}

Java Threads: ( => current thread )
  0x000001ee7839d120 JavaThread "main" [_thread_blocked, id=13388, stack(0x0000009981700000,0x0000009981800000)]
  0x000001ee12176020 JavaThread "Reference Handler" daemon [_thread_blocked, id=12200, stack(0x0000009981e00000,0x0000009981f00000)]
  0x000001ee12176ea0 JavaThread "Finalizer" daemon [_thread_blocked, id=15116, stack(0x0000009981f00000,0x0000009982000000)]
  0x000001ee1217a170 JavaThread "Signal Dispatcher" daemon [_thread_blocked, id=8440, stack(0x0000009982000000,0x0000009982100000)]
  0x000001ee121a37e0 JavaThread "Attach Listener" daemon [_thread_blocked, id=568, stack(0x0000009982100000,0x0000009982200000)]
  0x000001ee121a7330 JavaThread "Service Thread" daemon [_thread_blocked, id=16372, stack(0x0000009982200000,0x0000009982300000)]
  0x000001ee121a7cf0 JavaThread "Monitor Deflation Thread" daemon [_thread_blocked, id=15136, stack(0x0000009982300000,0x0000009982400000)]
  0x000001ee121a89e0 JavaThread "C2 CompilerThread0" daemon [_thread_in_native, id=4136, stack(0x0000009982400000,0x0000009982500000)]
  0x000001ee121a9490 JavaThread "C1 CompilerThread0" daemon [_thread_blocked, id=13556, stack(0x0000009982500000,0x0000009982600000)]
  0x000001ee121aa2a0 JavaThread "Sweeper thread" daemon [_thread_blocked, id=20244, stack(0x0000009982600000,0x0000009982700000)]
  0x000001ee12317d50 JavaThread "Common-Cleaner" daemon [_thread_blocked, id=7512, stack(0x0000009982700000,0x0000009982800000)]
  0x000001ee1228f870 JavaThread "C1 CompilerThread1" daemon [_thread_blocked, id=3172, stack(0x0000009982800000,0x0000009982900000)]
  0x000001ee1235dc60 JavaThread "C1 CompilerThread2" daemon [_thread_blocked, id=2900, stack(0x0000009982900000,0x0000009982a00000)]
  0x000001ee12360190 JavaThread "C1 CompilerThread3" daemon [_thread_blocked, id=24064, stack(0x0000009982a00000,0x0000009982b00000)]
  0x000001ee1241dcc0 JavaThread "Notification Thread" daemon [_thread_blocked, id=14528, stack(0x0000009982b00000,0x0000009982c00000)]
=>0x000001ee126d6470 JavaThread "C2 CompilerThread1" daemon [_thread_in_native, id=24272, stack(0x0000009982d00000,0x0000009982e00000)]
  0x000001ee17c458f0 JavaThread "Daemon health stats" [_thread_blocked, id=22720, stack(0x0000009983600000,0x0000009983700000)]
  0x000001ee17f44f10 JavaThread "Incoming local TCP Connector on port 52579" [_thread_in_native, id=24020, stack(0x0000009983700000,0x0000009983800000)]
  0x000001ee181075d0 JavaThread "Daemon periodic checks" [_thread_blocked, id=18180, stack(0x0000009983800000,0x0000009983900000)]
  0x000001ee17ccb6c0 JavaThread "Daemon" [_thread_blocked, id=20580, stack(0x0000009983900000,0x0000009983a00000)]
  0x000001ee1784c740 JavaThread "Handler for socket connection from /127.0.0.1:52579 to /127.0.0.1:52580" [_thread_in_native, id=15384, stack(0x0000009983a00000,0x0000009983b00000)]
  0x000001ee1902b280 JavaThread "Cancel handler" [_thread_blocked, id=9156, stack(0x0000009983b00000,0x0000009983c00000)]
  0x000001ee1902b760 JavaThread "Daemon worker" [_thread_in_vm, id=8560, stack(0x0000009983c00000,0x0000009983d00000)]
  0x000001ee12d76550 JavaThread "Asynchronous log dispatcher for DefaultDaemonConnection: socket connection from /127.0.0.1:52579 to /127.0.0.1:52580" [_thread_blocked, id=22672, stack(0x0000009983d00000,0x0000009983e00000)]
  0x000001ee12d792e0 JavaThread "Stdin handler" [_thread_blocked, id=4108, stack(0x0000009983e00000,0x0000009983f00000)]
  0x000001ee12d788c0 JavaThread "Daemon client event forwarder" [_thread_blocked, id=14412, stack(0x0000009983f00000,0x0000009984000000)]
  0x000001ee12d76a60 JavaThread "Cache worker for journal cache (C:\Users\Hashem Arenat\.gradle\caches\journal-1)" [_thread_blocked, id=19548, stack(0x0000009982e00000,0x0000009982f00000)]
  0x000001ee12d78dd0 JavaThread "File lock request listener" [_thread_in_native, id=1324, stack(0x0000009982f00000,0x0000009983000000)]
  0x000001ee12d76f70 JavaThread "Cache worker for file hash cache (C:\Users\Hashem Arenat\.gradle\caches\8.7\fileHashes)" [_thread_blocked, id=1848, stack(0x0000009983000000,0x0000009983100000)]
  0x000001ee1886f0e0 JavaThread "C2 CompilerThread2" daemon [_thread_in_native, id=11392, stack(0x0000009984c00000,0x0000009984d00000)]
  0x000001ee18eb5a00 JavaThread "Cache worker for file hash cache (C:\Users\Hashem Arenat\AndroidStudioProjects\ECommerce\.gradle\8.7\fileHashes)" [_thread_blocked, id=23428, stack(0x0000009984e00000,0x0000009984f00000)]
  0x000001ee18ebbf40 JavaThread "File watcher server" daemon [_thread_in_native, id=24156, stack(0x0000009984f00000,0x0000009985000000)]
  0x000001ee18eb54f0 JavaThread "File watcher consumer" daemon [_thread_blocked, id=17928, stack(0x0000009985000000,0x0000009985100000)]
  0x000001ee18eb91b0 JavaThread "jar transforms" [_thread_blocked, id=19452, stack(0x0000009985100000,0x0000009985200000)]
  0x000001ee18eb6e40 JavaThread "jar transforms Thread 2" [_thread_blocked, id=22964, stack(0x0000009985200000,0x0000009985300000)]
  0x000001ee18eb7350 JavaThread "jar transforms Thread 3" [_thread_blocked, id=3760, stack(0x0000009985300000,0x0000009985400000)]
  0x000001ee18eb4fe0 JavaThread "jar transforms Thread 4" [_thread_blocked, id=19972, stack(0x0000009985400000,0x0000009985500000)]
  0x000001ee18ebb520 JavaThread "jar transforms Thread 5" [_thread_blocked, id=23672, stack(0x0000009985500000,0x0000009985600000)]
  0x000001ee18eb9bd0 JavaThread "jar transforms Thread 6" [_thread_blocked, id=10836, stack(0x0000009985600000,0x0000009985700000)]
  0x000001ee18ebc960 JavaThread "jar transforms Thread 7" [_thread_blocked, id=8788, stack(0x0000009985700000,0x0000009985800000)]
  0x000001ee18eb6420 JavaThread "jar transforms Thread 8" [_thread_blocked, id=11856, stack(0x0000009985800000,0x0000009985900000)]
  0x000001ee18eba5f0 JavaThread "jar transforms Thread 9" [_thread_blocked, id=19620, stack(0x0000009985900000,0x0000009985a00000)]
  0x000001ee18ebba30 JavaThread "jar transforms Thread 10" [_thread_blocked, id=6960, stack(0x0000009985a00000,0x0000009985b00000)]
  0x000001ee18ebc450 JavaThread "jar transforms Thread 11" [_thread_blocked, id=12060, stack(0x0000009985b00000,0x0000009985c00000)]
  0x000001ee18eb5f10 JavaThread "jar transforms Thread 12" [_thread_blocked, id=24088, stack(0x0000009985c00000,0x0000009985d00000)]
  0x000001ee18eb7860 JavaThread "jar transforms Thread 13" [_thread_blocked, id=18740, stack(0x0000009985d00000,0x0000009985e00000)]
  0x000001ee18eb7d70 JavaThread "jar transforms Thread 14" [_thread_blocked, id=2916, stack(0x0000009985e00000,0x0000009985f00000)]
  0x000001ee18eb8280 JavaThread "jar transforms Thread 15" [_thread_blocked, id=13740, stack(0x0000009985f00000,0x0000009986000000)]
  0x000001ee18eb8790 JavaThread "jar transforms Thread 16" [_thread_blocked, id=17104, stack(0x0000009986000000,0x0000009986100000)]
  0x000001ee18eb8ca0 JavaThread "jar transforms Thread 17" [_thread_blocked, id=21512, stack(0x0000009986100000,0x0000009986200000)]
  0x000001ee18eb96c0 JavaThread "jar transforms Thread 18" [_thread_blocked, id=18300, stack(0x0000009986200000,0x0000009986300000)]
  0x000001ee1b1ac640 JavaThread "jar transforms Thread 19" [_thread_blocked, id=10680, stack(0x0000009986300000,0x0000009986400000)]
  0x000001ee1b1ab200 JavaThread "jar transforms Thread 20" [_thread_blocked, id=19108, stack(0x0000009986400000,0x0000009986500000)]
  0x000001ee1b1ad060 JavaThread "Cache worker for checksums cache (C:\Users\Hashem Arenat\AndroidStudioProjects\ECommerce\.gradle\8.7\checksums)" [_thread_blocked, id=9700, stack(0x0000009986500000,0x0000009986600000)]
  0x000001ee1b1ad570 JavaThread "Cache worker for cache directory md-supplier (C:\Users\Hashem Arenat\.gradle\caches\8.7\md-supplier)" [_thread_blocked, id=20268, stack(0x0000009986600000,0x0000009986700000)]
  0x000001ee1b1ab710 JavaThread "Cache worker for cache directory md-rule (C:\Users\Hashem Arenat\.gradle\caches\8.7\md-rule)" [_thread_blocked, id=22012, stack(0x0000009986700000,0x0000009986800000)]
  0x000001ee1b1acb50 JavaThread "Cache worker for file content cache (C:\Users\Hashem Arenat\.gradle\caches\8.7\fileContent)" [_thread_blocked, id=13544, stack(0x0000009986800000,0x0000009986900000)]
  0x000001ee1b34d700 JavaThread "Unconstrained build operations" [_thread_blocked, id=23032, stack(0x0000009984d00000,0x0000009984e00000)]
  0x000001ee1b34fa70 JavaThread "Unconstrained build operations Thread 2" [_thread_blocked, id=18948, stack(0x0000009986900000,0x0000009986a00000)]
  0x000001ee1b3518d0 JavaThread "Unconstrained build operations Thread 3" [_thread_blocked, id=23384, stack(0x0000009986a00000,0x0000009986b00000)]
  0x000001ee1b352800 JavaThread "Unconstrained build operations Thread 4" [_thread_blocked, id=16516, stack(0x0000009986b00000,0x0000009986c00000)]
  0x000001ee1b353c40 JavaThread "Unconstrained build operations Thread 5" [_thread_blocked, id=13616, stack(0x0000009986c00000,0x0000009986d00000)]
  0x000001ee1b354150 JavaThread "Unconstrained build operations Thread 6" [_thread_blocked, id=7828, stack(0x0000009986d00000,0x0000009986e00000)]
  0x000001ee1b350490 JavaThread "Unconstrained build operations Thread 7" [_thread_blocked, id=1832, stack(0x0000009986e00000,0x0000009986f00000)]
  0x000001ee1b34ff80 JavaThread "Unconstrained build operations Thread 8" [_thread_blocked, id=19020, stack(0x0000009986f00000,0x0000009987000000)]
  0x000001ee1b34f560 JavaThread "Unconstrained build operations Thread 9" [_thread_blocked, id=18328, stack(0x0000009987000000,0x0000009987100000)]
  0x000001ee1b350eb0 JavaThread "Unconstrained build operations Thread 10" [_thread_blocked, id=19124, stack(0x0000009987100000,0x0000009987200000)]

Other Threads:
  0x000001ee11fd8950 VMThread "VM Thread" [stack: 0x0000009981d00000,0x0000009981e00000] [id=14312]
  0x000001ee124825b0 WatcherThread [stack: 0x0000009982c00000,0x0000009982d00000] [id=24276]
  0x000001ee783eb800 GCTaskThread "GC Thread#0" [stack: 0x0000009981800000,0x0000009981900000] [id=15816]
  0x000001ee180d1340 GCTaskThread "GC Thread#1" [stack: 0x0000009983100000,0x0000009983200000] [id=20968]
  0x000001ee17a27d10 GCTaskThread "GC Thread#2" [stack: 0x0000009983200000,0x0000009983300000] [id=20796]
  0x000001ee17fb3830 GCTaskThread "GC Thread#3" [stack: 0x0000009983300000,0x0000009983400000] [id=21400]
  0x000001ee17fb3af0 GCTaskThread "GC Thread#4" [stack: 0x0000009983400000,0x0000009983500000] [id=24008]
  0x000001ee17b38050 GCTaskThread "GC Thread#5" [stack: 0x0000009983500000,0x0000009983600000] [id=21832]
  0x000001ee17d513d0 GCTaskThread "GC Thread#6" [stack: 0x0000009984000000,0x0000009984100000] [id=24348]
  0x000001ee17d50e50 GCTaskThread "GC Thread#7" [stack: 0x0000009984100000,0x0000009984200000] [id=13104]
  0x000001ee17d51110 GCTaskThread "GC Thread#8" [stack: 0x0000009984200000,0x0000009984300000] [id=17508]
  0x000001ee17d52450 GCTaskThread "GC Thread#9" [stack: 0x0000009984300000,0x0000009984400000] [id=24448]
  0x000001ee17d51ed0 GCTaskThread "GC Thread#10" [stack: 0x0000009984400000,0x0000009984500000] [id=14440]
  0x000001ee17d508d0 GCTaskThread "GC Thread#11" [stack: 0x0000009984500000,0x0000009984600000] [id=5236]
  0x000001ee17d50b90 GCTaskThread "GC Thread#12" [stack: 0x0000009984600000,0x0000009984700000] [id=12020]
  0x000001ee17d51690 GCTaskThread "GC Thread#13" [stack: 0x0000009984700000,0x0000009984800000] [id=2168]
  0x000001ee17d51950 GCTaskThread "GC Thread#14" [stack: 0x0000009984800000,0x0000009984900000] [id=23928]
  0x000001ee783f8750 ConcurrentGCThread "G1 Main Marker" [stack: 0x0000009981900000,0x0000009981a00000] [id=23456]
  0x000001ee783f9170 ConcurrentGCThread "G1 Conc#0" [stack: 0x0000009981a00000,0x0000009981b00000] [id=2736]
  0x000001ee17d52190 ConcurrentGCThread "G1 Conc#1" [stack: 0x0000009984900000,0x0000009984a00000] [id=21408]
  0x000001ee17d51c10 ConcurrentGCThread "G1 Conc#2" [stack: 0x0000009984a00000,0x0000009984b00000] [id=22704]
  0x000001ee185bd7a0 ConcurrentGCThread "G1 Conc#3" [stack: 0x0000009984b00000,0x0000009984c00000] [id=21744]
  0x000001ee11e8c620 ConcurrentGCThread "G1 Refine#0" [stack: 0x0000009981b00000,0x0000009981c00000] [id=24192]
  0x000001ee11e8d050 ConcurrentGCThread "G1 Service" [stack: 0x0000009981c00000,0x0000009981d00000] [id=13328]

Threads with active compile tasks:
C2 CompilerThread0     4412 5400       4       org.objectweb.asm.SymbolTable::addConstantUtf8Reference (101 bytes)
C2 CompilerThread1     4412 5329       4       org.objectweb.asm.Frame::execute (2318 bytes)
C2 CompilerThread2     4412 5347       4       org.objectweb.asm.SymbolTable::addConstantMemberReference (147 bytes)

VM state: not at safepoint (normal execution)

VM Mutex/Monitor currently owned by a thread: None

Heap address: 0x00000000a0000000, size: 1536 MB, Compressed Oops mode: 32-bit

CDS archive(s) not mapped
Compressed class space mapped at: 0x0000000100000000-0x0000000140000000, reserved size: 1073741824
Narrow klass base: 0x0000000000000000, Narrow klass shift: 3, Narrow klass range: 0x140000000

GC Precious Log:
 CPUs: 20 total, 20 available
 Memory: 16004M
 Large Page Support: Disabled
 NUMA Support: Disabled
 Compressed Oops: Enabled (32-bit)
 Heap Region Size: 1M
 Heap Min Capacity: 8M
 Heap Initial Capacity: 252M
 Heap Max Capacity: 1536M
 Pre-touch: Disabled
 Parallel Workers: 15
 Concurrent Workers: 4
 Concurrent Refinement Workers: 15
 Periodic GC: Disabled

Heap:
 garbage-first heap   total 125952K, used 72762K [0x00000000a0000000, 0x0000000100000000)
  region size 1024K, 5 young (5120K), 2 survivors (2048K)
 Metaspace       used 54473K, committed 55104K, reserved 1114112K
  class space    used 7306K, committed 7616K, reserved 1048576K

Heap Regions: E=young(eden), S=young(survivor), O=old, HS=humongous(starts), HC=humongous(continues), CS=collection set, F=free, OA=open archive, CA=closed archive, TAMS=top-at-mark-start (previous, next)
|   0|0x00000000a0000000, 0x00000000a0100000, 0x00000000a0100000|100%|HS|  |TAMS 0x00000000a0100000, 0x00000000a0000000| Complete 
|   1|0x00000000a0100000, 0x00000000a0200000, 0x00000000a0200000|100%|HC|  |TAMS 0x00000000a0200000, 0x00000000a0100000| Complete 
|   2|0x00000000a0200000, 0x00000000a0300000, 0x00000000a0300000|100%|HC|  |TAMS 0x00000000a0300000, 0x00000000a0200000| Complete 
|   3|0x00000000a0300000, 0x00000000a0400000, 0x00000000a0400000|100%|HC|  |TAMS 0x00000000a0400000, 0x00000000a0300000| Complete 
|   4|0x00000000a0400000, 0x00000000a0500000, 0x00000000a0500000|100%| O|  |TAMS 0x00000000a0500000, 0x00000000a0400000| Untracked 
|   5|0x00000000a0500000, 0x00000000a0600000, 0x00000000a0600000|100%| O|  |TAMS 0x00000000a0600000, 0x00000000a0500000| Untracked 
|   6|0x00000000a0600000, 0x00000000a0700000, 0x00000000a0700000|100%| O|  |TAMS 0x00000000a0700000, 0x00000000a0600000| Untracked 
|   7|0x00000000a0700000, 0x00000000a0800000, 0x00000000a0800000|100%| O|  |TAMS 0x00000000a0800000, 0x00000000a0700000| Untracked 
|   8|0x00000000a0800000, 0x00000000a0900000, 0x00000000a0900000|100%| O|  |TAMS 0x00000000a0900000, 0x00000000a0800000| Untracked 
|   9|0x00000000a0900000, 0x00000000a0a00000, 0x00000000a0a00000|100%| O|  |TAMS 0x00000000a0a00000, 0x00000000a0900000| Untracked 
|  10|0x00000000a0a00000, 0x00000000a0a00000, 0x00000000a0b00000|  0%| F|  |TAMS 0x00000000a0a00000, 0x00000000a0a00000| Untracked 
|  11|0x00000000a0b00000, 0x00000000a0c00000, 0x00000000a0c00000|100%| O|  |TAMS 0x00000000a0c00000, 0x00000000a0b00000| Untracked 
|  12|0x00000000a0c00000, 0x00000000a0d00000, 0x00000000a0d00000|100%| O|  |TAMS 0x00000000a0d00000, 0x00000000a0c00000| Untracked 
|  13|0x00000000a0d00000, 0x00000000a0e00000, 0x00000000a0e00000|100%| O|  |TAMS 0x00000000a0e00000, 0x00000000a0d00000| Untracked 
|  14|0x00000000a0e00000, 0x00000000a0f00000, 0x00000000a0f00000|100%| O|  |TAMS 0x00000000a0f00000, 0x00000000a0e00000| Untracked 
|  15|0x00000000a0f00000, 0x00000000a1000000, 0x00000000a1000000|100%| O|  |TAMS 0x00000000a1000000, 0x00000000a0f00000| Untracked 
|  16|0x00000000a1000000, 0x00000000a1100000, 0x00000000a1100000|100%| O|  |TAMS 0x00000000a1100000, 0x00000000a1000000| Untracked 
|  17|0x00000000a1100000, 0x00000000a1200000, 0x00000000a1200000|100%| O|  |TAMS 0x00000000a1200000, 0x00000000a1100000| Untracked 
|  18|0x00000000a1200000, 0x00000000a1300000, 0x00000000a1300000|100%| O|  |TAMS 0x00000000a1300000, 0x00000000a1200000| Untracked 
|  19|0x00000000a1300000, 0x00000000a1400000, 0x00000000a1400000|100%| O|  |TAMS 0x00000000a1400000, 0x00000000a1300000| Untracked 
|  20|0x00000000a1400000, 0x00000000a1500000, 0x00000000a1500000|100%|HS|  |TAMS 0x00000000a1500000, 0x00000000a1400000| Complete 
|  21|0x00000000a1500000, 0x00000000a1600000, 0x00000000a1600000|100%|HC|  |TAMS 0x00000000a1600000, 0x00000000a1500000| Complete 
|  22|0x00000000a1600000, 0x00000000a1700000, 0x00000000a1700000|100%|HC|  |TAMS 0x00000000a1700000, 0x00000000a1600000| Complete 
|  23|0x00000000a1700000, 0x00000000a1800000, 0x00000000a1800000|100%|HC|  |TAMS 0x00000000a1800000, 0x00000000a1700000| Complete 
|  24|0x00000000a1800000, 0x00000000a1900000, 0x00000000a1900000|100%|HC|  |TAMS 0x00000000a1900000, 0x00000000a1800000| Complete 
|  25|0x00000000a1900000, 0x00000000a1a00000, 0x00000000a1a00000|100%|HS|  |TAMS 0x00000000a1a00000, 0x00000000a1900000| Complete 
|  26|0x00000000a1a00000, 0x00000000a1b00000, 0x00000000a1b00000|100%|HC|  |TAMS 0x00000000a1b00000, 0x00000000a1a00000| Complete 
|  27|0x00000000a1b00000, 0x00000000a1c00000, 0x00000000a1c00000|100%|HC|  |TAMS 0x00000000a1c00000, 0x00000000a1b00000| Complete 
|  28|0x00000000a1c00000, 0x00000000a1d00000, 0x00000000a1d00000|100%|HS|  |TAMS 0x00000000a1d00000, 0x00000000a1c00000| Complete 
|  29|0x00000000a1d00000, 0x00000000a1e00000, 0x00000000a1e00000|100%|HC|  |TAMS 0x00000000a1e00000, 0x00000000a1d00000| Complete 
|  30|0x00000000a1e00000, 0x00000000a1f00000, 0x00000000a1f00000|100%|HC|  |TAMS 0x00000000a1f00000, 0x00000000a1e00000| Complete 
|  31|0x00000000a1f00000, 0x00000000a2000000, 0x00000000a2000000|100%| O|  |TAMS 0x00000000a2000000, 0x00000000a1f00000| Untracked 
|  32|0x00000000a2000000, 0x00000000a2100000, 0x00000000a2100000|100%| O|  |TAMS 0x00000000a2100000, 0x00000000a2000000| Untracked 
|  33|0x00000000a2100000, 0x00000000a2200000, 0x00000000a2200000|100%|HS|  |TAMS 0x00000000a2200000, 0x00000000a2100000| Complete 
|  34|0x00000000a2200000, 0x00000000a2300000, 0x00000000a2300000|100%| O|  |TAMS 0x00000000a2300000, 0x00000000a2200000| Untracked 
|  35|0x00000000a2300000, 0x00000000a2400000, 0x00000000a2400000|100%| O|  |TAMS 0x00000000a2400000, 0x00000000a2300000| Untracked 
|  36|0x00000000a2400000, 0x00000000a2500000, 0x00000000a2500000|100%| O|  |TAMS 0x00000000a2500000, 0x00000000a2400000| Untracked 
|  37|0x00000000a2500000, 0x00000000a2600000, 0x00000000a2600000|100%| O|  |TAMS 0x00000000a2600000, 0x00000000a2500000| Untracked 
|  38|0x00000000a2600000, 0x00000000a2700000, 0x00000000a2700000|100%| O|  |TAMS 0x00000000a2700000, 0x00000000a2600000| Untracked 
|  39|0x00000000a2700000, 0x00000000a2800000, 0x00000000a2800000|100%| O|  |TAMS 0x00000000a2800000, 0x00000000a2700000| Untracked 
|  40|0x00000000a2800000, 0x00000000a2900000, 0x00000000a2900000|100%| O|  |TAMS 0x00000000a2900000, 0x00000000a2800000| Untracked 
|  41|0x00000000a2900000, 0x00000000a2a00000, 0x00000000a2a00000|100%| O|  |TAMS 0x00000000a2a00000, 0x00000000a2900000| Untracked 
|  42|0x00000000a2a00000, 0x00000000a2b00000, 0x00000000a2b00000|100%| O|  |TAMS 0x00000000a2b00000, 0x00000000a2a00000| Untracked 
|  43|0x00000000a2b00000, 0x00000000a2c00000, 0x00000000a2c00000|100%| O|  |TAMS 0x00000000a2c00000, 0x00000000a2b00000| Untracked 
|  44|0x00000000a2c00000, 0x00000000a2d00000, 0x00000000a2d00000|100%| O|  |TAMS 0x00000000a2d00000, 0x00000000a2c00000| Untracked 
|  45|0x00000000a2d00000, 0x00000000a2e00000, 0x00000000a2e00000|100%|HS|  |TAMS 0x00000000a2e00000, 0x00000000a2d00000| Complete 
|  46|0x00000000a2e00000, 0x00000000a2f00000, 0x00000000a2f00000|100%|HC|  |TAMS 0x00000000a2f00000, 0x00000000a2e00000| Complete 
|  47|0x00000000a2f00000, 0x00000000a3000000, 0x00000000a3000000|100%|HC|  |TAMS 0x00000000a3000000, 0x00000000a2f00000| Complete 
|  48|0x00000000a3000000, 0x00000000a3100000, 0x00000000a3100000|100%| O|  |TAMS 0x00000000a3100000, 0x00000000a3000000| Untracked 
|  49|0x00000000a3100000, 0x00000000a3200000, 0x00000000a3200000|100%| O|  |TAMS 0x00000000a3200000, 0x00000000a3100000| Untracked 
|  50|0x00000000a3200000, 0x00000000a3300000, 0x00000000a3300000|100%| O|  |TAMS 0x00000000a3300000, 0x00000000a3200000| Untracked 
|  51|0x00000000a3300000, 0x00000000a3400000, 0x00000000a3400000|100%| O|  |TAMS 0x00000000a3400000, 0x00000000a3300000| Untracked 
|  52|0x00000000a3400000, 0x00000000a3500000, 0x00000000a3500000|100%| O|  |TAMS 0x00000000a3500000, 0x00000000a3400000| Complete 
|  53|0x00000000a3500000, 0x00000000a3600000, 0x00000000a3600000|100%|HS|  |TAMS 0x00000000a3600000, 0x00000000a3500000| Complete 
|  54|0x00000000a3600000, 0x00000000a3700000, 0x00000000a3700000|100%|HC|  |TAMS 0x00000000a3700000, 0x00000000a3600000| Complete 
|  55|0x00000000a3700000, 0x00000000a3800000, 0x00000000a3800000|100%|HC|  |TAMS 0x00000000a3800000, 0x00000000a3700000| Complete 
|  56|0x00000000a3800000, 0x00000000a3900000, 0x00000000a3900000|100%|HC|  |TAMS 0x00000000a3900000, 0x00000000a3800000| Complete 
|  57|0x00000000a3900000, 0x00000000a3a00000, 0x00000000a3a00000|100%|HC|  |TAMS 0x00000000a3a00000, 0x00000000a3900000| Complete 
|  58|0x00000000a3a00000, 0x00000000a3b00000, 0x00000000a3b00000|100%| O|  |TAMS 0x00000000a3b00000, 0x00000000a3a00000| Untracked 
|  59|0x00000000a3b00000, 0x00000000a3c00000, 0x00000000a3c00000|100%| O|  |TAMS 0x00000000a3c00000, 0x00000000a3b00000| Untracked 
|  60|0x00000000a3c00000, 0x00000000a3d00000, 0x00000000a3d00000|100%| O|  |TAMS 0x00000000a3d00000, 0x00000000a3c00000| Untracked 
|  61|0x00000000a3d00000, 0x00000000a3e00000, 0x00000000a3e00000|100%| O|  |TAMS 0x00000000a3e00000, 0x00000000a3d00000| Untracked 
|  62|0x00000000a3e00000, 0x00000000a3ee0a00, 0x00000000a3f00000| 87%| O|  |TAMS 0x00000000a3ee0a00, 0x00000000a3e00000| Untracked 
|  63|0x00000000a3f00000, 0x00000000a3f00000, 0x00000000a4000000|  0%| F|  |TAMS 0x00000000a3f00000, 0x00000000a3f00000| Untracked 
|  64|0x00000000a4000000, 0x00000000a4000000, 0x00000000a4100000|  0%| F|  |TAMS 0x00000000a4000000, 0x00000000a4000000| Untracked 
|  65|0x00000000a4100000, 0x00000000a4200000, 0x00000000a4200000|100%|HS|  |TAMS 0x00000000a4200000, 0x00000000a4100000| Complete 
|  66|0x00000000a4200000, 0x00000000a4300000, 0x00000000a4300000|100%|HC|  |TAMS 0x00000000a4300000, 0x00000000a4200000| Complete 
|  67|0x00000000a4300000, 0x00000000a4400000, 0x00000000a4400000|100%|HC|  |TAMS 0x00000000a4400000, 0x00000000a4300000| Complete 
|  68|0x00000000a4400000, 0x00000000a4500000, 0x00000000a4500000|100%|HC|  |TAMS 0x00000000a4500000, 0x00000000a4400000| Complete 
|  69|0x00000000a4500000, 0x00000000a4600000, 0x00000000a4600000|100%|HC|  |TAMS 0x00000000a4600000, 0x00000000a4500000| Complete 
|  70|0x00000000a4600000, 0x00000000a4700000, 0x00000000a4700000|100%| O|  |TAMS 0x00000000a4700000, 0x00000000a4600000| Untracked 
|  71|0x00000000a4700000, 0x00000000a4700000, 0x00000000a4800000|  0%| F|  |TAMS 0x00000000a4700000, 0x00000000a4700000| Untracked 
|  72|0x00000000a4800000, 0x00000000a4800000, 0x00000000a4900000|  0%| F|  |TAMS 0x00000000a4800000, 0x00000000a4800000| Untracked 
|  73|0x00000000a4900000, 0x00000000a4900000, 0x00000000a4a00000|  0%| F|  |TAMS 0x00000000a4900000, 0x00000000a4900000| Untracked 
|  74|0x00000000a4a00000, 0x00000000a4a00000, 0x00000000a4b00000|  0%| F|  |TAMS 0x00000000a4a00000, 0x00000000a4a00000| Untracked 
|  75|0x00000000a4b00000, 0x00000000a4b00000, 0x00000000a4c00000|  0%| F|  |TAMS 0x00000000a4b00000, 0x00000000a4b00000| Untracked 
|  76|0x00000000a4c00000, 0x00000000a4c00000, 0x00000000a4d00000|  0%| F|  |TAMS 0x00000000a4c00000, 0x00000000a4c00000| Untracked 
|  77|0x00000000a4d00000, 0x00000000a4d00000, 0x00000000a4e00000|  0%| F|  |TAMS 0x00000000a4d00000, 0x00000000a4d00000| Untracked 
|  78|0x00000000a4e00000, 0x00000000a4e00000, 0x00000000a4f00000|  0%| F|  |TAMS 0x00000000a4e00000, 0x00000000a4e00000| Untracked 
|  79|0x00000000a4f00000, 0x00000000a4f00000, 0x00000000a5000000|  0%| F|  |TAMS 0x00000000a4f00000, 0x00000000a4f00000| Untracked 
|  80|0x00000000a5000000, 0x00000000a5000000, 0x00000000a5100000|  0%| F|  |TAMS 0x00000000a5000000, 0x00000000a5000000| Untracked 
|  81|0x00000000a5100000, 0x00000000a5100000, 0x00000000a5200000|  0%| F|  |TAMS 0x00000000a5100000, 0x00000000a5100000| Untracked 
|  82|0x00000000a5200000, 0x00000000a5200000, 0x00000000a5300000|  0%| F|  |TAMS 0x00000000a5200000, 0x00000000a5200000| Untracked 
|  83|0x00000000a5300000, 0x00000000a5300000, 0x00000000a5400000|  0%| F|  |TAMS 0x00000000a5300000, 0x00000000a5300000| Untracked 
|  84|0x00000000a5400000, 0x00000000a5400000, 0x00000000a5500000|  0%| F|  |TAMS 0x00000000a5400000, 0x00000000a5400000| Untracked 
|  85|0x00000000a5500000, 0x00000000a5500000, 0x00000000a5600000|  0%| F|  |TAMS 0x00000000a5500000, 0x00000000a5500000| Untracked 
|  86|0x00000000a5600000, 0x00000000a5600000, 0x00000000a5700000|  0%| F|  |TAMS 0x00000000a5600000, 0x00000000a5600000| Untracked 
|  87|0x00000000a5700000, 0x00000000a5700000, 0x00000000a5800000|  0%| F|  |TAMS 0x00000000a5700000, 0x00000000a5700000| Untracked 
|  88|0x00000000a5800000, 0x00000000a5800000, 0x00000000a5900000|  0%| F|  |TAMS 0x00000000a5800000, 0x00000000a5800000| Untracked 
|  89|0x00000000a5900000, 0x00000000a5900000, 0x00000000a5a00000|  0%| F|  |TAMS 0x00000000a5900000, 0x00000000a5900000| Untracked 
|  90|0x00000000a5a00000, 0x00000000a5a00000, 0x00000000a5b00000|  0%| F|  |TAMS 0x00000000a5a00000, 0x00000000a5a00000| Untracked 
|  91|0x00000000a5b00000, 0x00000000a5b00000, 0x00000000a5c00000|  0%| F|  |TAMS 0x00000000a5b00000, 0x00000000a5b00000| Untracked 
|  92|0x00000000a5c00000, 0x00000000a5c00000, 0x00000000a5d00000|  0%| F|  |TAMS 0x00000000a5c00000, 0x00000000a5c00000| Untracked 
|  93|0x00000000a5d00000, 0x00000000a5d00000, 0x00000000a5e00000|  0%| F|  |TAMS 0x00000000a5d00000, 0x00000000a5d00000| Untracked 
|  94|0x00000000a5e00000, 0x00000000a5e2dff0, 0x00000000a5f00000| 17%| S|CS|TAMS 0x00000000a5e00000, 0x00000000a5e00000| Complete 
|  95|0x00000000a5f00000, 0x00000000a6000000, 0x00000000a6000000|100%| S|CS|TAMS 0x00000000a5f00000, 0x00000000a5f00000| Complete 
|  96|0x00000000a6000000, 0x00000000a6000000, 0x00000000a6100000|  0%| F|  |TAMS 0x00000000a6000000, 0x00000000a6000000| Untracked 
|  97|0x00000000a6100000, 0x00000000a6100000, 0x00000000a6200000|  0%| F|  |TAMS 0x00000000a6100000, 0x00000000a6100000| Untracked 
|  98|0x00000000a6200000, 0x00000000a6200000, 0x00000000a6300000|  0%| F|  |TAMS 0x00000000a6200000, 0x00000000a6200000| Untracked 
|  99|0x00000000a6300000, 0x00000000a6300000, 0x00000000a6400000|  0%| F|  |TAMS 0x00000000a6300000, 0x00000000a6300000| Untracked 
| 100|0x00000000a6400000, 0x00000000a6400000, 0x00000000a6500000|  0%| F|  |TAMS 0x00000000a6400000, 0x00000000a6400000| Untracked 
| 101|0x00000000a6500000, 0x00000000a6500000, 0x00000000a6600000|  0%| F|  |TAMS 0x00000000a6500000, 0x00000000a6500000| Untracked 
| 102|0x00000000a6600000, 0x00000000a6600000, 0x00000000a6700000|  0%| F|  |TAMS 0x00000000a6600000, 0x00000000a6600000| Untracked 
| 103|0x00000000a6700000, 0x00000000a6700000, 0x00000000a6800000|  0%| F|  |TAMS 0x00000000a6700000, 0x00000000a6700000| Untracked 
| 104|0x00000000a6800000, 0x00000000a6800000, 0x00000000a6900000|  0%| F|  |TAMS 0x00000000a6800000, 0x00000000a6800000| Untracked 
| 105|0x00000000a6900000, 0x00000000a6900000, 0x00000000a6a00000|  0%| F|  |TAMS 0x00000000a6900000, 0x00000000a6900000| Untracked 
| 106|0x00000000a6a00000, 0x00000000a6a00000, 0x00000000a6b00000|  0%| F|  |TAMS 0x00000000a6a00000, 0x00000000a6a00000| Untracked 
| 107|0x00000000a6b00000, 0x00000000a6b00000, 0x00000000a6c00000|  0%| F|  |TAMS 0x00000000a6b00000, 0x00000000a6b00000| Untracked 
| 108|0x00000000a6c00000, 0x00000000a6c00000, 0x00000000a6d00000|  0%| F|  |TAMS 0x00000000a6c00000, 0x00000000a6c00000| Untracked 
| 109|0x00000000a6d00000, 0x00000000a6d00000, 0x00000000a6e00000|  0%| F|  |TAMS 0x00000000a6d00000, 0x00000000a6d00000| Untracked 
| 110|0x00000000a6e00000, 0x00000000a6e00000, 0x00000000a6f00000|  0%| F|  |TAMS 0x00000000a6e00000, 0x00000000a6e00000| Untracked 
| 111|0x00000000a6f00000, 0x00000000a6f00000, 0x00000000a7000000|  0%| F|  |TAMS 0x00000000a6f00000, 0x00000000a6f00000| Untracked 
| 112|0x00000000a7000000, 0x00000000a7000000, 0x00000000a7100000|  0%| F|  |TAMS 0x00000000a7000000, 0x00000000a7000000| Untracked 
| 189|0x00000000abd00000, 0x00000000abd00000, 0x00000000abe00000|  0%| F|  |TAMS 0x00000000abd00000, 0x00000000abd00000| Untracked 
| 190|0x00000000abe00000, 0x00000000abe00000, 0x00000000abf00000|  0%| F|  |TAMS 0x00000000abe00000, 0x00000000abe00000| Untracked 
| 191|0x00000000abf00000, 0x00000000abf00000, 0x00000000ac000000|  0%| F|  |TAMS 0x00000000abf00000, 0x00000000abf00000| Untracked 
| 192|0x00000000ac000000, 0x00000000ac000000, 0x00000000ac100000|  0%| F|  |TAMS 0x00000000ac000000, 0x00000000ac000000| Untracked 
| 193|0x00000000ac100000, 0x00000000ac100000, 0x00000000ac200000|  0%| F|  |TAMS 0x00000000ac100000, 0x00000000ac100000| Untracked 
| 194|0x00000000ac200000, 0x00000000ac200000, 0x00000000ac300000|  0%| F|  |TAMS 0x00000000ac200000, 0x00000000ac200000| Untracked 
| 195|0x00000000ac300000, 0x00000000ac300000, 0x00000000ac400000|  0%| F|  |TAMS 0x00000000ac300000, 0x00000000ac300000| Untracked 
| 196|0x00000000ac400000, 0x00000000ac4815a0, 0x00000000ac500000| 50%| E|  |TAMS 0x00000000ac400000, 0x00000000ac400000| Complete 
| 197|0x00000000ac500000, 0x00000000ac600000, 0x00000000ac600000|100%| E|CS|TAMS 0x00000000ac500000, 0x00000000ac500000| Complete 
| 251|0x00000000afb00000, 0x00000000afc00000, 0x00000000afc00000|100%| E|CS|TAMS 0x00000000afb00000, 0x00000000afb00000| Complete 

Card table byte_map: [0x000001ee7c620000,0x000001ee7c920000] _byte_map_base: 0x000001ee7c120000

Marking Bits (Prev, Next): (CMBitMap*) 0x000001ee783ebe60, (CMBitMap*) 0x000001ee783ebe20
 Prev Bits: [0x000001ee7e420000, 0x000001ee7fc20000)
 Next Bits: [0x000001ee7cc20000, 0x000001ee7e420000)

Polling page: 0x000001ee76390000

Metaspace:

Usage:
  Non-class:     46.08 MB used.
      Class:      7.14 MB used.
       Both:     53.22 MB used.

Virtual space:
  Non-class space:       64.00 MB reserved,      46.38 MB ( 72%) committed,  1 nodes.
      Class space:        1.00 GB reserved,       7.44 MB ( <1%) committed,  1 nodes.
             Both:        1.06 GB reserved,      53.81 MB (  5%) committed. 

Chunk freelists:
   Non-Class:  960.00 KB
       Class:  8.59 MB
        Both:  9.53 MB

MaxMetaspaceSize: unlimited
CompressedClassSpaceSize: 1.00 GB
Initial GC threshold: 21.00 MB
Current GC threshold: 89.19 MB
CDS: off
MetaspaceReclaimPolicy: balanced
 - commit_granule_bytes: 65536.
 - commit_granule_words: 8192.
 - virtual_space_node_default_size: 8388608.
 - enlarge_chunks_in_place: 1.
 - new_chunks_are_fully_committed: 0.
 - uncommit_free_chunks: 1.
 - use_allocation_guard: 0.
 - handle_deallocations: 1.


Internal statistics:

num_allocs_failed_limit: 5.
num_arena_births: 636.
num_arena_deaths: 0.
num_vsnodes_births: 2.
num_vsnodes_deaths: 0.
num_space_committed: 861.
num_space_uncommitted: 0.
num_chunks_returned_to_freelist: 5.
num_chunks_taken_from_freelist: 2477.
num_chunk_merges: 0.
num_chunk_splits: 1567.
num_chunks_enlarged: 1032.
num_inconsistent_stats: 0.

CodeHeap 'non-profiled nmethods': size=119168Kb used=2346Kb max_used=3001Kb free=116821Kb
 bounds [0x000001ee07ba0000, 0x000001ee07e90000, 0x000001ee0f000000]
CodeHeap 'profiled nmethods': size=119104Kb used=9315Kb max_used=10239Kb free=109788Kb
 bounds [0x000001ee00000000, 0x000001ee00a20000, 0x000001ee07450000]
CodeHeap 'non-nmethods': size=7488Kb used=4016Kb max_used=4056Kb free=3471Kb
 bounds [0x000001ee07450000, 0x000001ee07860000, 0x000001ee07ba0000]
 total_blobs=5472 nmethods=4646 adapters=733
 compilation: enabled
              stopped_count=0, restarted_count=0
 full_count=0

Compilation events (20 events):
Event: 4.384 Thread 0x000001ee121a9490 nmethod 5393 0x000001ee007b1790 code [0x000001ee007b1920, 0x000001ee007b1a78]
Event: 4.389 Thread 0x000001ee121a9490 5394       3       jdk.internal.math.FDBigInteger::mult (64 bytes)
Event: 4.389 Thread 0x000001ee12360190 5395       3       jdk.internal.math.FDBigInteger::<init> (30 bytes)
Event: 4.389 Thread 0x000001ee1235dc60 5396       3       jdk.internal.math.FDBigInteger::trimLeadingZeros (57 bytes)
Event: 4.389 Thread 0x000001ee1228f870 5397       3       jdk.internal.math.FDBigInteger::makeImmutable (6 bytes)
Event: 4.389 Thread 0x000001ee1228f870 nmethod 5397 0x000001ee007eb090 code [0x000001ee007eb220, 0x000001ee007eb338]
Event: 4.389 Thread 0x000001ee121a9490 nmethod 5394 0x000001ee001c2110 code [0x000001ee001c22c0, 0x000001ee001c2538]
Event: 4.389 Thread 0x000001ee1228f870 5398       3       jdk.internal.math.FDBigInteger::mult (44 bytes)
Event: 4.389 Thread 0x000001ee12360190 nmethod 5395 0x000001ee00055810 code [0x000001ee000559c0, 0x000001ee00055bc8]
Event: 4.389 Thread 0x000001ee1235dc60 nmethod 5396 0x000001ee00055090 code [0x000001ee00055240, 0x000001ee00055518]
Event: 4.390 Thread 0x000001ee1228f870 nmethod 5398 0x000001ee00377c90 code [0x000001ee00377e60, 0x000001ee00378278]
Event: 4.392 Thread 0x000001ee121a89e0 5400       4       org.objectweb.asm.SymbolTable::addConstantUtf8Reference (101 bytes)
Event: 4.393 Thread 0x000001ee121a9490 5401       3       com.google.common.collect.AbstractMapBasedMultimap::get (31 bytes)
Event: 4.393 Thread 0x000001ee12360190 5402       3       com.google.common.collect.AbstractMapBasedMultimap$WrappedCollection::<init> (44 bytes)
Event: 4.393 Thread 0x000001ee121a9490 nmethod 5401 0x000001ee00377510 code [0x000001ee003776e0, 0x000001ee00377b88]
Event: 4.393 Thread 0x000001ee12360190 nmethod 5402 0x000001ee00376d90 code [0x000001ee00376f40, 0x000001ee003773d8]
Event: 4.394 Thread 0x000001ee12360190 5403       3       org.gradle.model.internal.asm.MethodVisitorScope::_INVOKESPECIAL (11 bytes)
Event: 4.395 Thread 0x000001ee121a9490 5404       3       org.gradle.model.internal.asm.MethodVisitorScope::_INVOKESPECIAL (9 bytes)
Event: 4.395 Thread 0x000001ee121a9490 nmethod 5404 0x000001ee0040f290 code [0x000001ee0040f420, 0x000001ee0040f5e8]
Event: 4.395 Thread 0x000001ee12360190 nmethod 5403 0x000001ee00264310 code [0x000001ee002644c0, 0x000001ee00264758]

GC Heap History (20 events):
Event: 2.627 GC heap before
{Heap before GC invocations=8 (full 0):
 garbage-first heap   total 71680K, used 55528K [0x00000000a0000000, 0x0000000100000000)
  region size 1024K, 21 young (21504K), 5 survivors (5120K)
 Metaspace       used 34183K, committed 34560K, reserved 1114112K
  class space    used 4686K, committed 4864K, reserved 1048576K
}
Event: 2.630 GC heap after
{Heap after GC invocations=9 (full 0):
 garbage-first heap   total 71680K, used 40115K [0x00000000a0000000, 0x0000000100000000)
  region size 1024K, 1 young (1024K), 1 survivors (1024K)
 Metaspace       used 34183K, committed 34560K, reserved 1114112K
  class space    used 4686K, committed 4864K, reserved 1048576K
}
Event: 2.790 GC heap before
{Heap before GC invocations=9 (full 0):
 garbage-first heap   total 71680K, used 56499K [0x00000000a0000000, 0x0000000100000000)
  region size 1024K, 17 young (17408K), 1 survivors (1024K)
 Metaspace       used 36062K, committed 36480K, reserved 1114112K
  class space    used 4994K, committed 5184K, reserved 1048576K
}
Event: 2.792 GC heap after
{Heap after GC invocations=10 (full 0):
 garbage-first heap   total 86016K, used 40812K [0x00000000a0000000, 0x0000000100000000)
  region size 1024K, 2 young (2048K), 2 survivors (2048K)
 Metaspace       used 36062K, committed 36480K, reserved 1114112K
  class space    used 4994K, committed 5184K, reserved 1048576K
}
Event: 3.085 GC heap before
{Heap before GC invocations=11 (full 0):
 garbage-first heap   total 86016K, used 65388K [0x00000000a0000000, 0x0000000100000000)
  region size 1024K, 27 young (27648K), 2 survivors (2048K)
 Metaspace       used 40059K, committed 40448K, reserved 1114112K
  class space    used 5578K, committed 5760K, reserved 1048576K
}
Event: 3.087 GC heap after
{Heap after GC invocations=12 (full 0):
 garbage-first heap   total 86016K, used 42544K [0x00000000a0000000, 0x0000000100000000)
  region size 1024K, 4 young (4096K), 4 survivors (4096K)
 Metaspace       used 40059K, committed 40448K, reserved 1114112K
  class space    used 5578K, committed 5760K, reserved 1048576K
}
Event: 3.327 GC heap before
{Heap before GC invocations=12 (full 0):
 garbage-first heap   total 86016K, used 66096K [0x00000000a0000000, 0x0000000100000000)
  region size 1024K, 28 young (28672K), 4 survivors (4096K)
 Metaspace       used 44780K, committed 45248K, reserved 1114112K
  class space    used 6039K, committed 6272K, reserved 1048576K
}
Event: 3.330 GC heap after
{Heap after GC invocations=13 (full 0):
 garbage-first heap   total 86016K, used 45493K [0x00000000a0000000, 0x0000000100000000)
  region size 1024K, 4 young (4096K), 4 survivors (4096K)
 Metaspace       used 44780K, committed 45248K, reserved 1114112K
  class space    used 6039K, committed 6272K, reserved 1048576K
}
Event: 3.431 GC heap before
{Heap before GC invocations=14 (full 0):
 garbage-first heap   total 86016K, used 60853K [0x00000000a0000000, 0x0000000100000000)
  region size 1024K, 21 young (21504K), 4 survivors (4096K)
 Metaspace       used 45216K, committed 45568K, reserved 1114112K
  class space    used 6087K, committed 6272K, reserved 1048576K
}
Event: 3.434 GC heap after
{Heap after GC invocations=15 (full 0):
 garbage-first heap   total 86016K, used 48170K [0x00000000a0000000, 0x0000000100000000)
  region size 1024K, 3 young (3072K), 3 survivors (3072K)
 Metaspace       used 45216K, committed 45568K, reserved 1114112K
  class space    used 6087K, committed 6272K, reserved 1048576K
}
Event: 3.665 GC heap before
{Heap before GC invocations=16 (full 0):
 garbage-first heap   total 92160K, used 72746K [0x00000000a0000000, 0x0000000100000000)
  region size 1024K, 22 young (22528K), 3 survivors (3072K)
 Metaspace       used 48113K, committed 48576K, reserved 1114112K
  class space    used 6428K, committed 6656K, reserved 1048576K
}
Event: 3.668 GC heap after
{Heap after GC invocations=17 (full 0):
 garbage-first heap   total 92160K, used 49787K [0x00000000a0000000, 0x0000000100000000)
  region size 1024K, 2 young (2048K), 2 survivors (2048K)
 Metaspace       used 48113K, committed 48576K, reserved 1114112K
  class space    used 6428K, committed 6656K, reserved 1048576K
}
Event: 3.905 GC heap before
{Heap before GC invocations=17 (full 0):
 garbage-first heap   total 92160K, used 72315K [0x00000000a0000000, 0x0000000100000000)
  region size 1024K, 25 young (25600K), 2 survivors (2048K)
 Metaspace       used 50327K, committed 50816K, reserved 1114112K
  class space    used 6792K, committed 7040K, reserved 1048576K
}
Event: 3.908 GC heap after
{Heap after GC invocations=18 (full 0):
 garbage-first heap   total 92160K, used 52359K [0x00000000a0000000, 0x0000000100000000)
  region size 1024K, 4 young (4096K), 4 survivors (4096K)
 Metaspace       used 50327K, committed 50816K, reserved 1114112K
  class space    used 6792K, committed 7040K, reserved 1048576K
}
Event: 4.137 GC heap before
{Heap before GC invocations=19 (full 0):
 garbage-first heap   total 104448K, used 88199K [0x00000000a0000000, 0x0000000100000000)
  region size 1024K, 25 young (25600K), 4 survivors (4096K)
 Metaspace       used 52487K, committed 52992K, reserved 1114112K
  class space    used 6981K, committed 7232K, reserved 1048576K
}
Event: 4.140 GC heap after
{Heap after GC invocations=20 (full 0):
 garbage-first heap   total 125952K, used 69711K [0x00000000a0000000, 0x0000000100000000)
  region size 1024K, 4 young (4096K), 4 survivors (4096K)
 Metaspace       used 52487K, committed 52992K, reserved 1114112K
  class space    used 6981K, committed 7232K, reserved 1048576K
}
Event: 4.171 GC heap before
{Heap before GC invocations=20 (full 0):
 garbage-first heap   total 125952K, used 71759K [0x00000000a0000000, 0x0000000100000000)
  region size 1024K, 6 young (6144K), 4 survivors (4096K)
 Metaspace       used 52691K, committed 53184K, reserved 1114112K
  class space    used 7014K, committed 7232K, reserved 1048576K
}
Event: 4.173 GC heap after
{Heap after GC invocations=21 (full 0):
 garbage-first heap   total 125952K, used 69833K [0x00000000a0000000, 0x0000000100000000)
  region size 1024K, 1 young (1024K), 1 survivors (1024K)
 Metaspace       used 52691K, committed 53184K, reserved 1114112K
  class space    used 7014K, committed 7232K, reserved 1048576K
}
Event: 4.366 GC heap before
{Heap before GC invocations=21 (full 0):
 garbage-first heap   total 125952K, used 95433K [0x00000000a0000000, 0x0000000100000000)
  region size 1024K, 27 young (27648K), 1 survivors (1024K)
 Metaspace       used 54176K, committed 54784K, reserved 1114112K
  class space    used 7262K, committed 7552K, reserved 1048576K
}
Event: 4.368 GC heap after
{Heap after GC invocations=22 (full 0):
 garbage-first heap   total 125952K, used 70714K [0x00000000a0000000, 0x0000000100000000)
  region size 1024K, 2 young (2048K), 2 survivors (2048K)
 Metaspace       used 54176K, committed 54784K, reserved 1114112K
  class space    used 7262K, committed 7552K, reserved 1048576K
}

Dll operation events (3 events):
Event: 0.005 Loaded shared library C:\Program Files\Android\Android Studio2\jbr\bin\java.dll
Event: 0.106 Loaded shared library C:\Program Files\Android\Android Studio2\jbr\bin\zip.dll
Event: 0.319 Loaded shared library C:\Program Files\Android\Android Studio2\jbr\bin\verify.dll

Deoptimization events (20 events):
Event: 4.079 Thread 0x000001ee1902b760 Uncommon trap: trap_request=0xffffffbe fr.pc=0x000001ee07bbe78c relative=0x00000000000002cc
Event: 4.079 Thread 0x000001ee1902b760 Uncommon trap: reason=profile_predicate action=maybe_recompile pc=0x000001ee07bbe78c method=sun.instrument.TransformerManager.transform(Ljava/lang/Module;Ljava/lang/ClassLoader;Ljava/lang/String;Ljava/lang/Class;Ljava/security/ProtectionDomain;[B)[B @ 21 
Event: 4.079 Thread 0x000001ee1902b760 DEOPT PACKING pc=0x000001ee07bbe78c sp=0x0000009983cee9d0
Event: 4.079 Thread 0x000001ee1902b760 DEOPT UNPACKING pc=0x000001ee074a69a3 sp=0x0000009983cee8e0 mode 2
Event: 4.091 Thread 0x000001ee1902b760 DEOPT PACKING pc=0x000001ee0040b7d4 sp=0x0000009983cf15f0
Event: 4.091 Thread 0x000001ee1902b760 DEOPT UNPACKING pc=0x000001ee074a7143 sp=0x0000009983cf0b48 mode 0
Event: 4.159 Thread 0x000001ee1902b760 Uncommon trap: trap_request=0xffffffde fr.pc=0x000001ee07e77800 relative=0x0000000000000060
Event: 4.159 Thread 0x000001ee1902b760 Uncommon trap: reason=class_check action=maybe_recompile pc=0x000001ee07e77800 method=java.util.stream.StreamOpFlag.fromCharacteristics(Ljava/util/Spliterator;)I @ 14 c2
Event: 4.159 Thread 0x000001ee1902b760 DEOPT PACKING pc=0x000001ee07e77800 sp=0x0000009983cf8f10
Event: 4.159 Thread 0x000001ee1902b760 DEOPT UNPACKING pc=0x000001ee074a69a3 sp=0x0000009983cf8ea8 mode 2
Event: 4.196 Thread 0x000001ee1902b760 Uncommon trap: trap_request=0xffffff45 fr.pc=0x000001ee07e60474 relative=0x0000000000000474
Event: 4.196 Thread 0x000001ee1902b760 Uncommon trap: reason=unstable_if action=reinterpret pc=0x000001ee07e60474 method=jdk.internal.org.objectweb.asm.Type.getArgumentsAndReturnSizes(Ljava/lang/String;)I @ 25 c2
Event: 4.196 Thread 0x000001ee1902b760 DEOPT PACKING pc=0x000001ee07e60474 sp=0x0000009983cf8bf0
Event: 4.196 Thread 0x000001ee1902b760 DEOPT UNPACKING pc=0x000001ee074a69a3 sp=0x0000009983cf8b80 mode 2
Event: 4.206 Thread 0x000001ee1902b760 Uncommon trap: trap_request=0xffffff45 fr.pc=0x000001ee07d5353c relative=0x000000000000081c
Event: 4.206 Thread 0x000001ee1902b760 Uncommon trap: reason=unstable_if action=reinterpret pc=0x000001ee07d5353c method=jdk.internal.org.objectweb.asm.Frame.getAbstractTypeFromDescriptor(Ljdk/internal/org/objectweb/asm/SymbolTable;Ljava/lang/String;I)I @ 5 c2
Event: 4.206 Thread 0x000001ee1902b760 DEOPT PACKING pc=0x000001ee07d5353c sp=0x0000009983cf8b50
Event: 4.206 Thread 0x000001ee1902b760 DEOPT UNPACKING pc=0x000001ee074a69a3 sp=0x0000009983cf8b10 mode 2
Event: 4.243 Thread 0x000001ee1902b760 DEOPT PACKING pc=0x000001ee007af94e sp=0x0000009983cf8410
Event: 4.243 Thread 0x000001ee1902b760 DEOPT UNPACKING pc=0x000001ee074a7143 sp=0x0000009983cf78d8 mode 0

Classes unloaded (0 events):
No events

Classes redefined (0 events):
No events

Internal exceptions (20 events):
Event: 4.166 Thread 0x000001ee1902b760 Exception <a 'sun/nio/fs/WindowsException'{0x00000000ac5cb480}> (0x00000000ac5cb480) 
thrown [s\src\hotspot\share\prims\jni.cpp, line 517]
Event: 4.166 Thread 0x000001ee1902b760 Exception <a 'sun/nio/fs/WindowsException'{0x00000000ac5ccd10}> (0x00000000ac5ccd10) 
thrown [s\src\hotspot\share\prims\jni.cpp, line 517]
Event: 4.168 Thread 0x000001ee1902b760 Exception <a 'java/lang/NoSuchMethodError'{0x00000000ac5deb48}: 'java.lang.Object java.lang.invoke.Invokers$Holder.invoker(java.lang.Object, java.lang.Object, java.lang.Object, java.lang.Object, java.lang.Object, java.lang.Object)'> (0x00000000ac5deb48) 
thrown [s\src\hotspot\share\interpreter\linkResolver.cpp, line 771]
Event: 4.180 Thread 0x000001ee1902b760 Exception <a 'java/lang/NoSuchMethodError'{0x00000000afb6a4d8}: 'java.lang.Object java.lang.invoke.Invokers$Holder.invoker(java.lang.Object, java.lang.Object, java.lang.Object, java.lang.Object)'> (0x00000000afb6a4d8) 
thrown [s\src\hotspot\share\interpreter\linkResolver.cpp, line 771]
Event: 4.187 Thread 0x000001ee1902b760 Exception <a 'java/lang/NoSuchMethodError'{0x00000000afbd8108}: 'java.lang.Object java.lang.invoke.Invokers$Holder.invoker(java.lang.Object, java.lang.Object, java.lang.Object, java.lang.Object, java.lang.Object)'> (0x00000000afbd8108) 
thrown [s\src\hotspot\share\interpreter\linkResolver.cpp, line 771]
Event: 4.189 Thread 0x000001ee1902b760 Exception <a 'java/lang/NoSuchMethodError'{0x00000000afbf5f18}: 'java.lang.Object java.lang.invoke.DirectMethodHandle$Holder.invokeSpecial(java.lang.Object, java.lang.Object, java.lang.Object, java.lang.Object, java.lang.Object, java.lang.Object, java.lang.Object, java.lang.Object, java.lang.Object, java.lang.Object, java.lang.Object, java.lang.Object, java.lang.Object, java.lang.Object, java.lang.Object, java.lang.Object, java.lang.Object, java.lang.Object, java.lang.Object, java.lang.Object, java.lang.Ob
Event: 4.190 Thread 0x000001ee1902b760 Exception <a 'java/lang/NoSuchMethodError'{0x00000000afbfc028}: 'java.lang.Object java.lang.invoke.DelegatingMethodHandle$Holder.reinvoke_L(java.lang.Object, java.lang.Object, java.lang.Object, java.lang.Object, java.lang.Object, java.lang.Object, java.lang.Object, java.lang.Object, java.lang.Object, java.lang.Object, java.lang.Object, java.lang.Object, java.lang.Object, java.lang.Object, java.lang.Object, java.lang.Object, java.lang.Object, java.lang.Object, java.lang.Object, java.lang.Object, java.lang.O
Event: 4.190 Thread 0x000001ee1902b760 Exception <a 'java/lang/NoSuchMethodError'{0x00000000ac508c70}: 'java.lang.Object java.lang.invoke.Invokers$Holder.invoker(java.lang.Object, java.lang.Object, java.lang.Object, java.lang.Object, java.lang.Object, java.lang.Object, java.lang.Object, java.lang.Object, java.lang.Object, java.lang.Object, java.lang.Object, java.lang.Object, java.lang.Object, java.lang.Object, java.lang.Object, java.lang.Object, java.lang.Object, java.lang.Object, java.lang.Object, java.lang.Object, java.lang.Object, java.lang.
Event: 4.190 Thread 0x000001ee1902b760 Exception <a 'java/lang/NoSuchMethodError'{0x00000000ac50fcf0}: 'java.lang.Object java.lang.invoke.DelegatingMethodHandle$Holder.delegate(java.lang.Object, java.lang.Object, java.lang.Object, java.lang.Object, java.lang.Object, java.lang.Object, java.lang.Object, java.lang.Object, java.lang.Object, java.lang.Object, java.lang.Object, java.lang.Object, java.lang.Object, java.lang.Object, java.lang.Object, java.lang.Object, java.lang.Object, java.lang.Object, java.lang.Object, java.lang.Object, java.lang.Obj
Event: 4.197 Thread 0x000001ee1902b760 Exception <a 'java/lang/NoSuchMethodError'{0x00000000ac58ae90}: 'java.lang.Object java.lang.invoke.DirectMethodHandle$Holder.invokeStatic(java.lang.Object, java.lang.Object, java.lang.Object, java.lang.Object, java.lang.Object, java.lang.Object, java.lang.Object, java.lang.Object, java.lang.Object, java.lang.Object, java.lang.Object, java.lang.Object, java.lang.Object, java.lang.Object, java.lang.Object, java.lang.Object, java.lang.Object)'> (0x00000000ac58ae90) 
thrown [s\src\hotspot\share\interpreter\lin
Event: 4.198 Thread 0x000001ee1902b760 Exception <a 'java/lang/NoSuchMethodError'{0x00000000ac5b43a0}: 'java.lang.Object java.lang.invoke.DirectMethodHandle$Holder.invokeStatic(java.lang.Object, java.lang.Object, java.lang.Object, java.lang.Object, java.lang.Object, java.lang.Object, java.lang.Object, java.lang.Object, java.lang.Object, java.lang.Object, java.lang.Object, java.lang.Object, java.lang.Object, java.lang.Object, java.lang.Object, java.lang.Object, java.lang.Object, java.lang.Object)'> (0x00000000ac5b43a0) 
thrown [s\src\hotspot\sha
Event: 4.200 Thread 0x000001ee1902b760 Exception <a 'java/lang/NoSuchMethodError'{0x00000000ac5debe8}: 'java.lang.Object java.lang.invoke.DirectMethodHandle$Holder.invokeStatic(java.lang.Object, java.lang.Object, java.lang.Object, java.lang.Object, java.lang.Object, java.lang.Object, java.lang.Object, java.lang.Object, java.lang.Object, java.lang.Object, java.lang.Object, java.lang.Object, java.lang.Object, java.lang.Object, java.lang.Object, java.lang.Object, java.lang.Object, java.lang.Object, java.lang.Object)'> (0x00000000ac5debe8) 
thrown 
Event: 4.202 Thread 0x000001ee1902b760 Exception <a 'java/lang/NoSuchMethodError'{0x00000000ac30bfe8}: 'java.lang.Object java.lang.invoke.DirectMethodHandle$Holder.invokeStatic(java.lang.Object, java.lang.Object, java.lang.Object, java.lang.Object, java.lang.Object, java.lang.Object, java.lang.Object, java.lang.Object, java.lang.Object, java.lang.Object, java.lang.Object, java.lang.Object, java.lang.Object, java.lang.Object, java.lang.Object, java.lang.Object, java.lang.Object, java.lang.Object, java.lang.Object, java.lang.Object)'> (0x00000000
Event: 4.204 Thread 0x000001ee1902b760 Exception <a 'java/lang/NoSuchMethodError'{0x00000000ac338640}: 'java.lang.Object java.lang.invoke.DirectMethodHandle$Holder.invokeStatic(java.lang.Object, java.lang.Object, java.lang.Object, java.lang.Object, java.lang.Object, java.lang.Object, java.lang.Object, java.lang.Object, java.lang.Object, java.lang.Object, java.lang.Object, java.lang.Object, java.lang.Object, java.lang.Object, java.lang.Object, java.lang.Object, java.lang.Object, java.lang.Object, java.lang.Object, java.lang.Object, java.lang.Obj
Event: 4.207 Thread 0x000001ee1902b760 Exception <a 'java/lang/NoSuchMethodError'{0x00000000ac365df8}: 'java.lang.Object java.lang.invoke.DirectMethodHandle$Holder.invokeStatic(java.lang.Object, java.lang.Object, java.lang.Object, java.lang.Object, java.lang.Object, java.lang.Object, java.lang.Object, java.lang.Object, java.lang.Object, java.lang.Object, java.lang.Object, java.lang.Object, java.lang.Object, java.lang.Object, java.lang.Object, java.lang.Object, java.lang.Object, java.lang.Object, java.lang.Object, java.lang.Object, java.lang.Obj
Event: 4.208 Thread 0x000001ee1902b760 Exception <a 'java/lang/NoSuchMethodError'{0x00000000ac3974f8}: 'java.lang.Object java.lang.invoke.DirectMethodHandle$Holder.invokeStatic(java.lang.Object, java.lang.Object, java.lang.Object, java.lang.Object, java.lang.Object, java.lang.Object, java.lang.Object, java.lang.Object, java.lang.Object, java.lang.Object, java.lang.Object, java.lang.Object, java.lang.Object, java.lang.Object, java.lang.Object, java.lang.Object, java.lang.Object, java.lang.Object, java.lang.Object, java.lang.Object, java.lang.Obj
Event: 4.210 Thread 0x000001ee1902b760 Exception <a 'java/lang/NoSuchMethodError'{0x00000000ac3c67d0}: 'java.lang.Object java.lang.invoke.DirectMethodHandle$Holder.invokeStatic(java.lang.Object, java.lang.Object, java.lang.Object, java.lang.Object, java.lang.Object, java.lang.Object, java.lang.Object, java.lang.Object, java.lang.Object, java.lang.Object, java.lang.Object, java.lang.Object, java.lang.Object, java.lang.Object, java.lang.Object, java.lang.Object, java.lang.Object, java.lang.Object, java.lang.Object, java.lang.Object, java.lang.Obj
Event: 4.211 Thread 0x000001ee1902b760 Exception <a 'java/lang/NoSuchMethodError'{0x00000000ac3f78a8}: 'java.lang.Object java.lang.invoke.DirectMethodHandle$Holder.invokeStatic(java.lang.Object, java.lang.Object, java.lang.Object, java.lang.Object, java.lang.Object, java.lang.Object, java.lang.Object, java.lang.Object, java.lang.Object, java.lang.Object, java.lang.Object, java.lang.Object, java.lang.Object, java.lang.Object, java.lang.Object, java.lang.Object, java.lang.Object, java.lang.Object, java.lang.Object, java.lang.Object, java.lang.Obj
Event: 4.212 Thread 0x000001ee1902b760 Exception <a 'java/lang/NoSuchMethodError'{0x00000000ac22a4a8}: 'java.lang.Object java.lang.invoke.DirectMethodHandle$Holder.invokeStatic(java.lang.Object, java.lang.Object, java.lang.Object, java.lang.Object, java.lang.Object, java.lang.Object, java.lang.Object, java.lang.Object, java.lang.Object, java.lang.Object, java.lang.Object, java.lang.Object, java.lang.Object, java.lang.Object, java.lang.Object, java.lang.Object, java.lang.Object, java.lang.Object, java.lang.Object, java.lang.Object, java.lang.Obj
Event: 4.361 Thread 0x000001ee1902b760 Exception <a 'java/lang/IncompatibleClassChangeError'{0x00000000a60c5f28}: Found class java.lang.Object, but interface was expected> (0x00000000a60c5f28) 
thrown [s\src\hotspot\share\interpreter\linkResolver.cpp, line 838]

VM Operations (20 events):
Event: 3.925 Executing VM operation: G1PauseCleanup
Event: 3.925 Executing VM operation: G1PauseCleanup done
Event: 3.974 Executing VM operation: HandshakeAllThreads
Event: 3.974 Executing VM operation: HandshakeAllThreads done
Event: 3.974 Executing VM operation: HandshakeAllThreads
Event: 3.974 Executing VM operation: HandshakeAllThreads done
Event: 3.985 Executing VM operation: HandshakeAllThreads
Event: 3.985 Executing VM operation: HandshakeAllThreads done
Event: 4.012 Executing VM operation: HandshakeAllThreads
Event: 4.012 Executing VM operation: HandshakeAllThreads done
Event: 4.137 Executing VM operation: G1CollectForAllocation
Event: 4.140 Executing VM operation: G1CollectForAllocation done
Event: 4.171 Executing VM operation: G1CollectForAllocation
Event: 4.173 Executing VM operation: G1CollectForAllocation done
Event: 4.366 Executing VM operation: G1CollectForAllocation
Event: 4.368 Executing VM operation: G1CollectForAllocation done
Event: 4.379 Executing VM operation: G1PauseRemark
Event: 4.382 Executing VM operation: G1PauseRemark done
Event: 4.388 Executing VM operation: G1PauseCleanup
Event: 4.388 Executing VM operation: G1PauseCleanup done

Events (20 events):
Event: 4.207 loading class java/lang/invoke/BoundMethodHandle$Species_LLLLLLLLLLLLLLLLLLLL
Event: 4.207 loading class java/lang/invoke/BoundMethodHandle$Species_LLLLLLLLLLLLLLLLLLLL done
Event: 4.209 loading class java/lang/invoke/BoundMethodHandle$Species_LLLLLLLLLLLLLLLLLLLLL
Event: 4.209 loading class java/lang/invoke/BoundMethodHandle$Species_LLLLLLLLLLLLLLLLLLLLL done
Event: 4.210 loading class java/lang/invoke/BoundMethodHandle$Species_LLLLLLLLLLLLLLLLLLLLLL
Event: 4.210 loading class java/lang/invoke/BoundMethodHandle$Species_LLLLLLLLLLLLLLLLLLLLLL done
Event: 4.211 loading class java/lang/invoke/BoundMethodHandle$Species_LLLLLLLLLLLLLLLLLLLLLLL
Event: 4.211 loading class java/lang/invoke/BoundMethodHandle$Species_LLLLLLLLLLLLLLLLLLLLLLL done
Event: 4.324 loading class java/util/concurrent/atomic/AtomicReferenceFieldUpdater
Event: 4.324 loading class java/util/concurrent/atomic/AtomicReferenceFieldUpdater done
Event: 4.324 loading class java/util/concurrent/atomic/AtomicReferenceFieldUpdater$AtomicReferenceFieldUpdaterImpl
Event: 4.325 loading class java/util/concurrent/atomic/AtomicReferenceFieldUpdater$AtomicReferenceFieldUpdaterImpl done
Event: 4.325 loading class java/util/concurrent/atomic/AtomicReferenceFieldUpdater$AtomicReferenceFieldUpdaterImpl$1
Event: 4.325 loading class java/util/concurrent/atomic/AtomicReferenceFieldUpdater$AtomicReferenceFieldUpdaterImpl$1 done
Event: 4.388 loading class jdk/internal/math/FDBigInteger
Event: 4.389 loading class jdk/internal/math/FDBigInteger done
Event: 4.398 loading class java/util/zip/GZIPOutputStream
Event: 4.398 loading class java/util/zip/GZIPOutputStream done
Event: 4.398 loading class java/util/zip/GZIPInputStream
Event: 4.398 loading class java/util/zip/GZIPInputStream done


Dynamic libraries:
0x00007ff7fea30000 - 0x00007ff7fea3a000 	C:\Program Files\Android\Android Studio2\jbr\bin\java.exe
0x00007fffc4c90000 - 0x00007fffc4ea7000 	C:\WINDOWS\SYSTEM32\ntdll.dll
0x00007fffc3220000 - 0x00007fffc32e4000 	C:\WINDOWS\System32\KERNEL32.DLL
0x00007fffc2130000 - 0x00007fffc24e7000 	C:\WINDOWS\System32\KERNELBASE.dll
0x00007fffc24f0000 - 0x00007fffc2601000 	C:\WINDOWS\System32\ucrtbase.dll
0x00007fffb1d20000 - 0x00007fffb1d37000 	C:\Program Files\Android\Android Studio2\jbr\bin\jli.dll
0x00007fffb0350000 - 0x00007fffb036b000 	C:\Program Files\Android\Android Studio2\jbr\bin\VCRUNTIME140.dll
0x00007fffc29c0000 - 0x00007fffc2b6f000 	C:\WINDOWS\System32\USER32.dll
0x00007fffc2920000 - 0x00007fffc2946000 	C:\WINDOWS\System32\win32u.dll
0x00007fffaa340000 - 0x00007fffaa5d3000 	C:\WINDOWS\WinSxS\amd64_microsoft.windows.common-controls_6595b64144ccf1df_6.0.22621.3672_none_2713b9d173822955\COMCTL32.dll
0x00007fffc4140000 - 0x00007fffc4169000 	C:\WINDOWS\System32\GDI32.dll
0x00007fffc2b70000 - 0x00007fffc2c17000 	C:\WINDOWS\System32\msvcrt.dll
0x00007fffc2780000 - 0x00007fffc2898000 	C:\WINDOWS\System32\gdi32full.dll
0x00007fffc1fa0000 - 0x00007fffc203a000 	C:\WINDOWS\System32\msvcp_win.dll
0x00007fffc4100000 - 0x00007fffc4131000 	C:\WINDOWS\System32\IMM32.DLL
0x00007fffb1d10000 - 0x00007fffb1d1c000 	C:\Program Files\Android\Android Studio2\jbr\bin\vcruntime140_1.dll
0x00007fffa8540000 - 0x00007fffa85cd000 	C:\Program Files\Android\Android Studio2\jbr\bin\msvcp140.dll
0x00007fff5cfa0000 - 0x00007fff5dc23000 	C:\Program Files\Android\Android Studio2\jbr\bin\server\jvm.dll
0x00007fffc3f80000 - 0x00007fffc4032000 	C:\WINDOWS\System32\ADVAPI32.dll
0x00007fffc4450000 - 0x00007fffc44f8000 	C:\WINDOWS\System32\sechost.dll
0x00007fffc2040000 - 0x00007fffc2068000 	C:\WINDOWS\System32\bcrypt.dll
0x00007fffc2c80000 - 0x00007fffc2d94000 	C:\WINDOWS\System32\RPCRT4.dll
0x00007fffc0e10000 - 0x00007fffc0e5d000 	C:\WINDOWS\SYSTEM32\POWRPROF.dll
0x00007fffb7df0000 - 0x00007fffb7df9000 	C:\WINDOWS\SYSTEM32\WSOCK32.dll
0x00007fffbbc60000 - 0x00007fffbbc94000 	C:\WINDOWS\SYSTEM32\WINMM.dll
0x00007fffc3300000 - 0x00007fffc3371000 	C:\WINDOWS\System32\WS2_32.dll
0x00007fffb85d0000 - 0x00007fffb85da000 	C:\WINDOWS\SYSTEM32\VERSION.dll
0x00007fffc0df0000 - 0x00007fffc0e03000 	C:\WINDOWS\SYSTEM32\UMPDC.dll
0x00007fffc1040000 - 0x00007fffc1058000 	C:\WINDOWS\SYSTEM32\kernel.appcore.dll
0x00007fffbed70000 - 0x00007fffbed7a000 	C:\Program Files\Android\Android Studio2\jbr\bin\jimage.dll
0x00007fffbf7c0000 - 0x00007fffbf9f2000 	C:\WINDOWS\SYSTEM32\DBGHELP.DLL
0x00007fffc3bf0000 - 0x00007fffc3f7e000 	C:\WINDOWS\System32\combase.dll
0x00007fffc41a0000 - 0x00007fffc4277000 	C:\WINDOWS\System32\OLEAUT32.dll
0x00007fffb6610000 - 0x00007fffb6642000 	C:\WINDOWS\SYSTEM32\dbgcore.DLL
0x00007fffc28a0000 - 0x00007fffc291b000 	C:\WINDOWS\System32\bcryptPrimitives.dll
0x00007fffb3190000 - 0x00007fffb319e000 	C:\Program Files\Android\Android Studio2\jbr\bin\instrument.dll
0x00007fffb1ed0000 - 0x00007fffb1ef5000 	C:\Program Files\Android\Android Studio2\jbr\bin\java.dll
0x00007fffbc850000 - 0x00007fffbc868000 	C:\Program Files\Android\Android Studio2\jbr\bin\zip.dll
0x00007fffc3380000 - 0x00007fffc3be9000 	C:\WINDOWS\System32\SHELL32.dll
0x00007fffbfed0000 - 0x00007fffc07cf000 	C:\WINDOWS\SYSTEM32\windows.storage.dll
0x00007fffbfd90000 - 0x00007fffbfecf000 	C:\WINDOWS\SYSTEM32\wintypes.dll
0x00007fffc46b0000 - 0x00007fffc47a9000 	C:\WINDOWS\System32\SHCORE.dll
0x00007fffc40a0000 - 0x00007fffc40fe000 	C:\WINDOWS\System32\shlwapi.dll
0x00007fffc1ed0000 - 0x00007fffc1ef7000 	C:\WINDOWS\SYSTEM32\profapi.dll
0x00007fffb9e30000 - 0x00007fffb9e49000 	C:\Program Files\Android\Android Studio2\jbr\bin\net.dll
0x00007fffbd8e0000 - 0x00007fffbda16000 	C:\WINDOWS\SYSTEM32\WINHTTP.dll
0x00007fffc1500000 - 0x00007fffc1569000 	C:\WINDOWS\system32\mswsock.dll
0x00007fffb5a50000 - 0x00007fffb5a66000 	C:\Program Files\Android\Android Studio2\jbr\bin\nio.dll
0x00007fffb31a0000 - 0x00007fffb31b0000 	C:\Program Files\Android\Android Studio2\jbr\bin\verify.dll
0x00007fff90200000 - 0x00007fff90227000 	C:\Users\Hashem Arenat\.gradle\native\c067742578af261105cb4f569cf0c3c89f3d7b1fecec35dd04571415982c5e48\windows-amd64\native-platform.dll
0x00007fff73930000 - 0x00007fff73a74000 	C:\Users\Hashem Arenat\.gradle\native\38dada09dfb8b06ba9b0570ebf7e218e3eb74d4ef43ca46872605cf95ebc2f47\windows-amd64\native-platform-file-events.dll
0x00007fffbc5b0000 - 0x00007fffbc5b9000 	C:\Program Files\Android\Android Studio2\jbr\bin\management.dll
0x00007fffbb8f0000 - 0x00007fffbb8fb000 	C:\Program Files\Android\Android Studio2\jbr\bin\management_ext.dll
0x00007fffc32f0000 - 0x00007fffc32f8000 	C:\WINDOWS\System32\PSAPI.DLL
0x00007fffc1850000 - 0x00007fffc186b000 	C:\WINDOWS\SYSTEM32\CRYPTSP.dll
0x00007fffc1000000 - 0x00007fffc1035000 	C:\WINDOWS\system32\rsaenh.dll
0x00007fffc15a0000 - 0x00007fffc15c8000 	C:\WINDOWS\SYSTEM32\USERENV.dll
0x00007fffc1830000 - 0x00007fffc183c000 	C:\WINDOWS\SYSTEM32\CRYPTBASE.dll
0x00007fffc0aa0000 - 0x00007fffc0acd000 	C:\WINDOWS\SYSTEM32\IPHLPAPI.DLL
0x00007fffc4170000 - 0x00007fffc4179000 	C:\WINDOWS\System32\NSI.dll
0x00007fffbc470000 - 0x00007fffbc489000 	C:\WINDOWS\SYSTEM32\dhcpcsvc6.DLL
0x00007fffbc450000 - 0x00007fffbc46f000 	C:\WINDOWS\SYSTEM32\dhcpcsvc.DLL
0x00007fffc0b10000 - 0x00007fffc0c12000 	C:\WINDOWS\SYSTEM32\DNSAPI.dll
0x00007fffbce60000 - 0x00007fffbce69000 	C:\Program Files\Android\Android Studio2\jbr\bin\extnet.dll
0x00007fffb5910000 - 0x00007fffb5918000 	C:\WINDOWS\system32\wshunix.dll

dbghelp: loaded successfully - version: 4.0.5 - missing functions: none
symbol engine: initialized successfully - sym options: 0x614 - pdb path: .;C:\Program Files\Android\Android Studio2\jbr\bin;C:\WINDOWS\SYSTEM32;C:\WINDOWS\WinSxS\amd64_microsoft.windows.common-controls_6595b64144ccf1df_6.0.22621.3672_none_2713b9d173822955;C:\Program Files\Android\Android Studio2\jbr\bin\server;C:\Users\Hashem Arenat\.gradle\native\c067742578af261105cb4f569cf0c3c89f3d7b1fecec35dd04571415982c5e48\windows-amd64;C:\Users\Hashem Arenat\.gradle\native\38dada09dfb8b06ba9b0570ebf7e218e3eb74d4ef43ca46872605cf95ebc2f47\windows-amd64

VM Arguments:
jvm_args: --add-opens=java.base/java.util=ALL-UNNAMED --add-opens=java.base/java.lang=ALL-UNNAMED --add-opens=java.base/java.lang.invoke=ALL-UNNAMED --add-opens=java.prefs/java.util.prefs=ALL-UNNAMED --add-opens=java.base/java.nio.charset=ALL-UNNAMED --add-opens=java.base/java.net=ALL-UNNAMED --add-opens=java.base/java.util.concurrent.atomic=ALL-UNNAMED -Xmx1536M -Dfile.encoding=UTF-8 -Duser.country=US -Duser.language=en -Duser.variant -javaagent:C:\Users\Hashem Arenat\.gradle\wrapper\dists\gradle-8.7-bin\bhs2wmbdwecv87pi65oeuq5iu\gradle-8.7\lib\agents\gradle-instrumentation-agent-8.7.jar 
java_command: org.gradle.launcher.daemon.bootstrap.GradleDaemon 8.7
java_class_path (initial): C:\Users\Hashem Arenat\.gradle\wrapper\dists\gradle-8.7-bin\bhs2wmbdwecv87pi65oeuq5iu\gradle-8.7\lib\gradle-launcher-8.7.jar
Launcher Type: SUN_STANDARD

[Global flags]
     intx CICompilerCount                          = 12                                        {product} {ergonomic}
     uint ConcGCThreads                            = 4                                         {product} {ergonomic}
     uint G1ConcRefinementThreads                  = 15                                        {product} {ergonomic}
   size_t G1HeapRegionSize                         = 1048576                                   {product} {ergonomic}
    uintx GCDrainStackTargetSize                   = 64                                        {product} {ergonomic}
   size_t InitialHeapSize                          = 264241152                                 {product} {ergonomic}
   size_t MarkStackSize                            = 4194304                                   {product} {ergonomic}
   size_t MaxHeapSize                              = 1610612736                                {product} {command line}
   size_t MaxNewSize                               = 965738496                                 {product} {ergonomic}
   size_t MinHeapDeltaBytes                        = 1048576                                   {product} {ergonomic}
   size_t MinHeapSize                              = 8388608                                   {product} {ergonomic}
    uintx NonNMethodCodeHeapSize                   = 7602480                                {pd product} {ergonomic}
    uintx NonProfiledCodeHeapSize                  = 122027880                              {pd product} {ergonomic}
    uintx ProfiledCodeHeapSize                     = 122027880                              {pd product} {ergonomic}
    uintx ReservedCodeCacheSize                    = 251658240                              {pd product} {ergonomic}
     bool SegmentedCodeCache                       = true                                      {product} {ergonomic}
   size_t SoftMaxHeapSize                          = 1610612736                             {manageable} {ergonomic}
     bool UseCompressedClassPointers               = true                           {product lp64_product} {ergonomic}
     bool UseCompressedOops                        = true                           {product lp64_product} {ergonomic}
     bool UseG1GC                                  = true                                      {product} {ergonomic}
     bool UseLargePagesIndividualAllocation        = false                                  {pd product} {ergonomic}

Logging:
Log output configuration:
 #0: stdout all=warning uptime,level,tags
 #1: stderr all=off uptime,level,tags

Environment Variables:
JAVA_HOME=C:\Program Files\Java\jdk-21
PATH=D:\DevSuiteHome_1\jdk\jre\bin\classic;D:\DevSuiteHome_1\jdk\jre\bin;D:\DevSuiteHome_1\jdk\jre\bin\client;D:\DevSuiteHome_1\jlib;D:\DevSuiteHome_1\bin;D:\DevSuiteHome_1\jre\1.4.2\bin\client;D:\DevSuiteHome_1\jre\1.4.2\bin;C:\Program Files\Common Files\Oracle\Java\javapath;C:\WINDOWS\system32;C:\WINDOWS;C:\WINDOWS\System32\Wbem;C:\WINDOWS\System32\WindowsPowerShell\v1.0\;C:\WINDOWS\System32\OpenSSH\;C:\MinGW\bin;C:\Program Files\Java\jdk-21\bin;C:\Program Files\nodejs;C:\Program Files\nodejs\node_modules\npm\bin;C:\Program Files\Git\cmd;C:\Program Files\dotnet\;C:\Users\Hashem Arenat\AppData\Local\Microsoft\WindowsApps;C:\AppServ\Apache24\bin;C:\AppServ\php7;C:\AppServ\MySQL\bin;C:\Program Files\Java\jdk-21\bin;C:\scrcpy-win64-v2.2;C:\dart-sdk\bin;C:\Users\Hashem Arenat\AppData\Local\Programs\Microsoft VS Code\bin;C:\flutter\bin;C:\Users\Hashem Arenat\Desktop\cmder\bin;C:\Users\Hashem Arenat\AppData\Roaming\npm;;C:\Program Files\JetBrains\IntelliJ IDEA Community Edition 2024.1.2\bin;;C:\Program Files\JetBrains\IntelliJ IDEA 2024.1.2\bin;
USERNAME=Hashem 1
OS=Windows_NT
PROCESSOR_IDENTIFIER=Intel64 Family 6 Model 154 Stepping 3, GenuineIntel
TMP=C:\Users\HASHEM~1\AppData\Local\Temp
TEMP=C:\Users\HASHEM~1\AppData\Local\Temp



Periodic native trim disabled

JNI global refs:
JNI global refs: 36, weak refs: 1

JNI global refs memory usage: 843, weak refs: 841

OOME stack traces (most recent first):
Classloader memory used:
Loader org.gradle.internal.classloader.VisitableURLClassLoader                         : 3288K
Loader bootstrap                                                                       : 2434K
Loader org.gradle.initialization.MixInLegacyTypesClassLoader                           : 799K
Loader org.gradle.internal.classloader.VisitableURLClassLoader                         : 83982B
Loader org.gradle.internal.classloader.VisitableURLClassLoader$InstrumentingVisitableURLClassLoader: 75394B
Loader jdk.internal.loader.ClassLoaders$PlatformClassLoader                            : 67403B
Loader jdk.internal.loader.ClassLoaders$AppClassLoader                                 : 28766B
Loader jdk.internal.reflect.DelegatingClassLoader                                      : 27585B
Loader org.gradle.groovy.scripts.internal.DefaultScriptCompilationHandler$ScriptClassLoader: 10986B
Loader org.codehaus.groovy.runtime.callsite.CallSiteClassLoader                        : 6077B

Classes loaded by more than one classloader:
Class org.gradle.api.GradleException                                                  : loaded 3 times (x 80B)
Class org.gradle.util.GradleVersion                                                   : loaded 2 times (x 81B)
Class org.jetbrains.plugins.gradle.model.MavenRepositoryModel                         : loaded 2 times (x 68B)
Class org.gradle.internal.classpath.ClassPath                                         : loaded 2 times (x 68B)
Class org.gradle.api.internal.classpath.DefaultModuleRegistry                         : loaded 2 times (x 84B)
Class org.gradle.internal.exceptions.NonGradleCauseExceptionsHolder                   : loaded 2 times (x 68B)
Class Settings_gradle$1$1                                                             : loaded 2 times (x 72B)
Class org.gradle.api.Action                                                           : loaded 2 times (x 68B)
Class org.gradle.api.internal.DefaultClassPathProvider                                : loaded 2 times (x 74B)
Class org.gradle.internal.installation.GradleInstallation$1                           : loaded 2 times (x 73B)
Class org.gradle.internal.exceptions.DefaultMultiCauseException                       : loaded 2 times (x 93B)
Class org.gradle.internal.time.MonotonicClock                                         : loaded 2 times (x 75B)
Class org.gradle.internal.classloader.FilteringClassLoader                            : loaded 2 times (x 103B)
Class org.gradle.tooling.model.Model                                                  : loaded 2 times (x 68B)
Class org.gradle.internal.classpath.DefaultClassPath$ImmutableUniqueList$Builder      : loaded 2 times (x 73B)
Class org.gradle.internal.classloader.ClassLoaderVisitor                              : loaded 2 times (x 74B)
Class org.gradle.internal.time.DefaultCountdownTimer                                  : loaded 2 times (x 86B)
Class org.gradle.internal.service.DefaultServiceLocator                               : loaded 2 times (x 81B)
Class org.gradle.internal.service.UnknownServiceException                             : loaded 2 times (x 81B)
Class org.gradle.internal.classloader.DefaultClassLoaderFactory                       : loaded 2 times (x 80B)
Class org.gradle.internal.classloader.VisitableURLClassLoader$Spec                    : loaded 2 times (x 72B)
Class org.gradle.tooling.model.ProjectModel                                           : loaded 2 times (x 68B)
Class org.gradle.internal.installation.GradleInstallation                             : loaded 2 times (x 73B)
Class org.gradle.api.internal.classpath.ModuleRegistry                                : loaded 2 times (x 68B)
Class org.jetbrains.plugins.gradle.model.RepositoriesModel                            : loaded 2 times (x 68B)
Class kotlin.jvm.internal.markers.KMappedMarker                                       : loaded 2 times (x 68B)
Class org.gradle.api.internal.ClassPathProvider                                       : loaded 2 times (x 68B)
Class org.gradle.internal.classloader.ClasspathUtil$1                                 : loaded 2 times (x 74B)
Class org.gradle.internal.classloader.ClassLoaderFactory                              : loaded 2 times (x 68B)
Class org.gradle.api.internal.classpath.ManifestUtil                                  : loaded 2 times (x 69B)
Class org.gradle.api.specs.Spec                                                       : loaded 2 times (x 68B)
Class org.gradle.internal.IoActions                                                   : loaded 2 times (x 69B)
Class org.gradle.api.internal.classpath.EffectiveClassPath                            : loaded 2 times (x 88B)
Class kotlin.jvm.internal.DefaultConstructorMarker                                    : loaded 2 times (x 69B)
Class org.gradle.internal.exceptions.ResolutionProvider                               : loaded 2 times (x 68B)
Class org.gradle.internal.installation.CurrentGradleInstallation                      : loaded 2 times (x 71B)
Class org.gradle.internal.agents.InstrumentingClassLoader                             : loaded 2 times (x 68B)
Class org.gradle.internal.installation.CurrentGradleInstallationLocator               : loaded 2 times (x 69B)
Class org.gradle.api.internal.classpath.Module                                        : loaded 2 times (x 68B)
Class org.gradle.internal.service.CachingServiceLocator                               : loaded 2 times (x 80B)
Class org.gradle.internal.time.Timer                                                  : loaded 2 times (x 68B)
Class org.gradle.internal.classpath.DefaultClassPath                                  : loaded 2 times (x 88B)
Class kotlin.jvm.functions.Function1                                                  : loaded 2 times (x 68B)
Class org.gradle.internal.time.Time                                                   : loaded 2 times (x 69B)
Class org.gradle.internal.time.TimeSource$1                                           : loaded 2 times (x 75B)
Class org.gradle.internal.classloader.SystemClassLoaderSpec                           : loaded 2 times (x 69B)
Class kotlin.Function                                                                 : loaded 2 times (x 68B)
Class org.gradle.api.UncheckedIOException                                             : loaded 2 times (x 80B)
Class Program                                                                         : loaded 2 times (x 70B)
Class ijInit1_2yo0i9mdhobmu73n31lnjbv1f                                               : loaded 2 times (x 177B)
Class org.gradle.internal.time.CountdownTimer                                         : loaded 2 times (x 68B)
Class org.gradle.internal.time.Clock                                                  : loaded 2 times (x 68B)
Class org.gradle.internal.classloader.ClasspathUtil                                   : loaded 2 times (x 69B)
Class org.gradle.tooling.model.BuildIdentifier                                        : loaded 2 times (x 68B)
Class org.gradle.api.internal.DefaultClassPathRegistry                                : loaded 2 times (x 74B)
Class org.gradle.api.internal.classpath.DefaultModuleRegistry$DefaultModule           : loaded 2 times (x 84B)
Class org.gradle.internal.time.TimeSource                                             : loaded 2 times (x 68B)
Class org.gradle.api.internal.classpath.UnknownModuleException                        : loaded 2 times (x 80B)
Class sync_studio_tooling1_c990n7d7sn2smx66unq7b39n2$_run_closure1                    : loaded 2 times (x 137B)
Class org.gradle.internal.service.ServiceLookupException                              : loaded 2 times (x 80B)
Class org.gradle.cache.GlobalCache                                                    : loaded 2 times (x 68B)
Class [Lorg.gradle.api.internal.ClassPathProvider;                                    : loaded 2 times (x 67B)
Class org.gradle.internal.operations.MultipleBuildOperationFailures                   : loaded 2 times (x 93B)
Class org.gradle.util.internal.GUtil                                                  : loaded 2 times (x 69B)
Class org.gradle.internal.classloader.ClassLoaderSpec                                 : loaded 2 times (x 69B)
Class org.gradle.internal.classloader.VisitableURLClassLoader                         : loaded 2 times (x 115B)
Class org.gradle.internal.Cast                                                        : loaded 2 times (x 69B)
Class org.gradle.api.internal.ClassPathRegistry                                       : loaded 2 times (x 68B)
Class org.gradle.internal.classloader.VisitableURLClassLoader$InstrumentingVisitableURLClassLoader: loaded 2 times (x 121B)
Class org.gradle.internal.classloader.ClassLoaderHierarchy                            : loaded 2 times (x 68B)
Class org.gradle.internal.exceptions.MultiCauseException                              : loaded 2 times (x 68B)
Class org.gradle.internal.InternalTransformer                                         : loaded 2 times (x 68B)
Class sync_studio_tooling1_c990n7d7sn2smx66unq7b39n2                                  : loaded 2 times (x 177B)
Class org.gradle.internal.service.ServiceLocator                                      : loaded 2 times (x 68B)
Class Settings_gradle$1                                                               : loaded 2 times (x 72B)
Class org.gradle.internal.classpath.DefaultClassPath$ImmutableUniqueList              : loaded 2 times (x 159B)
Class org.gradle.internal.time.DefaultTimer                                           : loaded 2 times (x 78B)
Class org.gradle.internal.classpath.TransformedClassPath                              : loaded 2 times (x 94B)
Class Settings_gradle                                                                 : loaded 2 times (x 126B)


---------------  S Y S T E M  ---------------

OS:
 Windows 11 , 64 bit Build 22621 (10.0.22621.3958)
OS uptime: 1 days 6:32 hours
Hyper-V role detected

CPU: total 20 (initial active 20) (10 cores per cpu, 2 threads per core) family 6 model 154 stepping 3 microcode 0x429, cx8, cmov, fxsr, ht, mmx, 3dnowpref, sse, sse2, sse3, ssse3, sse4.1, sse4.2, popcnt, lzcnt, tsc, tscinvbit, avx, avx2, aes, erms, clmul, bmi1, bmi2, adx, sha, fma, vzeroupper, clflush, clflushopt, clwb, hv
Processor Information for processor 0
  Max Mhz: 2300, Current Mhz: 2300, Mhz Limit: 2300
Processor Information for processor 1
  Max Mhz: 2300, Current Mhz: 2300, Mhz Limit: 2300
Processor Information for processor 2
  Max Mhz: 2300, Current Mhz: 2300, Mhz Limit: 2300
Processor Information for processor 3
  Max Mhz: 2300, Current Mhz: 2300, Mhz Limit: 2300
Processor Information for processor 4
  Max Mhz: 2300, Current Mhz: 2300, Mhz Limit: 2300
Processor Information for processor 5
  Max Mhz: 2300, Current Mhz: 2300, Mhz Limit: 2300
Processor Information for processor 6
  Max Mhz: 2300, Current Mhz: 2300, Mhz Limit: 2300
Processor Information for processor 7
  Max Mhz: 2300, Current Mhz: 2300, Mhz Limit: 2300
Processor Information for processor 8
  Max Mhz: 2300, Current Mhz: 2300, Mhz Limit: 2300
Processor Information for processor 9
  Max Mhz: 2300, Current Mhz: 2300, Mhz Limit: 2300
Processor Information for processor 10
  Max Mhz: 2300, Current Mhz: 2300, Mhz Limit: 2300
Processor Information for processor 11
  Max Mhz: 2300, Current Mhz: 2300, Mhz Limit: 2300
Processor Information for processor 12
  Max Mhz: 2300, Current Mhz: 1488, Mhz Limit: 2300
Processor Information for processor 13
  Max Mhz: 2300, Current Mhz: 2300, Mhz Limit: 2300
Processor Information for processor 14
  Max Mhz: 2300, Current Mhz: 2300, Mhz Limit: 2300
Processor Information for processor 15
  Max Mhz: 2300, Current Mhz: 2300, Mhz Limit: 2300
Processor Information for processor 16
  Max Mhz: 2300, Current Mhz: 2300, Mhz Limit: 2300
Processor Information for processor 17
  Max Mhz: 2300, Current Mhz: 1488, Mhz Limit: 2300
Processor Information for processor 18
  Max Mhz: 2300, Current Mhz: 2300, Mhz Limit: 2300
Processor Information for processor 19
  Max Mhz: 2300, Current Mhz: 2300, Mhz Limit: 2300

Memory: 4k page, system-wide physical 16004M (1603M free)
TotalPageFile size 18052M (AvailPageFile size 5M)
current process WorkingSet (physical memory assigned to process): 312M, peak: 312M
current process commit charge ("private bytes"): 365M, peak: 410M

vm_info: OpenJDK 64-Bit Server VM (17.0.10+0--11609105) for windows-amd64 JRE (17.0.10+0--11609105), built on Mar 21 2024 19:10:56 by "androidbuild" with MS VC++ 16.10 / 16.11 (VS2019)

END.
