#
# There is insufficient memory for the Java Runtime Environment to continue.
# Native memory allocation (malloc) failed to allocate 1646144 bytes for Chunk::new
# Possible reasons:
#   The system is out of physical RAM or swap space
#   The process is running with CompressedOops enabled, and the Java Heap may be blocking the growth of the native heap
# Possible solutions:
#   Reduce memory load on the system
#   Increase physical memory or swap space
#   Check if swap backing store is full
#   Decrease Java heap size (-Xmx/-Xms)
#   Decrease number of Java threads
#   Decrease Java thread stack sizes (-Xss)
#   Set larger code cache with -XX:ReservedCodeCacheSize=
#   JVM is running with Zero Based Compressed Oops mode in which the Java heap is
#     placed in the first 32GB address space. The Java Heap base address is the
#     maximum limit for the native heap growth. Please use -XX:HeapBaseMinAddress
#     to set the Java Heap base and to place the Java Heap above 32GB virtual address.
# This output file may be truncated or incomplete.
#
#  Out of Memory Error (arena.cpp:191), pid=17084, tid=15364
#
# JRE version: OpenJDK Runtime Environment (17.0.10) (build 17.0.10+0--11609105)
# Java VM: OpenJDK 64-Bit Server VM (17.0.10+0--11609105, mixed mode, tiered, compressed oops, compressed class ptrs, g1 gc, windows-amd64)
# No core dump will be written. Minidumps are not enabled by default on client versions of Windows
#

---------------  S U M M A R Y ------------

Command Line: org.jetbrains.kotlin.cli.jvm.K2JVMCompiler @C:\Users\Hashem Arenat\AndroidStudioProjects\ECommerce\app\build\20241114_1345590279131902705.compiler.options

Host: 12th Gen Intel(R) Core(TM) i7-12700H, 20 cores, 15G,  Windows 11 , 64 bit Build 22621 (10.0.22621.4391)
Time: Thu Nov 14 07:06:58 2024 Jerusalem Standard Time elapsed time: 5.322759 seconds (0d 0h 0m 5s)

---------------  T H R E A D  ---------------

Current thread (0x000001d46e9bc120):  JavaThread "C2 CompilerThread0" daemon [_thread_in_native, id=15364, stack(0x0000003f93300000,0x0000003f93400000)]


Current CompileTask:
C2:   5322 11372       4       org.jetbrains.kotlin.types.TypeSubstitutor::substitute (49 bytes)

Stack: [0x0000003f93300000,0x0000003f93400000]
Native frames: (J=compiled Java code, j=interpreted, Vv=VM code, C=native code)
V  [jvm.dll+0x688de9]
V  [jvm.dll+0x8423da]
V  [jvm.dll+0x84401e]
V  [jvm.dll+0x844683]
V  [jvm.dll+0x24be0f]
V  [jvm.dll+0xac524]
V  [jvm.dll+0xacb6c]
V  [jvm.dll+0x36bd67]
V  [jvm.dll+0x33615a]
V  [jvm.dll+0x3355fa]
V  [jvm.dll+0x21daa1]
V  [jvm.dll+0x21cec1]
V  [jvm.dll+0x1a60ad]
V  [jvm.dll+0x22cd78]
V  [jvm.dll+0x22aeb0]
V  [jvm.dll+0x7f6877]
V  [jvm.dll+0x7f0c7a]
V  [jvm.dll+0x687c65]
C  [ucrtbase.dll+0x29333]
C  [KERNEL32.DLL+0x1259d]
C  [ntdll.dll+0x5af38]


---------------  P R O C E S S  ---------------

Threads class SMR info:
_java_thread_list=0x000001d473c03950, length=19, elements={
0x000001d44f08e150, 0x000001d46e97f260, 0x000001d46e9800e0, 0x000001d46e9b5190,
0x000001d46e9b6010, 0x000001d46e9b9c00, 0x000001d46e9ba5c0, 0x000001d46e9bc120,
0x000001d46e9cf420, 0x000001d46e9d3320, 0x000001d46eb31580, 0x000001d46eb35df0,
0x000001d46eb473c0, 0x000001d46eb4ef10, 0x000001d46ebd0370, 0x000001d4733e5890,
0x000001d473ec0a80, 0x000001d473ec0fa0, 0x000001d473c03020
}

Java Threads: ( => current thread )
  0x000001d44f08e150 JavaThread "main" [_thread_in_Java, id=19564, stack(0x0000003f92600000,0x0000003f92700000)]
  0x000001d46e97f260 JavaThread "Reference Handler" daemon [_thread_blocked, id=18924, stack(0x0000003f92d00000,0x0000003f92e00000)]
  0x000001d46e9800e0 JavaThread "Finalizer" daemon [_thread_blocked, id=13900, stack(0x0000003f92e00000,0x0000003f92f00000)]
  0x000001d46e9b5190 JavaThread "Signal Dispatcher" daemon [_thread_blocked, id=16180, stack(0x0000003f92f00000,0x0000003f93000000)]
  0x000001d46e9b6010 JavaThread "Attach Listener" daemon [_thread_blocked, id=13672, stack(0x0000003f93000000,0x0000003f93100000)]
  0x000001d46e9b9c00 JavaThread "Service Thread" daemon [_thread_blocked, id=3292, stack(0x0000003f93100000,0x0000003f93200000)]
  0x000001d46e9ba5c0 JavaThread "Monitor Deflation Thread" daemon [_thread_blocked, id=17560, stack(0x0000003f93200000,0x0000003f93300000)]
=>0x000001d46e9bc120 JavaThread "C2 CompilerThread0" daemon [_thread_in_native, id=15364, stack(0x0000003f93300000,0x0000003f93400000)]
  0x000001d46e9cf420 JavaThread "C1 CompilerThread0" daemon [_thread_blocked, id=8116, stack(0x0000003f93400000,0x0000003f93500000)]
  0x000001d46e9d3320 JavaThread "Sweeper thread" daemon [_thread_blocked, id=6692, stack(0x0000003f93500000,0x0000003f93600000)]
  0x000001d46eb31580 JavaThread "C1 CompilerThread1" daemon [_thread_blocked, id=12540, stack(0x0000003f93600000,0x0000003f93700000)]
  0x000001d46eb35df0 JavaThread "C1 CompilerThread2" daemon [_thread_in_native, id=9368, stack(0x0000003f93700000,0x0000003f93800000)]
  0x000001d46eb473c0 JavaThread "Notification Thread" daemon [_thread_blocked, id=20276, stack(0x0000003f93800000,0x0000003f93900000)]
  0x000001d46eb4ef10 JavaThread "Common-Cleaner" daemon [_thread_blocked, id=19716, stack(0x0000003f93a00000,0x0000003f93b00000)]
  0x000001d46ebd0370 JavaThread "C2 CompilerThread1" daemon [_thread_in_native, id=18768, stack(0x0000003f93b00000,0x0000003f93c00000)]
  0x000001d4733e5890 JavaThread "C1 CompilerThread3" daemon [_thread_blocked, id=11224, stack(0x0000003f93c00000,0x0000003f93d00000)]
  0x000001d473ec0a80 JavaThread "C2 CompilerThread2" daemon [_thread_in_native, id=8468, stack(0x0000003f94800000,0x0000003f94900000)]
  0x000001d473ec0fa0 JavaThread "C2 CompilerThread3" daemon [_thread_in_native, id=3140, stack(0x0000003f94900000,0x0000003f94a00000)]
  0x000001d473c03020 JavaThread "C2 CompilerThread4" daemon [_thread_in_native, id=11104, stack(0x0000003f94a00000,0x0000003f94b00000)]

Other Threads:
  0x000001d46e95c1a0 VMThread "VM Thread" [stack: 0x0000003f92c00000,0x0000003f92d00000] [id=8320]
  0x000001d46eb37f70 WatcherThread [stack: 0x0000003f93900000,0x0000003f93a00000] [id=6204]
  0x000001d44f0fb0b0 GCTaskThread "GC Thread#0" [stack: 0x0000003f92700000,0x0000003f92800000] [id=2868]
  0x000001d4734d8920 GCTaskThread "GC Thread#1" [stack: 0x0000003f93d00000,0x0000003f93e00000] [id=18092]
  0x000001d473504060 GCTaskThread "GC Thread#2" [stack: 0x0000003f93e00000,0x0000003f93f00000] [id=14584]
  0x000001d473504320 GCTaskThread "GC Thread#3" [stack: 0x0000003f93f00000,0x0000003f94000000] [id=2212]
  0x000001d4735045e0 GCTaskThread "GC Thread#4" [stack: 0x0000003f94000000,0x0000003f94100000] [id=10820]
  0x000001d473521020 GCTaskThread "GC Thread#5" [stack: 0x0000003f94100000,0x0000003f94200000] [id=14032]
  0x000001d4739640a0 GCTaskThread "GC Thread#6" [stack: 0x0000003f94200000,0x0000003f94300000] [id=9344]
  0x000001d473964360 GCTaskThread "GC Thread#7" [stack: 0x0000003f94300000,0x0000003f94400000] [id=14936]
  0x000001d4737e6b80 GCTaskThread "GC Thread#8" [stack: 0x0000003f94400000,0x0000003f94500000] [id=9820]
  0x000001d473956d40 GCTaskThread "GC Thread#9" [stack: 0x0000003f94b00000,0x0000003f94c00000] [id=6576]
  0x000001d473956500 GCTaskThread "GC Thread#10" [stack: 0x0000003f94c00000,0x0000003f94d00000] [id=17484]
  0x000001d4749d47e0 GCTaskThread "GC Thread#11" [stack: 0x0000003f94d00000,0x0000003f94e00000] [id=16628]
  0x000001d4749d5020 GCTaskThread "GC Thread#12" [stack: 0x0000003f94e00000,0x0000003f94f00000] [id=7408]
  0x000001d4749d5860 GCTaskThread "GC Thread#13" [stack: 0x0000003f94f00000,0x0000003f95000000] [id=11848]
  0x000001d4749d4aa0 GCTaskThread "GC Thread#14" [stack: 0x0000003f95000000,0x0000003f95100000] [id=7292]
  0x000001d44f10ba10 ConcurrentGCThread "G1 Main Marker" [stack: 0x0000003f92800000,0x0000003f92900000] [id=4744]
  0x000001d44f10c430 ConcurrentGCThread "G1 Conc#0" [stack: 0x0000003f92900000,0x0000003f92a00000] [id=17424]
  0x000001d4737e6e40 ConcurrentGCThread "G1 Conc#1" [stack: 0x0000003f94500000,0x0000003f94600000] [id=12956]
  0x000001d4737e7100 ConcurrentGCThread "G1 Conc#2" [stack: 0x0000003f94600000,0x0000003f94700000] [id=20432]
  0x000001d4737e5fa0 ConcurrentGCThread "G1 Conc#3" [stack: 0x0000003f94700000,0x0000003f94800000] [id=18636]
  0x000001d46e350bd0 ConcurrentGCThread "G1 Refine#0" [stack: 0x0000003f92a00000,0x0000003f92b00000] [id=11008]
  0x000001d4769dd490 ConcurrentGCThread "G1 Refine#1" [stack: 0x0000003f95100000,0x0000003f95200000] [id=14416]
  0x000001d4769dd1a0 ConcurrentGCThread "G1 Refine#2" [stack: 0x0000003f95200000,0x0000003f95300000] [id=20212]
  0x000001d4769d99d0 ConcurrentGCThread "G1 Refine#3" [stack: 0x0000003f95300000,0x0000003f95400000] [id=11708]
  0x000001d4769db730 ConcurrentGCThread "G1 Refine#4" [stack: 0x0000003f95400000,0x0000003f95500000] [id=8276]
  0x000001d46e351600 ConcurrentGCThread "G1 Service" [stack: 0x0000003f92b00000,0x0000003f92c00000] [id=11088]

Threads with active compile tasks:
C2 CompilerThread0     5331 11372       4       org.jetbrains.kotlin.types.TypeSubstitutor::substitute (49 bytes)
C1 CompilerThread2     5331 11533       3       org.jetbrains.kotlin.serialization.deserialization.MemberDeserializer::valueParameters (481 bytes)
C2 CompilerThread1     5331 11368       4       org.jetbrains.kotlin.types.TypeSubstitutor::substitute (55 bytes)
C2 CompilerThread2     5331 11390       4       org.jetbrains.kotlin.types.checker.ClassicTypeSystemContext$DefaultImpls::typeDepth (273 bytes)
C2 CompilerThread3     5331 11524       4       org.jetbrains.kotlin.resolve.OverridingUtil::generateOverridesInFunctionGroup (123 bytes)
C2 CompilerThread4     5331 11389       4       org.jetbrains.kotlin.resolve.calls.components.ClassicTypeSystemContextForCS::typeDepth (6 bytes)

VM state: not at safepoint (normal execution)

VM Mutex/Monitor currently owned by a thread: None

Heap address: 0x0000000705e00000, size: 4002 MB, Compressed Oops mode: Zero based, Oop shift amount: 3

CDS archive(s) not mapped
Compressed class space mapped at: 0x0000000800000000-0x0000000840000000, reserved size: 1073741824
Narrow klass base: 0x0000000800000000, Narrow klass shift: 0, Narrow klass range: 0x40000000

GC Precious Log:
 CPUs: 20 total, 20 available
 Memory: 16004M
 Large Page Support: Disabled
 NUMA Support: Disabled
 Compressed Oops: Enabled (Zero based)
 Heap Region Size: 2M
 Heap Min Capacity: 8M
 Heap Initial Capacity: 252M
 Heap Max Capacity: 4002M
 Pre-touch: Disabled
 Parallel Workers: 15
 Concurrent Workers: 4
 Concurrent Refinement Workers: 15
 Periodic GC: Disabled

Heap:
 garbage-first heap   total 219136K, used 130694K [0x0000000705e00000, 0x0000000800000000)
  region size 2048K, 39 young (79872K), 7 survivors (14336K)
 Metaspace       used 64512K, committed 64832K, reserved 1114112K
  class space    used 7384K, committed 7552K, reserved 1048576K

Heap Regions: E=young(eden), S=young(survivor), O=old, HS=humongous(starts), HC=humongous(continues), CS=collection set, F=free, OA=open archive, CA=closed archive, TAMS=top-at-mark-start (previous, next)
|   0|0x0000000705e00000, 0x0000000706000000, 0x0000000706000000|100%|HS|  |TAMS 0x0000000706000000, 0x0000000705e00000| Complete 
|   1|0x0000000706000000, 0x0000000706200000, 0x0000000706200000|100%|HC|  |TAMS 0x0000000706200000, 0x0000000706000000| Complete 
|   2|0x0000000706200000, 0x0000000706400000, 0x0000000706400000|100%| O|  |TAMS 0x0000000706200000, 0x0000000706200000| Untracked 
|   3|0x0000000706400000, 0x0000000706600000, 0x0000000706600000|100%| O|  |TAMS 0x0000000706600000, 0x0000000706400000| Untracked 
|   4|0x0000000706600000, 0x0000000706800000, 0x0000000706800000|100%| O|  |TAMS 0x0000000706800000, 0x0000000706600000| Untracked 
|   5|0x0000000706800000, 0x0000000706a00000, 0x0000000706a00000|100%| O|  |TAMS 0x0000000706800000, 0x0000000706800000| Untracked 
|   6|0x0000000706a00000, 0x0000000706c00000, 0x0000000706c00000|100%| O|  |TAMS 0x0000000706c00000, 0x0000000706a00000| Untracked 
|   7|0x0000000706c00000, 0x0000000706e00000, 0x0000000706e00000|100%| O|  |TAMS 0x0000000706e00000, 0x0000000706c00000| Untracked 
|   8|0x0000000706e00000, 0x0000000707000000, 0x0000000707000000|100%| O|  |TAMS 0x0000000707000000, 0x0000000706e00000| Untracked 
|   9|0x0000000707000000, 0x0000000707200000, 0x0000000707200000|100%| O|  |TAMS 0x0000000707200000, 0x0000000707000000| Untracked 
|  10|0x0000000707200000, 0x0000000707400000, 0x0000000707400000|100%| O|  |TAMS 0x0000000707400000, 0x0000000707200000| Untracked 
|  11|0x0000000707400000, 0x0000000707600000, 0x0000000707600000|100%| O|  |TAMS 0x00000007074b7e00, 0x0000000707400000| Untracked 
|  12|0x0000000707600000, 0x0000000707800000, 0x0000000707800000|100%| O|  |TAMS 0x0000000707600000, 0x0000000707600000| Untracked 
|  13|0x0000000707800000, 0x0000000707a00000, 0x0000000707a00000|100%| O|  |TAMS 0x0000000707800000, 0x0000000707800000| Untracked 
|  14|0x0000000707a00000, 0x0000000707bf1600, 0x0000000707c00000| 97%| O|  |TAMS 0x0000000707a00000, 0x0000000707a00000| Untracked 
|  15|0x0000000707c00000, 0x0000000707e00000, 0x0000000707e00000|100%|HS|  |TAMS 0x0000000707c00000, 0x0000000707c00000| Complete 
|  16|0x0000000707e00000, 0x0000000708000000, 0x0000000708000000|100%| O|  |TAMS 0x0000000707e00000, 0x0000000707e00000| Untracked 
|  17|0x0000000708000000, 0x0000000708200000, 0x0000000708200000|100%| O|  |TAMS 0x0000000708000000, 0x0000000708000000| Untracked 
|  18|0x0000000708200000, 0x0000000708400000, 0x0000000708400000|100%| O|  |TAMS 0x0000000708200000, 0x0000000708200000| Untracked 
|  19|0x0000000708400000, 0x0000000708600000, 0x0000000708600000|100%| O|  |TAMS 0x0000000708400000, 0x0000000708400000| Untracked 
|  20|0x0000000708600000, 0x0000000708800000, 0x0000000708800000|100%| O|  |TAMS 0x0000000708600000, 0x0000000708600000| Untracked 
|  21|0x0000000708800000, 0x0000000708a00000, 0x0000000708a00000|100%| O|  |TAMS 0x0000000708800000, 0x0000000708800000| Untracked 
|  22|0x0000000708a00000, 0x0000000708c00000, 0x0000000708c00000|100%|HS|  |TAMS 0x0000000708a00000, 0x0000000708a00000| Complete 
|  23|0x0000000708c00000, 0x0000000708e00000, 0x0000000708e00000|100%| O|  |TAMS 0x0000000708c00000, 0x0000000708c00000| Untracked 
|  24|0x0000000708e00000, 0x0000000709000000, 0x0000000709000000|100%| O|  |TAMS 0x0000000708e00000, 0x0000000708e00000| Untracked 
|  25|0x0000000709000000, 0x00000007091b0400, 0x0000000709200000| 84%| O|  |TAMS 0x0000000709000000, 0x0000000709000000| Untracked 
|  26|0x0000000709200000, 0x0000000709200000, 0x0000000709400000|  0%| F|  |TAMS 0x0000000709200000, 0x0000000709200000| Untracked 
|  27|0x0000000709400000, 0x0000000709400000, 0x0000000709600000|  0%| F|  |TAMS 0x0000000709400000, 0x0000000709400000| Untracked 
|  28|0x0000000709600000, 0x0000000709600000, 0x0000000709800000|  0%| F|  |TAMS 0x0000000709600000, 0x0000000709600000| Untracked 
|  29|0x0000000709800000, 0x0000000709800000, 0x0000000709a00000|  0%| F|  |TAMS 0x0000000709800000, 0x0000000709800000| Untracked 
|  30|0x0000000709a00000, 0x0000000709a00000, 0x0000000709c00000|  0%| F|  |TAMS 0x0000000709a00000, 0x0000000709a00000| Untracked 
|  31|0x0000000709c00000, 0x0000000709c00000, 0x0000000709e00000|  0%| F|  |TAMS 0x0000000709c00000, 0x0000000709c00000| Untracked 
|  32|0x0000000709e00000, 0x0000000709e00000, 0x000000070a000000|  0%| F|  |TAMS 0x0000000709e00000, 0x0000000709e00000| Untracked 
|  33|0x000000070a000000, 0x000000070a000000, 0x000000070a200000|  0%| F|  |TAMS 0x000000070a000000, 0x000000070a000000| Untracked 
|  34|0x000000070a200000, 0x000000070a200000, 0x000000070a400000|  0%| F|  |TAMS 0x000000070a200000, 0x000000070a200000| Untracked 
|  35|0x000000070a400000, 0x000000070a400000, 0x000000070a600000|  0%| F|  |TAMS 0x000000070a400000, 0x000000070a400000| Untracked 
|  36|0x000000070a600000, 0x000000070a600000, 0x000000070a800000|  0%| F|  |TAMS 0x000000070a600000, 0x000000070a600000| Untracked 
|  37|0x000000070a800000, 0x000000070a800000, 0x000000070aa00000|  0%| F|  |TAMS 0x000000070a800000, 0x000000070a800000| Untracked 
|  38|0x000000070aa00000, 0x000000070aa00000, 0x000000070ac00000|  0%| F|  |TAMS 0x000000070aa00000, 0x000000070aa00000| Untracked 
|  39|0x000000070ac00000, 0x000000070ac00000, 0x000000070ae00000|  0%| F|  |TAMS 0x000000070ac00000, 0x000000070ac00000| Untracked 
|  40|0x000000070ae00000, 0x000000070ae00000, 0x000000070b000000|  0%| F|  |TAMS 0x000000070ae00000, 0x000000070ae00000| Untracked 
|  41|0x000000070b000000, 0x000000070b000000, 0x000000070b200000|  0%| F|  |TAMS 0x000000070b000000, 0x000000070b000000| Untracked 
|  42|0x000000070b200000, 0x000000070b200000, 0x000000070b400000|  0%| F|  |TAMS 0x000000070b200000, 0x000000070b200000| Untracked 
|  43|0x000000070b400000, 0x000000070b400000, 0x000000070b600000|  0%| F|  |TAMS 0x000000070b400000, 0x000000070b400000| Untracked 
|  44|0x000000070b600000, 0x000000070b600000, 0x000000070b800000|  0%| F|  |TAMS 0x000000070b600000, 0x000000070b600000| Untracked 
|  45|0x000000070b800000, 0x000000070b800000, 0x000000070ba00000|  0%| F|  |TAMS 0x000000070b800000, 0x000000070b800000| Untracked 
|  46|0x000000070ba00000, 0x000000070ba00000, 0x000000070bc00000|  0%| F|  |TAMS 0x000000070ba00000, 0x000000070ba00000| Untracked 
|  47|0x000000070bc00000, 0x000000070bc00000, 0x000000070be00000|  0%| F|  |TAMS 0x000000070bc00000, 0x000000070bc00000| Untracked 
|  48|0x000000070be00000, 0x000000070be00000, 0x000000070c000000|  0%| F|  |TAMS 0x000000070be00000, 0x000000070be00000| Untracked 
|  49|0x000000070c000000, 0x000000070c000000, 0x000000070c200000|  0%| F|  |TAMS 0x000000070c000000, 0x000000070c000000| Untracked 
|  50|0x000000070c200000, 0x000000070c200000, 0x000000070c400000|  0%| F|  |TAMS 0x000000070c200000, 0x000000070c200000| Untracked 
|  51|0x000000070c400000, 0x000000070c400000, 0x000000070c600000|  0%| F|  |TAMS 0x000000070c400000, 0x000000070c400000| Untracked 
|  52|0x000000070c600000, 0x000000070c800000, 0x000000070c800000|100%| S|CS|TAMS 0x000000070c600000, 0x000000070c600000| Complete 
|  53|0x000000070c800000, 0x000000070ca00000, 0x000000070ca00000|100%| S|CS|TAMS 0x000000070c800000, 0x000000070c800000| Complete 
|  54|0x000000070ca00000, 0x000000070cc00000, 0x000000070cc00000|100%| S|CS|TAMS 0x000000070ca00000, 0x000000070ca00000| Complete 
|  55|0x000000070cc00000, 0x000000070ce00000, 0x000000070ce00000|100%| S|CS|TAMS 0x000000070cc00000, 0x000000070cc00000| Complete 
|  56|0x000000070ce00000, 0x000000070d000000, 0x000000070d000000|100%| S|CS|TAMS 0x000000070ce00000, 0x000000070ce00000| Complete 
|  57|0x000000070d000000, 0x000000070d200000, 0x000000070d200000|100%| S|CS|TAMS 0x000000070d000000, 0x000000070d000000| Complete 
|  58|0x000000070d200000, 0x000000070d400000, 0x000000070d400000|100%| S|CS|TAMS 0x000000070d200000, 0x000000070d200000| Complete 
|  59|0x000000070d400000, 0x000000070d400000, 0x000000070d600000|  0%| F|  |TAMS 0x000000070d400000, 0x000000070d400000| Untracked 
|  60|0x000000070d600000, 0x000000070d600000, 0x000000070d800000|  0%| F|  |TAMS 0x000000070d600000, 0x000000070d600000| Untracked 
|  61|0x000000070d800000, 0x000000070d800000, 0x000000070da00000|  0%| F|  |TAMS 0x000000070d800000, 0x000000070d800000| Untracked 
|  62|0x000000070da00000, 0x000000070da00000, 0x000000070dc00000|  0%| F|  |TAMS 0x000000070da00000, 0x000000070da00000| Untracked 
|  63|0x000000070dc00000, 0x000000070dc00000, 0x000000070de00000|  0%| F|  |TAMS 0x000000070dc00000, 0x000000070dc00000| Untracked 
|  64|0x000000070de00000, 0x000000070de00000, 0x000000070e000000|  0%| F|  |TAMS 0x000000070de00000, 0x000000070de00000| Untracked 
|  65|0x000000070e000000, 0x000000070e000000, 0x000000070e200000|  0%| F|  |TAMS 0x000000070e000000, 0x000000070e000000| Untracked 
|  66|0x000000070e200000, 0x000000070e200000, 0x000000070e400000|  0%| F|  |TAMS 0x000000070e200000, 0x000000070e200000| Untracked 
|  67|0x000000070e400000, 0x000000070e400000, 0x000000070e600000|  0%| F|  |TAMS 0x000000070e400000, 0x000000070e400000| Untracked 
|  68|0x000000070e600000, 0x000000070e600000, 0x000000070e800000|  0%| F|  |TAMS 0x000000070e600000, 0x000000070e600000| Untracked 
|  69|0x000000070e800000, 0x000000070e800000, 0x000000070ea00000|  0%| F|  |TAMS 0x000000070e800000, 0x000000070e800000| Untracked 
|  70|0x000000070ea00000, 0x000000070ea00000, 0x000000070ec00000|  0%| F|  |TAMS 0x000000070ea00000, 0x000000070ea00000| Untracked 
|  71|0x000000070ec00000, 0x000000070ec00000, 0x000000070ee00000|  0%| F|  |TAMS 0x000000070ec00000, 0x000000070ec00000| Untracked 
|  72|0x000000070ee00000, 0x000000070ee00000, 0x000000070f000000|  0%| F|  |TAMS 0x000000070ee00000, 0x000000070ee00000| Untracked 
|  73|0x000000070f000000, 0x000000070f000000, 0x000000070f200000|  0%| F|  |TAMS 0x000000070f000000, 0x000000070f000000| Untracked 
|  74|0x000000070f200000, 0x000000070f300800, 0x000000070f400000| 50%| E|  |TAMS 0x000000070f200000, 0x000000070f200000| Complete 
|  75|0x000000070f400000, 0x000000070f600000, 0x000000070f600000|100%| E|CS|TAMS 0x000000070f400000, 0x000000070f400000| Complete 
|  76|0x000000070f600000, 0x000000070f800000, 0x000000070f800000|100%| E|CS|TAMS 0x000000070f600000, 0x000000070f600000| Complete 
|  77|0x000000070f800000, 0x000000070fa00000, 0x000000070fa00000|100%| E|CS|TAMS 0x000000070f800000, 0x000000070f800000| Complete 
|  78|0x000000070fa00000, 0x000000070fc00000, 0x000000070fc00000|100%| E|CS|TAMS 0x000000070fa00000, 0x000000070fa00000| Complete 
|  79|0x000000070fc00000, 0x000000070fe00000, 0x000000070fe00000|100%| E|CS|TAMS 0x000000070fc00000, 0x000000070fc00000| Complete 
|  80|0x000000070fe00000, 0x0000000710000000, 0x0000000710000000|100%| E|CS|TAMS 0x000000070fe00000, 0x000000070fe00000| Complete 
|  81|0x0000000710000000, 0x0000000710200000, 0x0000000710200000|100%| E|CS|TAMS 0x0000000710000000, 0x0000000710000000| Complete 
|  82|0x0000000710200000, 0x0000000710400000, 0x0000000710400000|100%| E|CS|TAMS 0x0000000710200000, 0x0000000710200000| Complete 
|  83|0x0000000710400000, 0x0000000710600000, 0x0000000710600000|100%| E|CS|TAMS 0x0000000710400000, 0x0000000710400000| Complete 
|  84|0x0000000710600000, 0x0000000710800000, 0x0000000710800000|100%| E|CS|TAMS 0x0000000710600000, 0x0000000710600000| Complete 
|  85|0x0000000710800000, 0x0000000710a00000, 0x0000000710a00000|100%| E|CS|TAMS 0x0000000710800000, 0x0000000710800000| Complete 
|  86|0x0000000710a00000, 0x0000000710c00000, 0x0000000710c00000|100%| E|CS|TAMS 0x0000000710a00000, 0x0000000710a00000| Complete 
|  87|0x0000000710c00000, 0x0000000710e00000, 0x0000000710e00000|100%| E|CS|TAMS 0x0000000710c00000, 0x0000000710c00000| Complete 
|  88|0x0000000710e00000, 0x0000000711000000, 0x0000000711000000|100%| E|CS|TAMS 0x0000000710e00000, 0x0000000710e00000| Complete 
|  89|0x0000000711000000, 0x0000000711200000, 0x0000000711200000|100%| E|CS|TAMS 0x0000000711000000, 0x0000000711000000| Complete 
|  90|0x0000000711200000, 0x0000000711400000, 0x0000000711400000|100%| E|CS|TAMS 0x0000000711200000, 0x0000000711200000| Complete 
|  91|0x0000000711400000, 0x0000000711600000, 0x0000000711600000|100%| E|CS|TAMS 0x0000000711400000, 0x0000000711400000| Complete 
|  92|0x0000000711600000, 0x0000000711800000, 0x0000000711800000|100%| E|CS|TAMS 0x0000000711600000, 0x0000000711600000| Complete 
|  93|0x0000000711800000, 0x0000000711a00000, 0x0000000711a00000|100%| E|CS|TAMS 0x0000000711800000, 0x0000000711800000| Complete 
|  94|0x0000000711a00000, 0x0000000711c00000, 0x0000000711c00000|100%| E|CS|TAMS 0x0000000711a00000, 0x0000000711a00000| Complete 
|  95|0x0000000711c00000, 0x0000000711e00000, 0x0000000711e00000|100%| E|CS|TAMS 0x0000000711c00000, 0x0000000711c00000| Complete 
|  96|0x0000000711e00000, 0x0000000712000000, 0x0000000712000000|100%| E|CS|TAMS 0x0000000711e00000, 0x0000000711e00000| Complete 
|  97|0x0000000712000000, 0x0000000712200000, 0x0000000712200000|100%| E|CS|TAMS 0x0000000712000000, 0x0000000712000000| Complete 
|  98|0x0000000712200000, 0x0000000712400000, 0x0000000712400000|100%| E|CS|TAMS 0x0000000712200000, 0x0000000712200000| Complete 
|  99|0x0000000712400000, 0x0000000712600000, 0x0000000712600000|100%| E|CS|TAMS 0x0000000712400000, 0x0000000712400000| Complete 
| 100|0x0000000712600000, 0x0000000712800000, 0x0000000712800000|100%| E|CS|TAMS 0x0000000712600000, 0x0000000712600000| Complete 
| 101|0x0000000712800000, 0x0000000712a00000, 0x0000000712a00000|100%| E|CS|TAMS 0x0000000712800000, 0x0000000712800000| Complete 
| 102|0x0000000712a00000, 0x0000000712c00000, 0x0000000712c00000|100%| E|CS|TAMS 0x0000000712a00000, 0x0000000712a00000| Complete 
| 103|0x0000000712c00000, 0x0000000712e00000, 0x0000000712e00000|100%| E|CS|TAMS 0x0000000712c00000, 0x0000000712c00000| Complete 
| 104|0x0000000712e00000, 0x0000000713000000, 0x0000000713000000|100%| E|CS|TAMS 0x0000000712e00000, 0x0000000712e00000| Complete 
| 105|0x0000000713000000, 0x0000000713200000, 0x0000000713200000|100%| E|CS|TAMS 0x0000000713000000, 0x0000000713000000| Complete 
| 125|0x0000000715800000, 0x0000000715a00000, 0x0000000715a00000|100%| E|CS|TAMS 0x0000000715800000, 0x0000000715800000| Complete 

Card table byte_map: [0x000001d4627f0000,0x000001d462fd0000] _byte_map_base: 0x000001d45efc1000

Marking Bits (Prev, Next): (CMBitMap*) 0x000001d44f0fb710, (CMBitMap*) 0x000001d44f0fb6d0
 Prev Bits: [0x000001d467640000, 0x000001d46b4c8000)
 Next Bits: [0x000001d4637b0000, 0x000001d467638000)

Polling page: 0x000001d44cf90000

Metaspace:

Usage:
  Non-class:     55.79 MB used.
      Class:      7.21 MB used.
       Both:     63.00 MB used.

Virtual space:
  Non-class space:       64.00 MB reserved,      55.94 MB ( 87%) committed,  1 nodes.
      Class space:        1.00 GB reserved,       7.38 MB ( <1%) committed,  1 nodes.
             Both:        1.06 GB reserved,      63.31 MB (  6%) committed. 

Chunk freelists:
   Non-Class:  7.59 MB
       Class:  8.66 MB
        Both:  16.25 MB

MaxMetaspaceSize: unlimited
CompressedClassSpaceSize: 1.00 GB
Initial GC threshold: 21.00 MB
Current GC threshold: 71.56 MB
CDS: off
MetaspaceReclaimPolicy: balanced
 - commit_granule_bytes: 65536.
 - commit_granule_words: 8192.
 - virtual_space_node_default_size: 8388608.
 - enlarge_chunks_in_place: 1.
 - new_chunks_are_fully_committed: 0.
 - uncommit_free_chunks: 1.
 - use_allocation_guard: 0.
 - handle_deallocations: 1.


Internal statistics:

num_allocs_failed_limit: 6.
num_arena_births: 374.
num_arena_deaths: 0.
num_vsnodes_births: 2.
num_vsnodes_deaths: 0.
num_space_committed: 1011.
num_space_uncommitted: 0.
num_chunks_returned_to_freelist: 6.
num_chunks_taken_from_freelist: 2527.
num_chunk_merges: 6.
num_chunk_splits: 1944.
num_chunks_enlarged: 1636.
num_inconsistent_stats: 0.

CodeHeap 'non-profiled nmethods': size=119168Kb used=5869Kb max_used=5869Kb free=113298Kb
 bounds [0x000001d45a100000, 0x000001d45a6c0000, 0x000001d461560000]
CodeHeap 'profiled nmethods': size=119104Kb used=31825Kb max_used=31825Kb free=87278Kb
 bounds [0x000001d452560000, 0x000001d454480000, 0x000001d4599b0000]
CodeHeap 'non-nmethods': size=7488Kb used=3002Kb max_used=3084Kb free=4485Kb
 bounds [0x000001d4599b0000, 0x000001d459cc0000, 0x000001d45a100000]
 total_blobs=10628 nmethods=10008 adapters=526
 compilation: enabled
              stopped_count=0, restarted_count=0
 full_count=0

Compilation events (20 events):
Event: 5.316 Thread 0x000001d46eb35df0 11519       3       org.jetbrains.kotlin.types.AbstractTypeApproximator::isApproximateDirectionToSuper (89 bytes)
Event: 5.316 Thread 0x000001d46e9cf420 11520       3       org.jetbrains.kotlin.resolve.scopes.LexicalWritableScope::checkMayWrite (35 bytes)
Event: 5.316 Thread 0x000001d46eb31580 11521       3       org.jetbrains.kotlin.resolve.scopes.LexicalWritableScope::addVariableDescriptor (19 bytes)
Event: 5.317 Thread 0x000001d46eb35df0 nmethod 11519 0x000001d454464690 code [0x000001d454464900, 0x000001d4544652a8]
Event: 5.317 Thread 0x000001d46e9cf420 nmethod 11520 0x000001d454465690 code [0x000001d4544658e0, 0x000001d454466178]
Event: 5.317 Thread 0x000001d46eb31580 nmethod 11521 0x000001d454466490 code [0x000001d454466760, 0x000001d454467498]
Event: 5.317 Thread 0x000001d46eb31580 11523       3       org.jetbrains.kotlin.descriptors.impl.ModuleAwareClassDescriptorKt::getRefinedUnsubstitutedMemberScopeIfPossible (21 bytes)
Event: 5.318 Thread 0x000001d46eb31580 nmethod 11523 0x000001d454467990 code [0x000001d454467c20, 0x000001d454468688]
Event: 5.319 Thread 0x000001d473ec0fa0 nmethod 11449 0x000001d45a6b9590 code [0x000001d45a6b9800, 0x000001d45a6ba050]
Event: 5.319 Thread 0x000001d473ec0fa0 11524       4       org.jetbrains.kotlin.resolve.OverridingUtil::generateOverridesInFunctionGroup (123 bytes)
Event: 5.320 Thread 0x000001d46e9cf420 11525       3       org.jetbrains.kotlin.com.intellij.psi.util.PsiTreeUtil::nextLeaf (59 bytes)
Event: 5.320 Thread 0x000001d46e9cf420 nmethod 11525 0x000001d454468a90 code [0x000001d454468ca0, 0x000001d454469388]
Event: 5.320 Thread 0x000001d46e9cf420 11526       1       org.jetbrains.kotlin.incremental.KotlinLookupLocation::getElement (5 bytes)
Event: 5.321 Thread 0x000001d46e9cf420 nmethod 11526 0x000001d45a6bab90 code [0x000001d45a6bad20, 0x000001d45a6badf8]
Event: 5.321 Thread 0x000001d46eb31580 11527       1       org.jetbrains.kotlin.resolve.constants.IntegerLiteralTypeConstructor::getDeclarationDescriptor (2 bytes)
Event: 5.321 Thread 0x000001d46eb31580 nmethod 11527 0x000001d45a6bae90 code [0x000001d45a6bb020, 0x000001d45a6bb0f8]
Event: 5.321 Thread 0x000001d4733e5890 11528       3       org.jetbrains.kotlin.serialization.deserialization.descriptors.DeserializedClassDescriptor::isDefinitelyNotSamInterface (13 bytes)
Event: 5.321 Thread 0x000001d46e9cf420 11529       1       org.jetbrains.kotlin.descriptors.impl.FunctionDescriptorImpl::isExpect (5 bytes)
Event: 5.322 Thread 0x000001d46e9cf420 nmethod 11529 0x000001d45a6bb190 code [0x000001d45a6bb320, 0x000001d45a6bb3f8]
Event: 5.322 Thread 0x000001d4733e5890 nmethod 11528 0x000001d454469510 code [0x000001d454469700, 0x000001d454469b58]

GC Heap History (20 events):
Event: 0.789 GC heap before
{Heap before GC invocations=4 (full 0):
 garbage-first heap   total 40960K, used 28300K [0x0000000705e00000, 0x0000000800000000)
  region size 2048K, 11 young (22528K), 4 survivors (8192K)
 Metaspace       used 25548K, committed 25792K, reserved 1114112K
  class space    used 3118K, committed 3200K, reserved 1048576K
}
Event: 0.794 GC heap after
{Heap after GC invocations=5 (full 0):
 garbage-first heap   total 40960K, used 15430K [0x0000000705e00000, 0x0000000800000000)
  region size 2048K, 2 young (4096K), 2 survivors (4096K)
 Metaspace       used 25548K, committed 25792K, reserved 1114112K
  class space    used 3118K, committed 3200K, reserved 1048576K
}
Event: 0.819 GC heap before
{Heap before GC invocations=5 (full 0):
 garbage-first heap   total 40960K, used 29766K [0x0000000705e00000, 0x0000000800000000)
  region size 2048K, 8 young (16384K), 2 survivors (4096K)
 Metaspace       used 25562K, committed 25792K, reserved 1114112K
  class space    used 3118K, committed 3200K, reserved 1048576K
}
Event: 0.824 GC heap after
{Heap after GC invocations=6 (full 0):
 garbage-first heap   total 40960K, used 20876K [0x0000000705e00000, 0x0000000800000000)
  region size 2048K, 1 young (2048K), 1 survivors (2048K)
 Metaspace       used 25562K, committed 25792K, reserved 1114112K
  class space    used 3118K, committed 3200K, reserved 1048576K
}
Event: 0.844 GC heap before
{Heap before GC invocations=6 (full 0):
 garbage-first heap   total 40960K, used 27020K [0x0000000705e00000, 0x0000000800000000)
  region size 2048K, 4 young (8192K), 1 survivors (2048K)
 Metaspace       used 25998K, committed 26240K, reserved 1114112K
  class space    used 3180K, committed 3328K, reserved 1048576K
}
Event: 0.848 GC heap after
{Heap after GC invocations=7 (full 0):
 garbage-first heap   total 40960K, used 23505K [0x0000000705e00000, 0x0000000800000000)
  region size 2048K, 1 young (2048K), 1 survivors (2048K)
 Metaspace       used 25998K, committed 26240K, reserved 1114112K
  class space    used 3180K, committed 3328K, reserved 1048576K
}
Event: 0.930 GC heap before
{Heap before GC invocations=8 (full 0):
 garbage-first heap   total 45056K, used 29649K [0x0000000705e00000, 0x0000000800000000)
  region size 2048K, 4 young (8192K), 1 survivors (2048K)
 Metaspace       used 27653K, committed 27904K, reserved 1114112K
  class space    used 3574K, committed 3712K, reserved 1048576K
}
Event: 0.932 GC heap after
{Heap after GC invocations=9 (full 0):
 garbage-first heap   total 151552K, used 24006K [0x0000000705e00000, 0x0000000800000000)
  region size 2048K, 1 young (2048K), 1 survivors (2048K)
 Metaspace       used 27653K, committed 27904K, reserved 1114112K
  class space    used 3574K, committed 3712K, reserved 1048576K
}
Event: 1.589 GC heap before
{Heap before GC invocations=9 (full 0):
 garbage-first heap   total 151552K, used 97734K [0x0000000705e00000, 0x0000000800000000)
  region size 2048K, 36 young (73728K), 1 survivors (2048K)
 Metaspace       used 40552K, committed 40768K, reserved 1114112K
  class space    used 4847K, committed 4928K, reserved 1048576K
}
Event: 1.595 GC heap after
{Heap after GC invocations=10 (full 0):
 garbage-first heap   total 151552K, used 30534K [0x0000000705e00000, 0x0000000800000000)
  region size 2048K, 5 young (10240K), 5 survivors (10240K)
 Metaspace       used 40552K, committed 40768K, reserved 1114112K
  class space    used 4847K, committed 4928K, reserved 1048576K
}
Event: 1.859 GC heap before
{Heap before GC invocations=10 (full 0):
 garbage-first heap   total 151552K, used 46918K [0x0000000705e00000, 0x0000000800000000)
  region size 2048K, 14 young (28672K), 5 survivors (10240K)
 Metaspace       used 43671K, committed 43840K, reserved 1114112K
  class space    used 5211K, committed 5312K, reserved 1048576K
}
Event: 1.864 GC heap after
{Heap after GC invocations=11 (full 0):
 garbage-first heap   total 151552K, used 34020K [0x0000000705e00000, 0x0000000800000000)
  region size 2048K, 2 young (4096K), 2 survivors (4096K)
 Metaspace       used 43671K, committed 43840K, reserved 1114112K
  class space    used 5211K, committed 5312K, reserved 1048576K
}
Event: 2.412 GC heap before
{Heap before GC invocations=12 (full 0):
 garbage-first heap   total 122880K, used 97508K [0x0000000705e00000, 0x0000000800000000)
  region size 2048K, 33 young (67584K), 2 survivors (4096K)
 Metaspace       used 49926K, committed 50240K, reserved 1114112K
  class space    used 5973K, committed 6144K, reserved 1048576K
}
Event: 2.420 GC heap after
{Heap after GC invocations=13 (full 0):
 garbage-first heap   total 122880K, used 41915K [0x0000000705e00000, 0x0000000800000000)
  region size 2048K, 5 young (10240K), 5 survivors (10240K)
 Metaspace       used 49926K, committed 50240K, reserved 1114112K
  class space    used 5973K, committed 6144K, reserved 1048576K
}
Event: 2.457 GC heap before
{Heap before GC invocations=13 (full 0):
 garbage-first heap   total 122880K, used 43963K [0x0000000705e00000, 0x0000000800000000)
  region size 2048K, 6 young (12288K), 5 survivors (10240K)
 Metaspace       used 50128K, committed 50432K, reserved 1114112K
  class space    used 5982K, committed 6144K, reserved 1048576K
}
Event: 2.467 GC heap after
{Heap after GC invocations=14 (full 0):
 garbage-first heap   total 122880K, used 42066K [0x0000000705e00000, 0x0000000800000000)
  region size 2048K, 1 young (2048K), 1 survivors (2048K)
 Metaspace       used 50128K, committed 50432K, reserved 1114112K
  class space    used 5982K, committed 6144K, reserved 1048576K
}
Event: 2.782 GC heap before
{Heap before GC invocations=14 (full 0):
 garbage-first heap   total 122880K, used 87122K [0x0000000705e00000, 0x0000000800000000)
  region size 2048K, 23 young (47104K), 1 survivors (2048K)
 Metaspace       used 51573K, committed 51904K, reserved 1114112K
  class space    used 6114K, committed 6272K, reserved 1048576K
}
Event: 2.792 GC heap after
{Heap after GC invocations=15 (full 0):
 garbage-first heap   total 219136K, used 51141K [0x0000000705e00000, 0x0000000800000000)
  region size 2048K, 3 young (6144K), 3 survivors (6144K)
 Metaspace       used 51573K, committed 51904K, reserved 1114112K
  class space    used 6114K, committed 6272K, reserved 1048576K
}
Event: 4.530 GC heap before
{Heap before GC invocations=15 (full 0):
 garbage-first heap   total 219136K, used 151493K [0x0000000705e00000, 0x0000000800000000)
  region size 2048K, 51 young (104448K), 3 survivors (6144K)
 Metaspace       used 63005K, committed 63360K, reserved 1114112K
  class space    used 7318K, committed 7488K, reserved 1048576K
}
Event: 4.539 GC heap after
{Heap after GC invocations=16 (full 0):
 garbage-first heap   total 219136K, used 67206K [0x0000000705e00000, 0x0000000800000000)
  region size 2048K, 7 young (14336K), 7 survivors (14336K)
 Metaspace       used 63005K, committed 63360K, reserved 1114112K
  class space    used 7318K, committed 7488K, reserved 1048576K
}

Dll operation events (2 events):
Event: 0.003 Loaded shared library C:\Program Files\Android\Android Studio2\jbr\bin\java.dll
Event: 0.597 Loaded shared library C:\Program Files\Android\Android Studio2\jbr\bin\verify.dll

Deoptimization events (20 events):
Event: 5.228 Thread 0x000001d44f08e150 DEOPT PACKING pc=0x000001d45a682160 sp=0x0000003f926e9740
Event: 5.228 Thread 0x000001d44f08e150 DEOPT UNPACKING pc=0x000001d459a069a3 sp=0x0000003f926e95f0 mode 2
Event: 5.253 Thread 0x000001d44f08e150 DEOPT PACKING pc=0x000001d453e6a72c sp=0x0000003f926f6f90
Event: 5.253 Thread 0x000001d44f08e150 DEOPT UNPACKING pc=0x000001d459a07143 sp=0x0000003f926f6498 mode 0
Event: 5.268 Thread 0x000001d44f08e150 Uncommon trap: trap_request=0xffffffd6 fr.pc=0x000001d45a6a2064 relative=0x0000000000001184
Event: 5.268 Thread 0x000001d44f08e150 Uncommon trap: reason=array_check action=maybe_recompile pc=0x000001d45a6a2064 method=org.jetbrains.kotlin.com.intellij.extapi.psi.StubBasedPsiElementBase.getStubOrPsiChildren(Lorg/jetbrains/kotlin/com/intellij/psi/tree/TokenSet;Lorg/jetbrains/kotlin/com/
Event: 5.268 Thread 0x000001d44f08e150 DEOPT PACKING pc=0x000001d45a6a2064 sp=0x0000003f926fde90
Event: 5.268 Thread 0x000001d44f08e150 DEOPT UNPACKING pc=0x000001d459a069a3 sp=0x0000003f926fde78 mode 2
Event: 5.269 Thread 0x000001d44f08e150 Uncommon trap: trap_request=0xffffffd6 fr.pc=0x000001d45a6a2064 relative=0x0000000000001184
Event: 5.269 Thread 0x000001d44f08e150 Uncommon trap: reason=array_check action=maybe_recompile pc=0x000001d45a6a2064 method=org.jetbrains.kotlin.com.intellij.extapi.psi.StubBasedPsiElementBase.getStubOrPsiChildren(Lorg/jetbrains/kotlin/com/intellij/psi/tree/TokenSet;Lorg/jetbrains/kotlin/com/
Event: 5.269 Thread 0x000001d44f08e150 DEOPT PACKING pc=0x000001d45a6a2064 sp=0x0000003f926fddf0
Event: 5.269 Thread 0x000001d44f08e150 DEOPT UNPACKING pc=0x000001d459a069a3 sp=0x0000003f926fddd8 mode 2
Event: 5.270 Thread 0x000001d44f08e150 Uncommon trap: trap_request=0xffffffd6 fr.pc=0x000001d45a6a2064 relative=0x0000000000001184
Event: 5.270 Thread 0x000001d44f08e150 Uncommon trap: reason=array_check action=maybe_recompile pc=0x000001d45a6a2064 method=org.jetbrains.kotlin.com.intellij.extapi.psi.StubBasedPsiElementBase.getStubOrPsiChildren(Lorg/jetbrains/kotlin/com/intellij/psi/tree/TokenSet;Lorg/jetbrains/kotlin/com/
Event: 5.270 Thread 0x000001d44f08e150 DEOPT PACKING pc=0x000001d45a6a2064 sp=0x0000003f926fa9d0
Event: 5.270 Thread 0x000001d44f08e150 DEOPT UNPACKING pc=0x000001d459a069a3 sp=0x0000003f926fa9b8 mode 2
Event: 5.270 Thread 0x000001d44f08e150 Uncommon trap: trap_request=0xffffffd6 fr.pc=0x000001d45a6a2064 relative=0x0000000000001184
Event: 5.270 Thread 0x000001d44f08e150 Uncommon trap: reason=array_check action=maybe_recompile pc=0x000001d45a6a2064 method=org.jetbrains.kotlin.com.intellij.extapi.psi.StubBasedPsiElementBase.getStubOrPsiChildren(Lorg/jetbrains/kotlin/com/intellij/psi/tree/TokenSet;Lorg/jetbrains/kotlin/com/
Event: 5.270 Thread 0x000001d44f08e150 DEOPT PACKING pc=0x000001d45a6a2064 sp=0x0000003f926fa9d0
Event: 5.270 Thread 0x000001d44f08e150 DEOPT UNPACKING pc=0x000001d459a069a3 sp=0x0000003f926fa9b8 mode 2

Classes unloaded (0 events):
No events

Classes redefined (0 events):
No events

Internal exceptions (20 events):
Event: 2.331 Thread 0x000001d44f08e150 Exception <a 'java/lang/NoSuchMethodError'{0x0000000709800e60}: 'java.lang.Object java.lang.invoke.DirectMethodHandle$Holder.newInvokeSpecial(java.lang.Object, java.lang.Object, java.lang.Object, java.lang.Object, java.lang.Object, int, java.lang.Object)'> (0x0000000709800e60) 
thrown [s\src\hotspot\share\interpreter\linkResolver.cpp, line 771]
Event: 2.331 Thread 0x000001d44f08e150 Exception <a 'java/lang/NoSuchMethodError'{0x0000000709805da8}: 'java.lang.Object java.lang.invoke.DirectMethodHandle$Holder.invokeSpecial(java.lang.Object, java.lang.Object, java.lang.Object, java.lang.Object, java.lang.Object, java.lang.Object, int, java.lang.Object)'> (0x0000000709805da8) 
thrown [s\src\hotspot\share\interpreter\linkResolver.cpp, line 771]
Event: 2.331 Thread 0x000001d44f08e150 Exception <a 'java/lang/NoSuchMethodError'{0x000000070980a678}: 'java.lang.Object java.lang.invoke.Invokers$Holder.linkToTargetMethod(java.lang.Object, java.lang.Object, java.lang.Object, java.lang.Object, int, java.lang.Object, java.lang.Object)'> (0x000000070980a678) 
thrown [s\src\hotspot\share\interpreter\linkResolver.cpp, line 771]
Event: 2.578 Thread 0x000001d44f08e150 Exception <a 'java/lang/NoSuchMethodError'{0x000000070c29f0c8}: 'java.lang.Object java.lang.invoke.DirectMethodHandle$Holder.invokeStatic(java.lang.Object, java.lang.Object, int, java.lang.Object)'> (0x000000070c29f0c8) 
thrown [s\src\hotspot\share\interpreter\linkResolver.cpp, line 771]
Event: 2.579 Thread 0x000001d44f08e150 Exception <a 'java/lang/NoSuchMethodError'{0x000000070c2a6ef0}: 'java.lang.Object java.lang.invoke.DirectMethodHandle$Holder.newInvokeSpecial(java.lang.Object, java.lang.Object, int, java.lang.Object)'> (0x000000070c2a6ef0) 
thrown [s\src\hotspot\share\interpreter\linkResolver.cpp, line 771]
Event: 2.579 Thread 0x000001d44f08e150 Exception <a 'java/lang/NoSuchMethodError'{0x000000070c2ab2a0}: 'java.lang.Object java.lang.invoke.DirectMethodHandle$Holder.invokeSpecial(java.lang.Object, java.lang.Object, java.lang.Object, int, java.lang.Object)'> (0x000000070c2ab2a0) 
thrown [s\src\hotspot\share\interpreter\linkResolver.cpp, line 771]
Event: 2.794 Thread 0x000001d44f08e150 Exception <a 'java/lang/NoSuchMethodError'{0x00000007158092a8}: 'java.lang.Object java.lang.invoke.DirectMethodHandle$Holder.invokeStaticInit(java.lang.Object, java.lang.Object, java.lang.Object, java.lang.Object)'> (0x00000007158092a8) 
thrown [s\src\hotspot\share\interpreter\linkResolver.cpp, line 771]
Event: 2.891 Thread 0x000001d44f08e150 Exception <a 'java/lang/NoSuchMethodError'{0x0000000712f3e2c8}: 'java.lang.Object java.lang.invoke.DirectMethodHandle$Holder.invokeStatic(java.lang.Object, java.lang.Object, java.lang.Object, java.lang.Object, int)'> (0x0000000712f3e2c8) 
thrown [s\src\hotspot\share\interpreter\linkResolver.cpp, line 771]
Event: 2.983 Thread 0x000001d44f08e150 Exception <a 'java/lang/NoSuchMethodError'{0x0000000712861538}: 'void java.lang.invoke.DirectMethodHandle$Holder.invokeInterface(java.lang.Object, java.lang.Object)'> (0x0000000712861538) 
thrown [s\src\hotspot\share\interpreter\linkResolver.cpp, line 771]
Event: 3.067 Thread 0x000001d44f08e150 Exception <a 'java/lang/NoSuchMethodError'{0x00000007127c41f0}: 'void java.lang.invoke.DirectMethodHandle$Holder.invokeSpecial(java.lang.Object, java.lang.Object, int, java.lang.Object)'> (0x00000007127c41f0) 
thrown [s\src\hotspot\share\interpreter\linkResolver.cpp, line 771]
Event: 3.169 Thread 0x000001d44f08e150 Exception <a 'java/lang/IncompatibleClassChangeError'{0x00000007121a4ba8}: Found class java.lang.Object, but interface was expected> (0x00000007121a4ba8) 
thrown [s\src\hotspot\share\interpreter\linkResolver.cpp, line 838]
Event: 3.479 Thread 0x000001d44f08e150 Exception <a 'java/lang/NoSuchMethodError'{0x0000000711706f68}: 'java.lang.Object java.lang.invoke.DirectMethodHandle$Holder.invokeInterface(java.lang.Object, java.lang.Object, java.lang.Object)'> (0x0000000711706f68) 
thrown [s\src\hotspot\share\interpreter\linkResolver.cpp, line 771]
Event: 3.479 Thread 0x000001d44f08e150 Exception <a 'java/lang/IncompatibleClassChangeError'{0x000000071170a8d8}: Found class java.lang.Object, but interface was expected> (0x000000071170a8d8) 
thrown [s\src\hotspot\share\interpreter\linkResolver.cpp, line 838]
Event: 3.807 Thread 0x000001d44f08e150 Exception <a 'java/lang/NoSuchMethodError'{0x0000000710330898}: 'int java.lang.invoke.DirectMethodHandle$Holder.invokeStaticInit(java.lang.Object, int)'> (0x0000000710330898) 
thrown [s\src\hotspot\share\interpreter\linkResolver.cpp, line 771]
Event: 3.869 Thread 0x000001d44f08e150 Exception <a 'java/lang/NoSuchMethodError'{0x000000070ffb0840}: 'int java.lang.invoke.DirectMethodHandle$Holder.invokeInterface(java.lang.Object, java.lang.Object)'> (0x000000070ffb0840) 
thrown [s\src\hotspot\share\interpreter\linkResolver.cpp, line 771]
Event: 3.874 Thread 0x000001d44f08e150 Exception <a 'java/lang/NoSuchMethodError'{0x000000070ffe5638}: 'java.lang.Object java.lang.invoke.DirectMethodHandle$Holder.invokeStatic(java.lang.Object, int, java.lang.Object, java.lang.Object)'> (0x000000070ffe5638) 
thrown [s\src\hotspot\share\interpreter\linkResolver.cpp, line 771]
Event: 3.874 Thread 0x000001d44f08e150 Exception <a 'java/lang/NoSuchMethodError'{0x000000070ffed798}: 'java.lang.Object java.lang.invoke.DirectMethodHandle$Holder.newInvokeSpecial(java.lang.Object, int, java.lang.Object)'> (0x000000070ffed798) 
thrown [s\src\hotspot\share\interpreter\linkResolver.cpp, line 771]
Event: 4.191 Thread 0x000001d44f08e150 Exception <a 'java/lang/NoSuchMethodError'{0x000000070eaccd40}: 'java.lang.Object java.lang.invoke.DirectMethodHandle$Holder.newInvokeSpecial(java.lang.Object, int, java.lang.Object, java.lang.Object)'> (0x000000070eaccd40) 
thrown [s\src\hotspot\share\interpreter\linkResolver.cpp, line 771]
Event: 4.701 Thread 0x000001d44f08e150 Exception <a 'java/lang/NoSuchMethodError'{0x0000000711b870e0}: 'java.lang.Object java.lang.invoke.DirectMethodHandle$Holder.newInvokeSpecial(java.lang.Object, java.lang.Object, java.lang.Object, java.lang.Object, java.lang.Object, java.lang.Object, java.lang.Object, java.lang.Object, int)'> (0x0000000711b870e0) 
thrown [s\src\hotspot\share\interpreter\linkResolver.cpp, line 771]
Event: 4.701 Thread 0x000001d44f08e150 Exception <a 'java/lang/NoSuchMethodError'{0x0000000711b90c48}: 'java.lang.Object java.lang.invoke.Invokers$Holder.linkToTargetMethod(java.lang.Object, java.lang.Object, java.lang.Object, java.lang.Object, java.lang.Object, java.lang.Object, java.lang.Object, int, java.lang.Object)'> (0x0000000711b90c48) 
thrown [s\src\hotspot\share\interpreter\linkResolver.cpp, line 771]

VM Operations (20 events):
Event: 4.785 Executing VM operation: ICBufferFull
Event: 4.785 Executing VM operation: ICBufferFull done
Event: 4.889 Executing VM operation: ICBufferFull
Event: 4.889 Executing VM operation: ICBufferFull done
Event: 4.943 Executing VM operation: ICBufferFull
Event: 4.943 Executing VM operation: ICBufferFull done
Event: 5.026 Executing VM operation: ICBufferFull
Event: 5.026 Executing VM operation: ICBufferFull done
Event: 5.115 Executing VM operation: ICBufferFull
Event: 5.115 Executing VM operation: ICBufferFull done
Event: 5.200 Executing VM operation: HandshakeAllThreads
Event: 5.200 Executing VM operation: HandshakeAllThreads done
Event: 5.200 Executing VM operation: HandshakeAllThreads
Event: 5.200 Executing VM operation: HandshakeAllThreads done
Event: 5.215 Executing VM operation: ICBufferFull
Event: 5.216 Executing VM operation: ICBufferFull done
Event: 5.219 Executing VM operation: HandshakeAllThreads
Event: 5.219 Executing VM operation: HandshakeAllThreads done
Event: 5.282 Executing VM operation: ICBufferFull
Event: 5.282 Executing VM operation: ICBufferFull done

Events (20 events):
Event: 4.495 Thread 0x000001d46e9d3320 flushing nmethod 0x000001d4536f5c90
Event: 4.495 Thread 0x000001d46e9d3320 flushing nmethod 0x000001d45373a410
Event: 4.495 Thread 0x000001d46e9d3320 flushing nmethod 0x000001d453776410
Event: 4.495 Thread 0x000001d46e9d3320 flushing nmethod 0x000001d4537abf90
Event: 4.495 Thread 0x000001d46e9d3320 flushing nmethod 0x000001d453836910
Event: 4.495 Thread 0x000001d46e9d3320 flushing nmethod 0x000001d45383d190
Event: 4.495 Thread 0x000001d46e9d3320 flushing nmethod 0x000001d45385c990
Event: 4.496 Thread 0x000001d46e9d3320 flushing nmethod 0x000001d4538ae310
Event: 4.496 Thread 0x000001d46e9d3320 flushing nmethod 0x000001d4538b0490
Event: 4.496 Thread 0x000001d46e9d3320 flushing nmethod 0x000001d4539c9410
Event: 4.496 Thread 0x000001d46e9d3320 flushing nmethod 0x000001d453a49c90
Event: 4.497 Thread 0x000001d46e9d3320 flushing nmethod 0x000001d453b21390
Event: 4.497 Thread 0x000001d46e9d3320 flushing nmethod 0x000001d453b22c10
Event: 5.204 Thread 0x000001d46e9d3320 flushing nmethod 0x000001d45264fa10
Event: 5.205 Thread 0x000001d46e9d3320 flushing nmethod 0x000001d452983f90
Event: 5.206 Thread 0x000001d46e9d3320 flushing nmethod 0x000001d452b52190
Event: 5.207 Thread 0x000001d46e9d3320 flushing nmethod 0x000001d452d34390
Event: 5.210 Thread 0x000001d46e9d3320 flushing nmethod 0x000001d453200810
Event: 5.224 loading class java/util/Collections$CopiesList
Event: 5.225 loading class java/util/Collections$CopiesList done


Dynamic libraries:
0x00007ff7fa690000 - 0x00007ff7fa69a000 	C:\Program Files\Android\Android Studio2\jbr\bin\java.exe
0x00007ff9e78f0000 - 0x00007ff9e7b07000 	C:\WINDOWS\SYSTEM32\ntdll.dll
0x00007ff9e68f0000 - 0x00007ff9e69b4000 	C:\WINDOWS\System32\KERNEL32.DLL
0x00007ff9e4e00000 - 0x00007ff9e51b9000 	C:\WINDOWS\System32\KERNELBASE.dll
0x00007ff9e4ce0000 - 0x00007ff9e4df1000 	C:\WINDOWS\System32\ucrtbase.dll
0x00007ff9a82a0000 - 0x00007ff9a82b7000 	C:\Program Files\Android\Android Studio2\jbr\bin\jli.dll
0x00007ff9dcd50000 - 0x00007ff9dcd6b000 	C:\Program Files\Android\Android Studio2\jbr\bin\VCRUNTIME140.dll
0x00007ff9e74f0000 - 0x00007ff9e769e000 	C:\WINDOWS\System32\USER32.dll
0x00007ff9e4bf0000 - 0x00007ff9e4c16000 	C:\WINDOWS\System32\win32u.dll
0x00007ff9ce100000 - 0x00007ff9ce392000 	C:\WINDOWS\WinSxS\amd64_microsoft.windows.common-controls_6595b64144ccf1df_6.0.22621.4391_none_2715d37f73803e96\COMCTL32.dll
0x00007ff9e68c0000 - 0x00007ff9e68e9000 	C:\WINDOWS\System32\GDI32.dll
0x00007ff9e6a90000 - 0x00007ff9e6b37000 	C:\WINDOWS\System32\msvcrt.dll
0x00007ff9e51c0000 - 0x00007ff9e52db000 	C:\WINDOWS\System32\gdi32full.dll
0x00007ff9e54d0000 - 0x00007ff9e556a000 	C:\WINDOWS\System32\msvcp_win.dll
0x00007ff9e72c0000 - 0x00007ff9e72f1000 	C:\WINDOWS\System32\IMM32.DLL
0x00007ff9df8d0000 - 0x00007ff9df8dc000 	C:\Program Files\Android\Android Studio2\jbr\bin\vcruntime140_1.dll
0x00007ff9ccdd0000 - 0x00007ff9cce5d000 	C:\Program Files\Android\Android Studio2\jbr\bin\msvcp140.dll
0x00007ff97c740000 - 0x00007ff97d3c3000 	C:\Program Files\Android\Android Studio2\jbr\bin\server\jvm.dll
0x00007ff9e69c0000 - 0x00007ff9e6a72000 	C:\WINDOWS\System32\ADVAPI32.dll
0x00007ff9e6ba0000 - 0x00007ff9e6c47000 	C:\WINDOWS\System32\sechost.dll
0x00007ff9e5570000 - 0x00007ff9e5598000 	C:\WINDOWS\System32\bcrypt.dll
0x00007ff9e7700000 - 0x00007ff9e7814000 	C:\WINDOWS\System32\RPCRT4.dll
0x00007ff9c5db0000 - 0x00007ff9c5db9000 	C:\WINDOWS\SYSTEM32\WSOCK32.dll
0x00007ff9e73e0000 - 0x00007ff9e7451000 	C:\WINDOWS\System32\WS2_32.dll
0x00007ff9de8b0000 - 0x00007ff9de8e4000 	C:\WINDOWS\SYSTEM32\WINMM.dll
0x00007ff9e3a40000 - 0x00007ff9e3a8d000 	C:\WINDOWS\SYSTEM32\POWRPROF.dll
0x00007ff9db3e0000 - 0x00007ff9db3ea000 	C:\WINDOWS\SYSTEM32\VERSION.dll
0x00007ff9e3a20000 - 0x00007ff9e3a33000 	C:\WINDOWS\SYSTEM32\UMPDC.dll
0x00007ff9e3ce0000 - 0x00007ff9e3cf8000 	C:\WINDOWS\SYSTEM32\kernel.appcore.dll
0x00007ff9dfb90000 - 0x00007ff9dfb9a000 	C:\Program Files\Android\Android Studio2\jbr\bin\jimage.dll
0x00007ff9e2430000 - 0x00007ff9e2662000 	C:\WINDOWS\SYSTEM32\DBGHELP.DLL
0x00007ff9e6e30000 - 0x00007ff9e71bf000 	C:\WINDOWS\System32\combase.dll
0x00007ff9e7300000 - 0x00007ff9e73d7000 	C:\WINDOWS\System32\OLEAUT32.dll
0x00007ff9d8cb0000 - 0x00007ff9d8ce2000 	C:\WINDOWS\SYSTEM32\dbgcore.DLL
0x00007ff9e52e0000 - 0x00007ff9e535b000 	C:\WINDOWS\System32\bcryptPrimitives.dll
0x00007ff9df250000 - 0x00007ff9df275000 	C:\Program Files\Android\Android Studio2\jbr\bin\java.dll
0x00007ff9dfb50000 - 0x00007ff9dfb68000 	C:\Program Files\Android\Android Studio2\jbr\bin\zip.dll
0x00007ff9e5610000 - 0x00007ff9e5e86000 	C:\WINDOWS\System32\SHELL32.dll
0x00007ff9e2af0000 - 0x00007ff9e33f3000 	C:\WINDOWS\SYSTEM32\windows.storage.dll
0x00007ff9e29b0000 - 0x00007ff9e2aef000 	C:\WINDOWS\SYSTEM32\wintypes.dll
0x00007ff9e5f20000 - 0x00007ff9e6019000 	C:\WINDOWS\System32\SHCORE.dll
0x00007ff9e6c50000 - 0x00007ff9e6cae000 	C:\WINDOWS\System32\shlwapi.dll
0x00007ff9e4b20000 - 0x00007ff9e4b4b000 	C:\WINDOWS\SYSTEM32\profapi.dll
0x00007ff9df8e0000 - 0x00007ff9df8f9000 	C:\Program Files\Android\Android Studio2\jbr\bin\net.dll
0x00007ff9e05e0000 - 0x00007ff9e0716000 	C:\WINDOWS\SYSTEM32\WINHTTP.dll
0x00007ff9e4150000 - 0x00007ff9e41b9000 	C:\WINDOWS\system32\mswsock.dll
0x00007ff9de990000 - 0x00007ff9de9a6000 	C:\Program Files\Android\Android Studio2\jbr\bin\nio.dll
0x00007ff9c5dc0000 - 0x00007ff9c5dd0000 	C:\Program Files\Android\Android Studio2\jbr\bin\verify.dll

dbghelp: loaded successfully - version: 4.0.5 - missing functions: none
symbol engine: initialized successfully - sym options: 0x614 - pdb path: .;C:\Program Files\Android\Android Studio2\jbr\bin;C:\WINDOWS\SYSTEM32;C:\WINDOWS\WinSxS\amd64_microsoft.windows.common-controls_6595b64144ccf1df_6.0.22621.4391_none_2715d37f73803e96;C:\Program Files\Android\Android Studio2\jbr\bin\server

VM Arguments:
java_command: org.jetbrains.kotlin.cli.jvm.K2JVMCompiler @C:\Users\Hashem Arenat\AndroidStudioProjects\ECommerce\app\build\20241114_1345590279131902705.compiler.options
java_class_path (initial): C:\Users\Hashem Arenat\.gradle\caches\modules-2\files-2.1\org.jetbrains.kotlin\kotlin-compiler-embeddable\2.0.0\1de310de3446414381282ffc46c3ed3919a4d1da\kotlin-compiler-embeddable-2.0.0.jar;C:\Users\Hashem Arenat\.gradle\caches\modules-2\files-2.1\org.jetbrains.kotlin\kotlin-stdlib\2.0.0\b48df2c4aede9586cc931ead433bc02d6fd7879e\kotlin-stdlib-2.0.0.jar;C:\Users\Hashem Arenat\.gradle\caches\modules-2\files-2.1\org.jetbrains.kotlin\kotlin-script-runtime\2.0.0\fdc27dd047d592fa41d2dfa21e7621287a361612\kotlin-script-runtime-2.0.0.jar;C:\Users\Hashem Arenat\.gradle\caches\modules-2\files-2.1\org.jetbrains.kotlin\kotlin-reflect\1.6.10\1cbe9c92c12a94eea200d23c2bbaedaf3daf5132\kotlin-reflect-1.6.10.jar;C:\Users\Hashem Arenat\.gradle\caches\modules-2\files-2.1\org.jetbrains.kotlin\kotlin-daemon-embeddable\2.0.0\b39c612768614c4428c96ee9c65477181fffe9d\kotlin-daemon-embeddable-2.0.0.jar;C:\Users\Hashem Arenat\.gradle\caches\modules-2\files-2.1\org.jetbrains.intellij.deps\trove4j\1.0.20200330\3afb14d5f9ceb459d724e907a21145e8ff394f02\trove4j-1.0.20200330.jar;C:\Users\Hashem Arenat\.gradle\caches\modules-2\files-2.1\org.jetbrains\annotations\13.0\919f0dfe192fb4e063e7dacadee7f8bb9a2672a9\annotations-13.0.jar
Launcher Type: SUN_STANDARD

[Global flags]
     intx CICompilerCount                          = 12                                        {product} {ergonomic}
     uint ConcGCThreads                            = 4                                         {product} {ergonomic}
     uint G1ConcRefinementThreads                  = 15                                        {product} {ergonomic}
   size_t G1HeapRegionSize                         = 2097152                                   {product} {ergonomic}
    uintx GCDrainStackTargetSize                   = 64                                        {product} {ergonomic}
   size_t InitialHeapSize                          = 264241152                                 {product} {ergonomic}
   size_t MarkStackSize                            = 4194304                                   {product} {ergonomic}
   size_t MaxHeapSize                              = 4196401152                                {product} {ergonomic}
   size_t MaxNewSize                               = 2516582400                                {product} {ergonomic}
   size_t MinHeapDeltaBytes                        = 2097152                                   {product} {ergonomic}
   size_t MinHeapSize                              = 8388608                                   {product} {ergonomic}
    uintx NonNMethodCodeHeapSize                   = 7602480                                {pd product} {ergonomic}
    uintx NonProfiledCodeHeapSize                  = 122027880                              {pd product} {ergonomic}
    uintx ProfiledCodeHeapSize                     = 122027880                              {pd product} {ergonomic}
    uintx ReservedCodeCacheSize                    = 251658240                              {pd product} {ergonomic}
     bool SegmentedCodeCache                       = true                                      {product} {ergonomic}
   size_t SoftMaxHeapSize                          = 4196401152                             {manageable} {ergonomic}
     bool UseCompressedClassPointers               = true                           {product lp64_product} {ergonomic}
     bool UseCompressedOops                        = true                           {product lp64_product} {ergonomic}
     bool UseG1GC                                  = true                                      {product} {ergonomic}
     bool UseLargePagesIndividualAllocation        = false                                  {pd product} {ergonomic}

Logging:
Log output configuration:
 #0: stdout all=warning uptime,level,tags
 #1: stderr all=off uptime,level,tags

Environment Variables:
JAVA_HOME=C:\Program Files\Java\jdk-21
PATH=D:\DevSuiteHome_1\jdk\jre\bin\classic;D:\DevSuiteHome_1\jdk\jre\bin;D:\DevSuiteHome_1\jdk\jre\bin\client;D:\DevSuiteHome_1\jlib;D:\DevSuiteHome_1\bin;D:\DevSuiteHome_1\jre\1.4.2\bin\client;D:\DevSuiteHome_1\jre\1.4.2\bin;C:\Program Files\Common Files\Oracle\Java\javapath;C:\WINDOWS\system32;C:\WINDOWS;C:\WINDOWS\System32\Wbem;C:\WINDOWS\System32\WindowsPowerShell\v1.0\;C:\WINDOWS\System32\OpenSSH\;C:\MinGW\bin;C:\Program Files\Java\jdk-21\bin;C:\Program Files\nodejs;C:\Program Files\nodejs\node_modules\npm\bin;C:\Program Files\Git\cmd;C:\Program Files\dotnet\;C:\Users\Hashem Arenat\AppData\Local\Microsoft\WindowsApps;C:\AppServ\Apache24\bin;C:\AppServ\php7;C:\AppServ\MySQL\bin;C:\Program Files\Java\jdk-21\bin;C:\scrcpy-win64-v2.2;C:\dart-sdk\bin;C:\Users\Hashem Arenat\AppData\Local\Programs\Microsoft VS Code\bin;C:\flutter\bin;C:\Users\Hashem Arenat\Desktop\cmder\bin;C:\Users\Hashem Arenat\AppData\Roaming\npm;;C:\Program Files\JetBrains\IntelliJ IDEA Community Edition 2024.1.2\bin;;C:\Program Files\JetBrains\IntelliJ IDEA 2024.1.2\bin;
USERNAME=Hashem 1
OS=Windows_NT
PROCESSOR_IDENTIFIER=Intel64 Family 6 Model 154 Stepping 3, GenuineIntel
TMP=C:\Users\HASHEM~1\AppData\Local\Temp
TEMP=C:\Users\HASHEM~1\AppData\Local\Temp



Periodic native trim disabled

JNI global refs:
JNI global refs: 24, weak refs: 8

JNI global refs memory usage: 843, weak refs: 841

OOME stack traces (most recent first):
Classloader memory used:
Loader jdk.internal.loader.ClassLoaders$AppClassLoader                                 : 6532K
Loader bootstrap                                                                       : 1433K
Loader java.net.URLClassLoader                                                         : 80035B
Loader jdk.internal.reflect.DelegatingClassLoader                                      : 18026B
Loader jdk.internal.loader.ClassLoaders$PlatformClassLoader                            : 2276B


---------------  S Y S T E M  ---------------

OS:
 Windows 11 , 64 bit Build 22621 (10.0.22621.4391)
OS uptime: 0 days 8:54 hours
Hyper-V role detected

CPU: total 20 (initial active 20) (10 cores per cpu, 2 threads per core) family 6 model 154 stepping 3 microcode 0x429, cx8, cmov, fxsr, ht, mmx, 3dnowpref, sse, sse2, sse3, ssse3, sse4.1, sse4.2, popcnt, lzcnt, tsc, tscinvbit, avx, avx2, aes, erms, clmul, bmi1, bmi2, adx, sha, fma, vzeroupper, clflush, clflushopt, clwb, hv
Processor Information for all 20 processors :
  Max Mhz: 2300, Current Mhz: 2300, Mhz Limit: 2300

Memory: 4k page, system-wide physical 16004M (845M free)
TotalPageFile size 18052M (AvailPageFile size 4M)
current process WorkingSet (physical memory assigned to process): 445M, peak: 447M
current process commit charge ("private bytes"): 507M, peak: 509M

vm_info: OpenJDK 64-Bit Server VM (17.0.10+0--11609105) for windows-amd64 JRE (17.0.10+0--11609105), built on Mar 21 2024 19:10:56 by "androidbuild" with MS VC++ 16.10 / 16.11 (VS2019)

END.
